Microchip MPLAB XC8 Compiler V3.00

Linker command line:

-W-3 \
  --edf=/root/.mchp_packs/Microchip/PIC18F-Q_DFP/1.28.451/xc8/pic/dat/20250324195656_en.msgs \
  -pivt0x8=08h -cn \
  -h+.ca/dist/PRO_Comparison/production/bmc_slave.X.production.sym \
  --cmf=.ca/dist/PRO_Comparison/production/bmc_slave.X.production.cmf -z \
  -Q18F47Q84 -o/tmp/xcXJnoeEK/driver_tmp_3.o --defsym=__MPLAB_BUILD=1 \
  --fixupoverflow=error \
  -M.ca/dist/PRO_Comparison/production/bmc_slave.X.production.map \
  --md=/tmp/xcXJnoeEK/driver_tmp_0.dat -E1 -ver=XC8 Compiler \
  -ASTACK=01995h-036FFh -pstack=STACK -ACODE=00h-01FFFFh \
  -ACONST=00h-01FFFFh -ASMALLCONST=04000h-040FFhx192,014000h-0140FFhx192 \
  -AMEDIUMCONST=04000h-0FFFFh,014000h-01FFFFh -ACOMRAM=0501h-055Fh \
  -AABS1=0500h-036FFh -ABIGRAM=0501h-036FFh \
  -ARAM=0560h-05FFh,0600h-06FFhx49 -ABANK5=0560h-05FFh -ABANK6=0600h-06FFh \
  -ABANK7=0700h-07FFh -ABANK8=0800h-08FFh -ABANK9=0900h-09FFh \
  -ABANK10=0A00h-0AFFh -ABANK11=0B00h-0BFFh -ABANK12=0C00h-0CFFh \
  -ABANK13=0D00h-0DFFh -ABANK14=0E00h-0EFFh -ABANK15=0F00h-0FFFh \
  -ABANK16=01000h-010FFh -ABANK17=01100h-011FFh -ABANK18=01200h-012FFh \
  -ABANK19=01300h-013FFh -ABANK20=01400h-014FFh -ABANK21=01500h-015FFh \
  -ABANK22=01600h-016FFh -ABANK23=01700h-017FFh -ABANK24=01800h-018FFh \
  -ABANK25=01900h-019FFh -ABANK26=01A00h-01AFFh -ABANK27=01B00h-01BFFh \
  -ABANK28=01C00h-01CFFh -ABANK29=01D00h-01DFFh -ABANK30=01E00h-01EFFh \
  -ABANK31=01F00h-01FFFh -ABANK32=02000h-020FFh -ABANK33=02100h-021FFh \
  -ABANK34=02200h-022FFh -ABANK35=02300h-023FFh -ABANK36=02400h-024FFh \
  -ABANK37=02500h-025FFh -ABANK38=02600h-026FFh -ABANK39=02700h-027FFh \
  -ABANK40=02800h-028FFh -ABANK41=02900h-029FFh -ABANK42=02A00h-02AFFh \
  -ABANK43=02B00h-02BFFh -ABANK44=02C00h-02CFFh -ABANK45=02D00h-02DFFh \
  -ABANK46=02E00h-02EFFh -ABANK47=02F00h-02FFFh -ABANK48=03000h-030FFh \
  -ABANK49=03100h-031FFh -ABANK50=03200h-032FFh -ABANK51=03300h-033FFh \
  -ABANK52=03400h-034FFh -ABANK53=03500h-035FFh -ABANK54=03600h-036FFh \
  -ASFR=00h-0FFhx4,0400h-045Fh,0460h-04FFh,03700h-037FFhx9 \
  -ABIGSFR=00h-04FFh,03700h-03FFFh -ACONFIG=0300000h-0300023h \
  -AIDLOC=0200000h-020003Fh -AEEDATA=0380000h-03803FFh -peeprom_data=EEDATA \
  -preset_vec=00h -ppowerup=CODE,init -pramtop=04000h \
  -psmallconst=SMALLCONST -pmediumconst=MEDIUMCONST -pconst=CONST \
  -AFARRAM=00h-00h \
  -prdata=COMRAM,nvrram=COMRAM,nvbit=COMRAM,rbss=COMRAM,rbit=COMRAM \
  -pfarbss=FARRAM,fardata=FARRAM,nvFARRAM=FARRAM \
  -pintsave_regs=BIGRAM,bigbss=BIGRAM,bigdata=BIGRAM -pbss=RAM \
  -pidata=CODE,irdata=CODE,ibigdata=CODE,ifardata=CODE -pparam5=BANK5 \
  /tmp/xcXJnoeEK/driver_tmp_11.o \
  .ca/dist/PRO_Comparison/production/bmc_slave.X.production.o 

Object code version is 3.11

Machine type is 18F47Q84



                Name                               Link     Load   Length Selector   Space Scale
/tmp/xcXJnoeEK/driver_tmp_11.o
                stack                              1995     1995     1D6B     1995       2
                idloc                            200000   200000       40        0       5
                config                           300000   300000       23        0       4
                init                                10A      10A        8        4       0
                reset_vec                             0        0        4        0       0
.ca/dist/PRO_Comparison/production/bmc_slave.X.production.o
                idloc                            200000   200000       40        0       5
                config                           300000   300000       23        0       4
                temp                                521      521       20      501       1
                mediumconst                        F9D2     F9D2      62E     7CE9       0
                ivt0x8                                8        8      102        4       0
                text193                           1442C    1442C       3A     510B       0
                text192                           143F0    143F0       3A     50FC       0
                text191                           143B4    143B4       3A     50ED       0
                text190                           14378    14378       3A     50DE       0
                text189                           1433C    1433C       3A     50CF       0
                text188                           148C8    148C8       28     5136       0
                text187                           14EA0    14EA0        2     5395       0
                text186                           14DB6    14DB6        E     A4AC       0
                text185                           14E9E    14E9E        2     5395       0
                text184                           14E08    14E08        A     A4AC       0
                text183                           14300    14300       3A     50C0       0
                text182                           14E7C    14E7C        4     5395       0
                text181                           14E9C    14E9C        2     5395       0
                text180                           1405C    1405C       46     5017       0
                text179                           14E78    14E78        4     5395       0
                text178                           115B2    115B2      360     8000       0
                text177                           14E9A    14E9A        2     5395       0
                text176                           13714    13714       80     4DC5       0
                text175                           14D84    14D84       12     A4AC       0
                text174                           14E98    14E98        2     5395       0
                text173                           145B8    145B8       38     5136       0
                text172                           14E96    14E96        2     5395       0
                text171                           142C4    142C4       3A     50B1       0
                text170                           14E94    14E94        2     5395       0
                text169                           14288    14288       3A     50A2       0
                text168                           14E92    14E92        2     5395       0
                text167                           1424C    1424C       3A     5093       0
                text166                           14E2C    14E2C        8     538B       0
                text165                           14210    14210       3A     5084       0
                text164                           14E5A    14E5A        6     5395       0
                text163                           14E90    14E90        2     5395       0
                text162                           14E8E    14E8E        2     5395       0
                text161                           141D4    141D4       3A     5075       0
                text160                           149EE    149EE       1C     A4AC       0
                text159                           14E74    14E74        4     5395       0
                text158                           14E8C    14E8C        2     5395       0
                text157                           14E8A    14E8A        2     5395       0
                text156                           13890    13890       7E     4DC5       0
                text155                           14580    14580       38     5136       0
                text154                           147FE    147FE       2A     5136       0
                text153                           14548    14548       38     5136       0
                text152                           149D2    149D2       1C     A4AC       0
                text151                           14E70    14E70        4     5395       0
                text150                           14E88    14E88        2     5395       0
                text149                           14E86    14E86        2     5395       0
                text148                           13812    13812       7E     4DC5       0
                text147                           14510    14510       38     5136       0
                text146                           147D4    147D4       2A     5136       0
                text145                           144D8    144D8       38     5136       0
                text144                           14A24    14A24       1A     A4AC       0
                text143                           14E84    14E84        2     5395       0
                text142                           148A0    148A0       28     5136       0
                text141                           133C0    133C0       9E     4CF0       0
                text140                           14E54    14E54        6     5395       0
                text139                           1465C    1465C       36     5136       0
                text138                           14E82    14E82        2     5395       0
                text137                           14978    14978       20     A4AC       0
                text136                           1474E    1474E       2E     5136       0
                text135                           13F34    13F34       4E     4FCD       0
                text134                           14626    14626       36     5136       0
                text133                           14958    14958       20     A4AC       0
                text132                           147A8    147A8       2C     5136       0
                text130                           14D4C    14D4C       14     A4AC       0
                text129                           14DA6    14DA6       10     A4AC       0
                text128                           14D96    14D96       10     A4AC       0
                text127                           14878    14878       28     5136       0
                text126                           13CCC    13CCC       62     4DC5       0
                text125                           13278    13278       A6     8000       0
                text124                           14914    14914       22     5136       0
                text123                           146C2    146C2       30     5136       0
                text122                           14E22    14E22        8     A4AC       0
                text121                           14CF6    14CF6       18     A4AC       0
                text120                           14CDE    14CDE       18     A4AC       0
                text119                           14CC6    14CC6       18     A4AC       0
                text118                           13606    13606       88     4CF0       0
                text117                           14DE8    14DE8        C     A4AC       0
                text116                           14CAE    14CAE       18     A4AC       0
                text115                           14C96    14C96       18     A4AC       0
                text114                           13D2E    13D2E       5E     4DC5       0
                text113                           14C7E    14C7E       18     A4AC       0
                text112                           14C66    14C66       18     A4AC       0
                text111                           14C4E    14C4E       18     A4AC       0
                text110                           13C68    13C68       64     4DC5       0
                text109                           14C36    14C36       18     A4AC       0
                text108                           14C1E    14C1E       18     A4AC       0
                text107                           14C06    14C06       18     A4AC       0
                text106                           13DE8    13DE8       58     4DC5       0
                text105                           13A5E    13A5E       6C     4DC5       0
                text104                           14BEE    14BEE       18     A4AC       0
                text103                           14BD6    14BD6       18     A4AC       0
                text102                           12FCE    12FCE       B4     8000       0
                text101                           14D0E    14D0E       16     A4AC       0
                text100                           14A0A    14A0A       1A     A4AC       0
                text99                            14BBE    14BBE       18     A4AC       0
                text98                            14BA6    14BA6       18     A4AC       0
                text97                            145F0    145F0       36     5136       0
                text96                            14DFE    14DFE        A     A4AC       0
                text95                            14998    14998       1E     A4AC       0
                text94                            1415C    1415C       3C     5017       0
                text93                            14B8E    14B8E       18     A4AC       0
                text92                            14B76    14B76       18     A4AC       0
                text91                            13F82    13F82       4A     4FCD       0
                text90                            14B5E    14B5E       18     A4AC       0
                text89                            1477C    1477C       2C     5136       0
                text88                            14B46    14B46       18     A4AC       0
                text87                            14B2E    14B2E       18     A4AC       0
                text86                            14B16    14B16       18     A4AC       0
                text85                            14AFE    14AFE       18     A4AC       0
                text84                            14AE6    14AE6       18     A4AC       0
                text83                            1449E    1449E       38     510B       0
                text82                            14ACE    14ACE       18     A4AC       0
                text81                            14AB6    14AB6       18     A4AC       0
                text80                            14A9E    14A9E       18     A4AC       0
                text79                            14A86    14A86       18     A4AC       0
                text78                            14A6E    14A6E       18     A4AC       0
                text77                            14466    14466       38     510B       0
                text76                            13FCC    13FCC       48     4FCD       0
                text75                            14692    14692       30     5136       0
                text74                            14E4C    14E4C        6     538B       0
                text73                            14E46    14E46        6     538B       0
                text72                            14E6C    14E6C        4     5395       0
                text71                            14E40    14E40        6     538B       0
                text70                            14E3A    14E3A        6     538B       0
                text69                            14E68    14E68        4     5395       0
                text68                            1312A    1312A       A8     8000       0
                text67                            13082    13082       A8     8000       0
                text66                            13EE4    13EE4       4E     4DC5       0
                text65                            14E64    14E64        4     5395       0
                text64                            12F12    12F12       BC     8000       0
                text63                            131D2    131D2       A6     8000       0
                text62                            11FD8    11FD8      172     8000       0
                text61                            128AE    128AE      11A     8000       0
                text60                            14850    14850       28     5136       0
                text59                            139F2    139F2       6C     4DC5       0
                text58                            13D8C    13D8C       5C     4DC5       0
                text57                            13794    13794       7E     4DC5       0
                text56                            11CAE    11CAE      1B4     8000       0
                text55                            12E4E    12E4E       C4     8000       0
                text54                            11AF0    11AF0      1BE     8000       0
                text53                            12D86    12D86       C8     8000       0
                text52                            1368E    1368E       84     4CF0       0
                text51                            1214A    1214A      14C     8000       0
                text50                            11E62    11E62      176     8000       0
                text49                            10E70    10E70      3AE     8000       0
                text48                            13B9C    13B9C       68     4DC5       0
                text47                            12296    12296      148     8000       0
                text46                            129C8    129C8      112     8000       0
                text45                            14A56    14A56       18     A4AC       0
                text44                            14D38    14D38       14     A4AC       0
                text43                            14E1A    14E1A        8     A4AC       0
                text42                            14E60    14E60        4     5395       0
                text41                            14E34    14E34        6     538B       0
                text40                            14720    14720       2E     5136       0
                text39                            14D24    14D24       14     A4AC       0
                text38                            14D72    14D72       12     A4AC       0
                text37                            14DDC    14DDC        C     A4AC       0
                text36                            14DF4    14DF4        A     A4AC       0
                text35                            14DD0    14DD0        C     A4AC       0
                text34                            14DC4    14DC4        C     A4AC       0
                text33                            148F0    148F0       24     5136       0
                text32                            140E2    140E2       3E     5017       0
                text31                            14014    14014       46     4FCD       0
                text30                            123DE    123DE      142     8000       0
                text28                            13E40    13E40       54     4DC5       0
                text27                            14E80    14E80        2     5395       0
                text26                            134F0    134F0       8C     4CF0       0
                text25                            13E94    13E94       50     4DC5       0
                text24                            1357C    1357C       8A     4CF0       0
                text23                            140A2    140A2       40     5017       0
                text22                            14A3E    14A3E       18     A4AC       0
                text21                            12CBE    12CBE       C8     8000       0
                text20                            13ACA    13ACA       6A     4DC5       0
                text19                            13C04    13C04       64     4DC5       0
                text18                            13980    13980       72     4DC5       0
                text17                            12ADA    12ADA       F6     8000       0
                text16                            14D60    14D60       12     A4AC       0
                text14                            146F2    146F2       2E     5136       0
                text13                            149B6    149B6       1C     A4AC       0
                text12                            1331E    1331E       A0     8000       0
                text11                            14828    14828       28     5136       0
                text9                             14120    14120       3C     5017       0
                text8                             13B34    13B34       68     4DC5       0
                text7                             12520    12520      13C     8000       0
                text6                             11912    11912      1DE     8000       0
                text5                             1390E    1390E       72     4DC5       0
                text4                             14198    14198       3A     5017       0
                text3                             12BD0    12BD0       EE     8000       0
                text2                             1345E    1345E       92     4CF0       0
                text1                             12792    12792      11C     8000       0
                text0                             10000    10000      E70     8000       0
                cstackCOMRAM                        501      501       20      501       1
                cstackBANK5                         5A9      5A9       27      560       1
                dataBIGRAM                         1601     1601      394      DFF       1
                bssBIGRAM                           DFF      DFF      802      DFF       1
                bssBANK13                           D00      D00       FF      D00       1
                bssBANK12                           C00      C00       FF      C00       1
                bssBANK11                           B00      B00       FF      B00       1
                bssBANK10                           A00      A00       FF      A00       1
                bssBANK9                            900      900       69      900       1
                bssBANK8                            800      800       A0      800       1
                bssBANK7                            700      700       F0      700       1
                dataBANK6                           6EA      6EA        8      600       1
                bssBANK6                            600      600       DE      600       1
                dataBANK5                           5D0      5D0       21      560       1
                bssBANK5                            560      560       49      560       1
                dataCOMRAM                          559      559        1      501       1
                bssCOMRAM                           541      541       18      501       1
                cinit                             1265C    1265C      136     8000       0
                nvBANK6                             6DE      6DE        C      600       1
                idataBANK6                        14E12    14E12        8     A4AC       0
                idataBANK5                        14936    14936       21     5136       0
                idataBIGRAM                       1121E    1121E      394     8000       0
                idataCOMRAM                       14EA2    14EA2        1     5395       0

TOTAL           Name                               Link     Load   Length     Space
        CLASS   STACK          
                stack                              1995     1995     1D6B         2

        CLASS   CODE           
                init                                10A      10A        8         0
                reset_vec                             0        0        4         0
                ivt0x8                                8        8      102         0
                text193                           1442C    1442C       3A         0
                text192                           143F0    143F0       3A         0
                text191                           143B4    143B4       3A         0
                text190                           14378    14378       3A         0
                text189                           1433C    1433C       3A         0
                text188                           148C8    148C8       28         0
                text187                           14EA0    14EA0        2         0
                text186                           14DB6    14DB6        E         0
                text185                           14E9E    14E9E        2         0
                text184                           14E08    14E08        A         0
                text183                           14300    14300       3A         0
                text182                           14E7C    14E7C        4         0
                text181                           14E9C    14E9C        2         0
                text180                           1405C    1405C       46         0
                text179                           14E78    14E78        4         0
                text178                           115B2    115B2      360         0
                text177                           14E9A    14E9A        2         0
                text176                           13714    13714       80         0
                text175                           14D84    14D84       12         0
                text174                           14E98    14E98        2         0
                text173                           145B8    145B8       38         0
                text172                           14E96    14E96        2         0
                text171                           142C4    142C4       3A         0
                text170                           14E94    14E94        2         0
                text169                           14288    14288       3A         0
                text168                           14E92    14E92        2         0
                text167                           1424C    1424C       3A         0
                text166                           14E2C    14E2C        8         0
                text165                           14210    14210       3A         0
                text164                           14E5A    14E5A        6         0
                text163                           14E90    14E90        2         0
                text162                           14E8E    14E8E        2         0
                text161                           141D4    141D4       3A         0
                text160                           149EE    149EE       1C         0
                text159                           14E74    14E74        4         0
                text158                           14E8C    14E8C        2         0
                text157                           14E8A    14E8A        2         0
                text156                           13890    13890       7E         0
                text155                           14580    14580       38         0
                text154                           147FE    147FE       2A         0
                text153                           14548    14548       38         0
                text152                           149D2    149D2       1C         0
                text151                           14E70    14E70        4         0
                text150                           14E88    14E88        2         0
                text149                           14E86    14E86        2         0
                text148                           13812    13812       7E         0
                text147                           14510    14510       38         0
                text146                           147D4    147D4       2A         0
                text145                           144D8    144D8       38         0
                text144                           14A24    14A24       1A         0
                text143                           14E84    14E84        2         0
                text142                           148A0    148A0       28         0
                text141                           133C0    133C0       9E         0
                text140                           14E54    14E54        6         0
                text139                           1465C    1465C       36         0
                text138                           14E82    14E82        2         0
                text137                           14978    14978       20         0
                text136                           1474E    1474E       2E         0
                text135                           13F34    13F34       4E         0
                text134                           14626    14626       36         0
                text133                           14958    14958       20         0
                text132                           147A8    147A8       2C         0
                text130                           14D4C    14D4C       14         0
                text129                           14DA6    14DA6       10         0
                text128                           14D96    14D96       10         0
                text127                           14878    14878       28         0
                text126                           13CCC    13CCC       62         0
                text125                           13278    13278       A6         0
                text124                           14914    14914       22         0
                text123                           146C2    146C2       30         0
                text122                           14E22    14E22        8         0
                text121                           14CF6    14CF6       18         0
                text120                           14CDE    14CDE       18         0
                text119                           14CC6    14CC6       18         0
                text118                           13606    13606       88         0
                text117                           14DE8    14DE8        C         0
                text116                           14CAE    14CAE       18         0
                text115                           14C96    14C96       18         0
                text114                           13D2E    13D2E       5E         0
                text113                           14C7E    14C7E       18         0
                text112                           14C66    14C66       18         0
                text111                           14C4E    14C4E       18         0
                text110                           13C68    13C68       64         0
                text109                           14C36    14C36       18         0
                text108                           14C1E    14C1E       18         0
                text107                           14C06    14C06       18         0
                text106                           13DE8    13DE8       58         0
                text105                           13A5E    13A5E       6C         0
                text104                           14BEE    14BEE       18         0
                text103                           14BD6    14BD6       18         0
                text102                           12FCE    12FCE       B4         0
                text101                           14D0E    14D0E       16         0
                text100                           14A0A    14A0A       1A         0
                text99                            14BBE    14BBE       18         0
                text98                            14BA6    14BA6       18         0
                text97                            145F0    145F0       36         0
                text96                            14DFE    14DFE        A         0
                text95                            14998    14998       1E         0
                text94                            1415C    1415C       3C         0
                text93                            14B8E    14B8E       18         0
                text92                            14B76    14B76       18         0
                text91                            13F82    13F82       4A         0
                text90                            14B5E    14B5E       18         0
                text89                            1477C    1477C       2C         0
                text88                            14B46    14B46       18         0
                text87                            14B2E    14B2E       18         0
                text86                            14B16    14B16       18         0
                text85                            14AFE    14AFE       18         0
                text84                            14AE6    14AE6       18         0
                text83                            1449E    1449E       38         0
                text82                            14ACE    14ACE       18         0
                text81                            14AB6    14AB6       18         0
                text80                            14A9E    14A9E       18         0
                text79                            14A86    14A86       18         0
                text78                            14A6E    14A6E       18         0
                text77                            14466    14466       38         0
                text76                            13FCC    13FCC       48         0
                text75                            14692    14692       30         0
                text74                            14E4C    14E4C        6         0
                text73                            14E46    14E46        6         0
                text72                            14E6C    14E6C        4         0
                text71                            14E40    14E40        6         0
                text70                            14E3A    14E3A        6         0
                text69                            14E68    14E68        4         0
                text68                            1312A    1312A       A8         0
                text67                            13082    13082       A8         0
                text66                            13EE4    13EE4       4E         0
                text65                            14E64    14E64        4         0
                text64                            12F12    12F12       BC         0
                text63                            131D2    131D2       A6         0
                text62                            11FD8    11FD8      172         0
                text61                            128AE    128AE      11A         0
                text60                            14850    14850       28         0
                text59                            139F2    139F2       6C         0
                text58                            13D8C    13D8C       5C         0
                text57                            13794    13794       7E         0
                text56                            11CAE    11CAE      1B4         0
                text55                            12E4E    12E4E       C4         0
                text54                            11AF0    11AF0      1BE         0
                text53                            12D86    12D86       C8         0
                text52                            1368E    1368E       84         0
                text51                            1214A    1214A      14C         0
                text50                            11E62    11E62      176         0
                text49                            10E70    10E70      3AE         0
                text48                            13B9C    13B9C       68         0
                text47                            12296    12296      148         0
                text46                            129C8    129C8      112         0
                text45                            14A56    14A56       18         0
                text44                            14D38    14D38       14         0
                text43                            14E1A    14E1A        8         0
                text42                            14E60    14E60        4         0
                text41                            14E34    14E34        6         0
                text40                            14720    14720       2E         0
                text39                            14D24    14D24       14         0
                text38                            14D72    14D72       12         0
                text37                            14DDC    14DDC        C         0
                text36                            14DF4    14DF4        A         0
                text35                            14DD0    14DD0        C         0
                text34                            14DC4    14DC4        C         0
                text33                            148F0    148F0       24         0
                text32                            140E2    140E2       3E         0
                text31                            14014    14014       46         0
                text30                            123DE    123DE      142         0
                text28                            13E40    13E40       54         0
                text27                            14E80    14E80        2         0
                text26                            134F0    134F0       8C         0
                text25                            13E94    13E94       50         0
                text24                            1357C    1357C       8A         0
                text23                            140A2    140A2       40         0
                text22                            14A3E    14A3E       18         0
                text21                            12CBE    12CBE       C8         0
                text20                            13ACA    13ACA       6A         0
                text19                            13C04    13C04       64         0
                text18                            13980    13980       72         0
                text17                            12ADA    12ADA       F6         0
                text16                            14D60    14D60       12         0
                text14                            146F2    146F2       2E         0
                text13                            149B6    149B6       1C         0
                text12                            1331E    1331E       A0         0
                text11                            14828    14828       28         0
                text9                             14120    14120       3C         0
                text8                             13B34    13B34       68         0
                text7                             12520    12520      13C         0
                text6                             11912    11912      1DE         0
                text5                             1390E    1390E       72         0
                text4                             14198    14198       3A         0
                text3                             12BD0    12BD0       EE         0
                text2                             1345E    1345E       92         0
                text1                             12792    12792      11C         0
                text0                             10000    10000      E70         0
                cinit                             1265C    1265C      136         0
                idataBANK6                        14E12    14E12        8         0
                idataBANK5                        14936    14936       21         0
                idataBIGRAM                       1121E    1121E      394         0
                idataCOMRAM                       14EA2    14EA2        1         0

        CLASS   CONST          

        CLASS   SMALLCONST     

        CLASS   MEDIUMCONST    
                mediumconst                        F9D2     F9D2      62E         0

        CLASS   COMRAM         
                temp                                521      521       20         1
                cstackCOMRAM                        501      501       20         1
                dataCOMRAM                          559      559        1         1
                bssCOMRAM                           541      541       18         1

        CLASS   ABS1           

        CLASS   BIGRAM         
                dataBIGRAM                         1601     1601      394         1
                bssBIGRAM                           DFF      DFF      802         1

        CLASS   RAM            

        CLASS   BANK5          
                cstackBANK5                         5A9      5A9       27         1
                dataBANK5                           5D0      5D0       21         1
                bssBANK5                            560      560       49         1

        CLASS   BANK6          
                dataBANK6                           6EA      6EA        8         1
                bssBANK6                            600      600       DE         1
                nvBANK6                             6DE      6DE        C         1

        CLASS   BANK7          
                bssBANK7                            700      700       F0         1

        CLASS   BANK8          
                bssBANK8                            800      800       A0         1

        CLASS   BANK9          
                bssBANK9                            900      900       69         1

        CLASS   BANK10         
                bssBANK10                           A00      A00       FF         1

        CLASS   BANK11         
                bssBANK11                           B00      B00       FF         1

        CLASS   BANK12         
                bssBANK12                           C00      C00       FF         1

        CLASS   BANK13         
                bssBANK13                           D00      D00       FF         1

        CLASS   BANK14         

        CLASS   BANK15         

        CLASS   BANK16         

        CLASS   BANK17         

        CLASS   BANK18         

        CLASS   BANK19         

        CLASS   BANK20         

        CLASS   BANK21         

        CLASS   BANK22         

        CLASS   BANK23         

        CLASS   BANK24         

        CLASS   BANK25         

        CLASS   BANK26         

        CLASS   BANK27         

        CLASS   BANK28         

        CLASS   BANK29         

        CLASS   BANK30         

        CLASS   BANK31         

        CLASS   BANK32         

        CLASS   BANK33         

        CLASS   BANK34         

        CLASS   BANK35         

        CLASS   BANK36         

        CLASS   BANK37         

        CLASS   BANK38         

        CLASS   BANK39         

        CLASS   BANK40         

        CLASS   BANK41         

        CLASS   BANK42         

        CLASS   BANK43         

        CLASS   BANK44         

        CLASS   BANK45         

        CLASS   BANK46         

        CLASS   BANK47         

        CLASS   BANK48         

        CLASS   BANK49         

        CLASS   BANK50         

        CLASS   BANK51         

        CLASS   BANK52         

        CLASS   BANK53         

        CLASS   BANK54         

        CLASS   SFR            

        CLASS   BIGSFR         

        CLASS   CONFIG         
                config                           300000   300000       23         4

        CLASS   IDLOC          
                idloc                            200000   200000       40         5

        CLASS   EEDATA         

        CLASS   FARRAM         

        CLASS   HEAP           



SEGMENTS        Name                           Load    Length   Top    Selector   Space  Class

                text180                        01405C  000176  0141D2      5017       0  CODE    
                text135                        013F34  000126  01405A      4FCD       0  CODE    
                text165                        014210  00003A  01424A      5084       0  CODE    
                text167                        01424C  00003A  014286      5093       0  CODE    
                text161                        0141D4  00003A  01420E      5075       0  CODE    
                reset_vec                      000000  000004  000004         0       0  CODE    
                text141                        0133C0  000352  013712      4CF0       0  CODE    
                bssBIGRAM                      000DFF  000B96  001995       DFF       1  BIGRAM  
                text0                          010000  0033BE  0133BE      8000       0  CODE    
                text176                        013714  00081E  013F32      4DC5       0  CODE    
                text169                        014288  00003A  0142C2      50A2       0  CODE    
                text192                        0143F0  00003A  01442A      50FC       0  CODE    
                text191                        0143B4  00003A  0143EE      50ED       0  CODE    
                text193                        01442C  0000AA  0144D6      510B       0  CODE    
                text166                        014E2C  000026  014E52      538B       0  CODE    
                text133                        014958  0004D2  014E2A      A4AC       0  CODE    
                text140                        014E54  00004F  014EA3      5395       0  CODE    
                text145                        0144D8  00047F  014957      5136       0  CODE    
                text183                        014300  00003A  01433A      50C0       0  CODE    
                text171                        0142C4  00003A  0142FE      50B1       0  CODE    
                text189                        01433C  00003A  014376      50CF       0  CODE    
                text190                        014378  00003A  0143B2      50DE       0  CODE    
                bssBANK9                       000900  000069  000969       900       1  BANK9   
                bssBANK6                       000600  0000F2  0006F2       600       1  BANK6   
                bssBANK8                       000800  0000A0  0008A0       800       1  BANK8   
                bssBANK7                       000700  0000F0  0007F0       700       1  BANK7   
                mediumconst                    00F9D2  00062E  010000      7CE9       0  MEDIUMCO
                cstackCOMRAM                   000501  000059  00055A       501       1  COMRAM  
                ivt0x8                         000008  00010A  000112         4       0  CODE    
                stack                          001995  001D6B  003700      1995       2  STACK   
                bssBANK12                      000C00  0000FF  000CFF       C00       1  BANK12  
                bssBANK13                      000D00  0000FF  000DFF       D00       1  BANK13  
                bssBANK11                      000B00  0000FF  000BFF       B00       1  BANK11  
                bssBANK5                       000560  000091  0005F1       560       1  BANK5   
                bssBANK10                      000A00  0000FF  000AFF       A00       1  BANK10  


UNUSED ADDRESS RANGES

        Name                Unused          Largest block    Delta
        BANK10           000AFF-000AFF                1
        BANK11           000BFF-000BFF                1
        BANK12           000CFF-000CFF                1
        BANK25           001995-0019FF               6B
        BANK26           001A00-001AFF              100
        BANK27           001B00-001BFF              100
        BANK28           001C00-001CFF              100
        BANK29           001D00-001DFF              100
        BANK30           001E00-001EFF              100
        BANK31           001F00-001FFF              100
        BANK32           002000-0020FF              100
        BANK33           002100-0021FF              100
        BANK34           002200-0022FF              100
        BANK35           002300-0023FF              100
        BANK36           002400-0024FF              100
        BANK37           002500-0025FF              100
        BANK38           002600-0026FF              100
        BANK39           002700-0027FF              100
        BANK40           002800-0028FF              100
        BANK41           002900-0029FF              100
        BANK42           002A00-002AFF              100
        BANK43           002B00-002BFF              100
        BANK44           002C00-002CFF              100
        BANK45           002D00-002DFF              100
        BANK46           002E00-002EFF              100
        BANK47           002F00-002FFF              100
        BANK48           003000-0030FF              100
        BANK49           003100-0031FF              100
        BANK5            0005F1-0005FF                F
        BANK50           003200-0032FF              100
        BANK51           003300-0033FF              100
        BANK52           003400-0034FF              100
        BANK53           003500-0035FF              100
        BANK54           003600-0036FF              100
        BANK6            0006F2-0006FF                E
        BANK7            0007F0-0007FF               10
        BANK8            0008A0-0008FF               60
        BANK9            000969-0009FF               97
        BIGRAM           00055A-00055F                6
                         0005F1-0005FF                F
                         0006F2-0006FF                E
                         0007F0-0007FF               10
                         0008A0-0008FF               60
                         000969-0009FF               97
                         000AFF-000AFF                1
                         000BFF-000BFF                1
                         000CFF-000CFF                1
                         001995-0036FF             1D6B
        BIGSFR           000000-0004FF              500
                         003700-003FFF              900
        CODE             000004-000007                4
                         000112-00F9D1             F8C0
                         0133BE-0133BF                2
                         013712-013713                2
                         013F32-013F33                2
                         01405A-01405B                2
                         0141D2-0141D3                2
                         01420E-01420F                2
                         01424A-01424B                2
                         014286-014287                2
                         0142C2-0142C3                2
                         0142FE-0142FF                2
                         01433A-01433B                2
                         014376-014377                2
                         0143B2-0143B3                2
                         0143EE-0143EF                2
                         01442A-01442B                2
                         0144D6-0144D7                2
                         014957-014957                1
                         014E2A-014E2B                2
                         014E52-014E53                2
                         014EA3-01FFFF             B15D
        COMRAM           00055A-00055F                6
        CONFIG           300023-300023                1
        CONST            000004-000007                4
                         000112-00F9D1             F8C0
                         0133BE-0133BF                2
                         013712-013713                2
                         013F32-013F33                2
                         01405A-01405B                2
                         0141D2-0141D3                2
                         01420E-01420F                2
                         01424A-01424B                2
                         014286-014287                2
                         0142C2-0142C3                2
                         0142FE-0142FF                2
                         01433A-01433B                2
                         014376-014377                2
                         0143B2-0143B3                2
                         0143EE-0143EF                2
                         01442A-01442B                2
                         0144D6-0144D7                2
                         014957-014957                1
                         014E2A-014E2B                2
                         014E52-014E53                2
                         014EA3-01FFFF             B15D
        EEDATA           380000-3803FF              400
        MEDIUMCONST      004000-00F9D1             B9D2
                         01405A-01405B                2
                         0141D2-0141D3                2
                         01420E-01420F                2
                         01424A-01424B                2
                         014286-014287                2
                         0142C2-0142C3                2
                         0142FE-0142FF                2
                         01433A-01433B                2
                         014376-014377                2
                         0143B2-0143B3                2
                         0143EE-0143EF                2
                         01442A-01442B                2
                         0144D6-0144D7                2
                         014957-014957                1
                         014E2A-014E2B                2
                         014E52-014E53                2
                         014EA3-01FFFF             B15D
        RAM              0005F1-0005FF                F
                         0006F2-0006FF                E
                         0007F0-0007FF               10
                         0008A0-0008FF               60
                         000969-0009FF               97
                         000AFF-000AFF                1
                         000BFF-000BFF                1
                         000CFF-000CFF                1
                         001995-0036FF              100
        SFR              000000-0004FF              100
                         003700-003FFF              100
        SMALLCONST       004000-00F9D1              100
                         01405A-01405B                2
                         0141D2-0141D3                2
                         01420E-01420F                2
                         01424A-01424B                2
                         014286-014287                2
                         0142C2-0142C3                2
                         0142FE-0142FF                2
                         01433A-01433B                2
                         014376-014377                2
                         0143B2-0143B3                2
                         0143EE-0143EF                2
                         01442A-01442B                2
                         0144D6-0144D7                2
                         014957-014957                1
                         014E2A-014E2B                2
                         014E52-014E53                2
                         014EA3-01FFFF              100

                                  Symbol Table

IVTBASEH                                          (abs)        00045E
IVTBASEL                                          (abs)        00045D
IVTBASEU                                          (abs)        00045F
PL241                                             text0        010C86
PL243                                             text49       0110FE
PL245                                             text0        010CB8
PL247                                             text49       01110A
PL249                                             text17       012BA8
PL251                                             text49       011114
PL253                                             text0        010CD0
PL255                                             text49       011126
PL257                                             text0        010CDA
PL259                                             text49       011134
PL261                                             text49       01114C
PL263                                             text0        010CE4
PL265                                             text49       011158
PL267                                             text95       0149AE
PL269                                             text6        011AC0
PL271                                             text49       01115E
PL273                                             text26       013550
PL275                                             text58       013DD0
PL277                                             text0        010CEE
PL279                                             text21       012D5C
PL281                                             text49       011164
PL283                                             text64       012F94
PL285                                             text17       012BC8
PL287                                             text6        011ACE
PL289                                             text178      01188E
PL291                                             text0        010CF8
PL293                                             text49       01116A
PL295                                             text54       011C18
PL297                                             text1        012858
PL299                                             text53       012E22
PL301                                             text47       0123B2
PL303                                             text123      0146C8
PL305                                             text178      01189E
PL307                                             text49       011174
PL309                                             text6        011ADA
PL311                                             text0        010D08
PL313                                             text0        010D18
PL315                                             text49       01119E
PL317                                             text1        01286E
PL319                                             text1        012878
PL321                                             text45       014A68
PL323                                             text55       012EE6
PL325                                             text0        010D20
PL327                                             text54       011C36
PL329                                             text12       01338C
PL331                                             text178      0118AE
PL333                                             text7        0125F8
PL335                                             text6        011AE6
PL337                                             text0        010D2A
PL339                                             text49       0111B2
PL341                                             text47       0123BE
PL343                                             text47       0123CA
PL345                                             text64       012FA2
PL347                                             text49       0111C0
PL349                                             text59       013A40
PL351                                             text56       011E36
PL353                                             text178      0118D0
PL355                                             text61       012986
PL357                                             text56       011E48
PL359                                             text55       012EF2
PL361                                             text50       011FB8
PL363                                             text156      013900
PL365                                             text7        01261A
PL367                                             text148      013882
PL369                                             text54       011C4C
PL371                                             text53       012E34
PL373                                             text68       013152
PL375                                             text67       0130AA
PL377                                             text0        010D3A
PL379                                             text33       0148F8
PL381                                             text0        010D44
PL383                                             text33       014906
PL385                                             text125      0132FE
PL387                                             text0        010D4E
PL389                                             text7        012628
PL391                                             text0        010D58
PL393                                             text62       0120D6
PL395                                             text0        010D60
PL397                                             text21       012D64
PL399                                             text2        0134DC
PL401                                             text2        0134E6
PL403                                             text67       0130C4
PL405                                             text67       0130D8
PL407                                             text125      013308
PL409                                             text64       012FAE
PL411                                             text68       01316C
PL413                                             text68       013182
PL415                                             text25       013EC8
PL417                                             text56       011E5A
PL419                                             text54       011C58
PL421                                             text110      013CA8
PL423                                             text64       012FB8
PL425                                             text4        0141BC
PL427                                             text75       0146B8
PL429                                             text106      013E28
PL431                                             text46       012AC0
PL433                                             text178      0118E2
PL435                                             text12       0133A2
PL437                                             text0        010D6C
PL439                                             text0        010D74
PL441                                             text64       012FC6
PL443                                             text0        010D7E
PL445                                             text0        010D88
PL447                                             text0        010D9A
PL449                                             text11       01484A
PL451                                             text0        010DAC
PL453                                             text62       0120EE
PL455                                             text25       013ED4
PL457                                             text54       011C66
PL459                                             text21       012D70
PL461                                             text7        012638
PL463                                             text0        010DB6
PL465                                             text12       0133B6
PL467                                             text0        010DC0
PL469                                             text8        013B8C
PL471                                             text0        010DCA
PL473                                             text67       0130EE
PL475                                             text68       013196
PL477                                             text0        010DD2
PL479                                             text67       0130FE
PL481                                             text68       0131A6
PL483                                             text1        012882
PL485                                             text1        012890
PL487                                             text50       011FC6
PL489                                             text19       013C3C
PL491                                             text48       013BF6
PL493                                             text49       0111DE
PL495                                             text51       01225A
PL497                                             text7        012644
PL499                                             text26       01356E
PL501                                             text55       012EFA
PL503                                             text49       0111EC
PL505                                             text61       012998
PL507                                             text0        010DDC
PL509                                             text62       012100
PL511                                             text0        010DEA
PL513                                             text68       0131B6
PL515                                             text51       012268
PL517                                             text67       01310E
PL519                                             text62       01210A
PL521                                             text54       011C72
PL523                                             text62       012118
PL525                                             text23       0140D4
PL527                                             text110      013CB6
PL529                                             text30       0124F6
PL531                                             text62       012126
PL533                                             text114      013D7E
PL535                                             text61       0129A6
PL537                                             text68       0131C4
PL539                                             text30       012504
PL541                                             text61       0129B4
PL543                                             text62       012134
PL545                                             text30       012512
PL547                                             text0        010DF8
PL549                                             text67       01311C
PL551                                             text49       0111FA
PL553                                             text21       012D7C
PL555                                             text91       013FC2
PL557                                             text46       012AC8
PL559                                             text51       012276
PL561                                             text61       0129C2
PL563                                             text51       012280
PL565                                             text106      013E36
PL567                                             text19       013C4A
PL569                                             text51       01228A
PL571                                             text40       014746
PL573                                             text139      014686
PL575                                             text0        010E06
PL577                                             text136      014770
PL579                                             text0        010E12
PL581                                             text0        010E1A
PL583                                             text55       012F08
PL585                                             text0        010E22
PL587                                             text180      014098
PL589                                             text49       011204
PL591                                             text54       011C80
PL593                                             text54       011C88
PL595                                             text25       013EDC
PL597                                             text63       013270
PL599                                             text50       011FCE
PL601                                             text16       014D68
PL603                                             text54       011C90
PL605                                             text178      0118F6
PL607                                             text54       011C9A
PL609                                             text49       01120C
PL611                                             text49       011216
PL613                                             text19       013C56
PL615                                             text110      013CC4
PL617                                             text7        012652
PL619                                             text0        010E2C
PL621                                             text178      011900
PL623                                             text18       0139E8
PL625                                             text1        01289E
PL627                                             text3        012CAE
PL629                                             text3        012CB6
PL631                                             text54       011CA4
PL633                                             text0        010E36
PL635                                             text46       012AD2
PL637                                             text62       012142
PL639                                             text4        0141CA
PL641                                             text0        010E40
PL643                                             text0        010E48
PL645                                             text0        010E50
PL647                                             text19       013C60
PL649                                             text0        010E58
PL651                                             text1        0128A8
PL653                                             text0        010E60
PL655                                             text0        010E68
PL657                                             text38       014D7C
PL659                                             text178      01190A
PL661                                             text127      01489A
PL663                                             text125      013312
TMR5_ISR@CountCallBack                            bssBANK5     000592
_ADACCH                                           (abs)        0003E4
_ADACCL                                           (abs)        0003E3
_ADACCU                                           (abs)        0003E5
_ADACQH                                           (abs)        0003EF
_ADACQL                                           (abs)        0003EE
_ADACT                                            (abs)        0003F9
_ADCAP                                            (abs)        0003F0
_ADCLK                                            (abs)        0003FA
_ADCNT                                            (abs)        0003E6
_ADCON0                                           (abs)        0003F3
_ADCON0bits                                       (abs)        0003F3
_ADCON1                                           (abs)        0003F4
_ADCON2                                           (abs)        0003F5
_ADCON3                                           (abs)        0003F6
_ADCP                                             (abs)        0003D8
_ADCSEL1                                          (abs)        0003FC
_ADCTX                                            (abs)        0003FB
_ADC_ACTI_ISR                                     text169      014288
_ADC_ADCH1_ISR                                    text171      0142C4
_ADC_ADI_ISR                                      text167      01424C
_ADC_ActiveClockTuning_ISR                        nvBANK6      0006DE
_ADC_Context1Thereshld_ISR                        nvBANK6      0006E1
_ADC_ConversionComplete_ISR                       nvBANK6      0006E4
_ADC_DefaultADI_ISR                               text168      014E92
_ADC_DefaultActiveClockTuning_ISR                 text170      014E94
_ADC_DefaultContext1Threshold_ISR                 text172      014E96
_ADC_DischargeSampleCapacitor                     text131      000000
_ADC_GetConversionResult                          text130      014D4C
_ADC_Initialize                                   text118      013606
_ADC_IsConversionDone                             text129      014DA6
_ADC_SelectContext                                text29       000000
_ADC_SetADIInterruptHandler                       text121      014CF6
_ADC_SetActiveClockTuningInterruptHandler         text120      014CDE
_ADC_SetContext1ThresholdInterruptHandler         text119      014CC6
_ADC_StartConversion                              text128      014D96
_ADLTHH                                           (abs)        0003DA
_ADLTHL                                           (abs)        0003D9
_ADPCH                                            (abs)        0003EC
_ADPREH                                           (abs)        0003F2
_ADPREL                                           (abs)        0003F1
_ADREF                                            (abs)        0003F8
_ADRESH                                           (abs)        0003EB
_ADRESL                                           (abs)        0003EA
_ADRPT                                            (abs)        0003E7
_ADSTAT                                           (abs)        0003F7
_ADSTPTH                                          (abs)        0003E0
_ADSTPTL                                          (abs)        0003DF
_ADUTHH                                           (abs)        0003DC
_ADUTHL                                           (abs)        0003DB
_ANSELA                                           (abs)        000400
_ANSELB                                           (abs)        000408
_ANSELC                                           (abs)        000410
_ANSELD                                           (abs)        000418
_ANSELE                                           (abs)        000420
_B                                                dataBANK6    0006EE
_D                                                bssBIGRAM    000DFF
_DAC1CON                                          (abs)        00007F
_DAC1DATL                                         (abs)        00007D
_DAC1_Initialize                                  text117      014DE8
_DATAEE_ReadByte                                  text127      014878
_DATAEE_WriteByte                                 text126      013CCC
_DMA1PR                                           (abs)        0000B6
_DMA1_DMAORI_ISR                                  text165      014210
_DMA1_DMASCNTI_ISR                                text161      0141D4
_DMA1_DefaultInterruptHandler                     text163      014E90
_DMA1_Initialize                                  text114      013D2E
_DMA1_ORI_InterruptHandler                        bssBANK6     0006A5
_DMA1_SCNTI_InterruptHandler                      bssBANK6     0006A8
_DMA1_SetDMAPriority                              text37       014DDC
_DMA1_SetDestinationSize                          text45       014A56
_DMA1_SetORIInterruptHandler                      text116      014CAE
_DMA1_SetSCNTIInterruptHandler                    text115      014C96
_DMA1_SetSourceSize                               text44       014D38
_DMA1_StartTransferWithTrigger                    text43       014E1A
_DMA1_StopTransfer                                text36       014DF4
_DMA2PR                                           (abs)        0000B7
_DMA2_DCNTI_InterruptHandler                      bssBANK6     000699
_DMA2_DMADCNTI_ISR                                text189      01433C
_DMA2_DMAORI_ISR                                  text190      014378
_DMA2_DMASCNTI_ISR                                text183      014300
_DMA2_DefaultInterruptHandler                     text187      014EA0
_DMA2_Initialize                                  text110      013C68
_DMA2_ORI_InterruptHandler                        bssBANK6     000696
_DMA2_SCNTI_InterruptHandler                      bssBANK6     00069C
_DMA2_SetDCNTIInterruptHandler                    text113      014C7E
_DMA2_SetDMAPriority                              text35       014DD0
_DMA2_SetORIInterruptHandler                      text112      014C66
_DMA2_SetSCNTIInterruptHandler                    text111      014C4E
_DMA2_StopTransfer                                text34       014DC4
_DMA3PR                                           (abs)        0000B8
_DMA3_DCNTI_InterruptHandler                      bssBANK6     000690
_DMA3_DMADCNTI_ISR                                text192      0143F0
_DMA3_DMAORI_ISR                                  text193      01442C
_DMA3_DMASCNTI_ISR                                text191      0143B4
_DMA3_DefaultInterruptHandler                     text185      014E9E
_DMA3_Initialize                                  text106      013DE8
_DMA3_ORI_InterruptHandler                        bssBANK6     00068D
_DMA3_SCNTI_InterruptHandler                      bssBANK6     000693
_DMA3_SetDCNTIInterruptHandler                    text109      014C36
_DMA3_SetDMAPriority                              text33       0148F0
_DMA3_SetORIInterruptHandler                      text108      014C1E
_DMA3_SetSCNTIInterruptHandler                    text107      014C06
_DMASELECT                                        (abs)        0000E8
_DMAnAIRQ                                         (abs)        0000FE
_DMAnCON0                                         (abs)        0000FC
_DMAnCON0bits                                     (abs)        0000FC
_DMAnCON1                                         (abs)        0000FD
_DMAnCON1bits                                     (abs)        0000FD
_DMAnDSA                                          (abs)        0000F0
_DMAnDSZ                                          (abs)        0000EE
_DMAnSIRQ                                         (abs)        0000FF
_DMAnSSA                                          (abs)        0000F9
_DMAnSSZ                                          (abs)        0000F7
_Default_ISR                                      text140      014E54
_GIE                                              (abs)        0026B7
_INLVLA                                           (abs)        000404
_INLVLB                                           (abs)        00040C
_INLVLC                                           (abs)        000414
_INLVLD                                           (abs)        00041C
_INLVLE                                           (abs)        000424
_INTCON0bits                                      (abs)        0004D6
_INTERRUPT_Initialize                             text105      013A5E
_IOCBF6_DefaultInterruptHandler                   text143      014E84
_IOCBF6_ISR                                       text142      0148A0
_IOCBF6_InterruptHandler                          nvBANK6      0006E7
_IOCBF6_SetInterruptHandler                       text103      014BD6
_IOCBFbits                                        (abs)        00040F
_IOCBNbits                                        (abs)        00040E
_IOCBPbits                                        (abs)        00040D
[...]
__ptext20                                         text20       013ACA
__ptext21                                         text21       012CBE
__ptext22                                         text22       014A3E
__ptext23                                         text23       0140A2
__ptext24                                         text24       01357C
__ptext25                                         text25       013E94
__ptext26                                         text26       0134F0
__ptext27                                         text27       014E80
__ptext28                                         text28       013E40
__ptext29                                         text29       000000
__ptext3                                          text3        012BD0
__ptext30                                         text30       0123DE
__ptext31                                         text31       014014
__ptext32                                         text32       0140E2
__ptext33                                         text33       0148F0
__ptext34                                         text34       014DC4
__ptext35                                         text35       014DD0
__ptext36                                         text36       014DF4
__ptext37                                         text37       014DDC
__ptext38                                         text38       014D72
__ptext39                                         text39       014D24
__ptext4                                          text4        014198
__ptext40                                         text40       014720
__ptext41                                         text41       014E34
__ptext42                                         text42       014E60
__ptext43                                         text43       014E1A
__ptext44                                         text44       014D38
__ptext45                                         text45       014A56
__ptext46                                         text46       0129C8
__ptext47                                         text47       012296
__ptext48                                         text48       013B9C
__ptext49                                         text49       010E70
__ptext5                                          text5        01390E
__ptext50                                         text50       011E62
__ptext51                                         text51       01214A
__ptext52                                         text52       01368E
__ptext53                                         text53       012D86
__ptext54                                         text54       011AF0
__ptext55                                         text55       012E4E
__ptext56                                         text56       011CAE
__ptext57                                         text57       013794
__ptext58                                         text58       013D8C
__ptext59                                         text59       0139F2
__ptext6                                          text6        011912
__ptext60                                         text60       014850
__ptext61                                         text61       0128AE
__ptext62                                         text62       011FD8
__ptext63                                         text63       0131D2
__ptext64                                         text64       012F12
__ptext65                                         text65       014E64
__ptext66                                         text66       013EE4
__ptext67                                         text67       013082
__ptext68                                         text68       01312A
__ptext69                                         text69       014E68
__ptext7                                          text7        012520
__ptext70                                         text70       014E3A
__ptext71                                         text71       014E40
__ptext72                                         text72       014E6C
__ptext73                                         text73       014E46
__ptext74                                         text74       014E4C
__ptext75                                         text75       014692
__ptext76                                         text76       013FCC
__ptext77                                         text77       014466
__ptext78                                         text78       014A6E
__ptext79                                         text79       014A86
__ptext8                                          text8        013B34
__ptext80                                         text80       014A9E
__ptext81                                         text81       014AB6
__ptext82                                         text82       014ACE
__ptext83                                         text83       01449E
__ptext84                                         text84       014AE6
__ptext85                                         text85       014AFE
__ptext86                                         text86       014B16
__ptext87                                         text87       014B2E
__ptext88                                         text88       014B46
__ptext89                                         text89       01477C
__ptext9                                          text9        014120
__ptext90                                         text90       014B5E
__ptext91                                         text91       013F82
__ptext92                                         text92       014B76
__ptext93                                         text93       014B8E
__ptext94                                         text94       01415C
__ptext95                                         text95       014998
__ptext96                                         text96       014DFE
__ptext97                                         text97       0145F0
__ptext98                                         text98       014BA6
__ptext99                                         text99       014BBE
__ramtop                                          ramtop       004000
__smallconst                                      mediumconst  00F9D2
_abs                                              text60       014850
_adc_buffer                                       bssBANK7     000700
_adc_buffer_ptr                                   bssBANK5     0005A2
_adc_channel                                      bssBANK5     0005A1
_adc_data_in                                      bssBANK6     0006C8
_adc_scale_zero                                   mediumconst  00FA8F
_b_read                                           bssBANK5     0005A5
_bufferRAM                                        (abs)        003700
_c0                                               bssBANK5     00059C
_c1                                               bssBANK5     00059B
_c2                                               bssBANK5     00059A
_channel                                          bssBANK5     0005A0
_check_help                                       text46       0129C8
_clear_lcd_done                                   text164      014E5A
_ctoa                                             text63       0131D2
_data_in2                                         bssBANK5     0005A3
_dbuf                                             bssBANK7     000780
_dtoa                                             text56       011CAE
_dummy_b                                          bssBANK5     000596
_eaDogM_WriteCommand                              text38       014D72
_eaDogM_WriteString                               text20       013ACA
_eaDogM_WriteStringAtPos                          text18       013980
_faker                                            bssBANK5     00059D
_flags                                            bssCOMRAM    000547
_fputc                                            text64       012F12
_fputs                                            text59       0139F2
_get_vterm_ptr                                    text66       013EE4
_in_buf                                           bssBANK6     000679
_init_display                                     text30       0123DE
_init_slaveo                                      text28       013E40
_inlined$_ADC_DischargeSampleCapacitor            (abs)        000001
_inlined$_ADC_SelectContext                       (abs)        000001
_inlined$_StartTimer                              (abs)        000001
_inlined$_TimerDone                               (abs)        000001
_inx                                              bssCOMRAM    00054A
_lcd_dma_buf                                      bssBANK7     0007C0
_line_status                                      text2        01345E
_logging_cmds                                     text27       014E80
_main                                             text0        010000
_mc33996_init                                     text24       01357C
_mc33996_update                                   text23       0140A2
_mc_gsrc                                          mediumconst  00FA89
_mc_init                                          bssBANK6     0006CA
_mc_olce                                          mediumconst  00FA83
_mc_onoff                                         bssBANK5     0005A6
_mc_pwm                                           mediumconst  00FA8C
_mc_sfpd                                          mediumconst  00FA86
_mconfig_init                                     text22       014A3E
_memcpy                                           text21       012CBE
_memset                                           text32       0140E2
_mode_sw                                          bssBANK5     00059E
_nout                                             bssBANK6     0006C6
_onesec_io                                        text139      01465C
_out_buf                                          bssBANK5     000590
_pad                                              text57       013794
_powerup                                          dataCOMRAM   000559
_prec                                             bssCOMRAM    000543
_putch                                            text65       014E64
_read_prec_or_width                               text55       012E4E
_refresh_lcd                                      text16       014D60
_scroll_line_pos                                  dataBANK5    0005EF
_scroll_lock                                      bssCOMRAM    000549
_seed                                             bssBANK6     0006DA
_send_lcd_cmd_dma                                 text39       014D24
_send_lcd_data_dma                                text40       014720
_send_lcd_pos_dma                                 text19       013C04
_send_spi1_mc33996_dma                            text25       013E94
_send_spi1_tic12400_dma                           text8        013B34
_serial_buffer_ss                                 dataBANK5    0005D0
_set_display_info                                 text14       0146F2
_set_vterm                                        text13       0149B6
_setup1a_read                                     mediumconst  00FA6B
_setup1a_trigger                                  mediumconst  00FA6F
_setup1b                                          mediumconst  00FA73
_setup1c                                          mediumconst  00FA77
_setup1d                                          mediumconst  00FA5B
_setup21                                          mediumconst  00FA7B
_setup22                                          mediumconst  00FA67
_setup23                                          mediumconst  00FA63
_setup24                                          mediumconst  00FA5F
_setup32                                          mediumconst  00FA7F
_slaveo_rx_isr                                    text178      0115B2
_slaveo_spi_isr                                   text175      014D84
_snprintf                                         text47       012296
_spi1_rec_buf                                     bssBANK7     0007A0
_spi1_rec_buf1                                    bssBANK8     000880
_spi_comm_ss                                      bssBANK5     0005A4
_spi_des_byte                                     text184      014E08
_spi_lcd_byte                                     text162      014E8E
_spi_link                                         bssBANK5     000560
_spi_or_byte                                      text186      014DB6
_spi_src_byte                                     text188      0148C8
_spi_stat_ss                                      bssBANK6     000600
_spin                                             mediumconst  00F9D3
_spinners                                         text12       01331E
_srand                                            text11       014828
_start_lcd                                        text42       014E60
_stoa                                             text54       011AF0
_strlen                                           text58       013D8C
_test_slave                                       text182      014E7C
_tic12400_counts                                  bssBANK6     000671
_tic12400_event                                   bssBANK5     000599
_tic12400_fail_count                              bssBANK6     00067D
_tic12400_fail_value                              bssBANK5     000580
_tic12400_id                                      bssBANK6     000689
_tic12400_init                                    text6        011912
_tic12400_init_ok                                 bssCOMRAM    000548
_tic12400_parity_count                            bssBANK6     000669
_tic12400_parity_status                           bssBANK5     000598
_tic12400_read_error                              bssBANK5     000597
_tic12400_read_status                             bssBANK5     00057C
_tic12400_read_sw                                 text5        01390E
_tic12400_reset                                   text4        014198
_tic12400_status                                  bssBANK6     000675
_tic12400_switch                                  bssBANK6     000685
_tic12400_value                                   dataBANK6    0006EA
_tic12400_value_counts                            bssBANK6     000681
_tic12400_wr                                      text7        012520
_tic_int_handler                                  text144      014A24
_tic_rw                                           bssBANK7     0007E0
_ticdevid01                                       mediumconst  00FA53
_tickCount                                        bssBANK6     000653
_ticread05                                        mediumconst  00FA57
_ticreset1a                                       mediumconst  00FA4B
_ticstat02                                        mediumconst  00FA4F
_ticvalue                                         bssBANK6     00066D
_timer0ReloadVal16bit                             bssCOMRAM    000545
_timer5ReloadVal                                  bssBANK5     000594
_uart1RxBuffer                                    bssBANK12    000C00
_uart1RxCount                                     bssCOMRAM    000553
_uart1RxHead                                      bssCOMRAM    000555
_uart1RxLastError                                 bssCOMRAM    000552
_uart1RxStatusBuffer                              bssBANK10    000A00
_uart1RxTail                                      bssCOMRAM    000554
_uart1TxBuffer                                    bssBANK8     000840
_uart1TxBufferRemaining                           bssCOMRAM    000556
_uart1TxHead                                      bssCOMRAM    000558
_uart1TxTail                                      bssCOMRAM    000557
_uart2RxBuffer                                    bssBANK13    000D00
_uart2RxCount                                     bssCOMRAM    00054C
_uart2RxHead                                      bssCOMRAM    00054E
_uart2RxLastError                                 bssCOMRAM    00054B
_uart2RxStatusBuffer                              bssBANK11    000B00
_uart2RxTail                                      bssCOMRAM    00054D
_uart2TxBuffer                                    bssBANK8     000800
_uart2TxBufferRemaining                           bssCOMRAM    00054F
_uart2TxHead                                      bssCOMRAM    000551
_uart2TxTail                                      bssCOMRAM    000550
_update_lcd                                       text17       012ADA
_update_rs232_line_status                         text1        012792
_upper                                            bssBANK5     00059F
_utoa                                             text51       01214A
_vfpfcnvrt                                        text49       010E70
_vfprintf                                         text48       013B9C
_wait_lcd_done                                    text125      013278
_wait_lcd_set                                     text41       014E34
_wdtdelay                                         text31       014014
_width                                            bssCOMRAM    000541
_xtoa                                             text50       011E62
btemp                                             temp         000521
end_of_initialization                             cinit        01278C
intlevel0                                         text         000000
intlevel1                                         text         000000
intlevel2                                         text         000000
intlevel3                                         text         000000
isa$std                                           (abs)        000001
isa$xinst                                         (abs)        000000
ivt0x8_base                                       ivt0x8       000008
ivt0x8_undefint                                   ivt0x8       000108
lltemp0                                           temp         000521
lltemp1                                           temp         000529
lltemp2                                           temp         000531
lltemp3                                           temp         000539
ltemp0                                            temp         000521
ltemp1                                            temp         000525
ltemp2                                            temp         000529
main@switcher                                     dataBANK5    0005F0
spinners@s                                        bssBANK6     000663
stackhi                                           (abs)        0036FF
stacklo                                           (abs)        001995
start                                             init         00010A
start_initialization                              cinit        01265C
ttemp0                                            temp         000521
ttemp1                                            temp         000524
ttemp2                                            temp         000527
ttemp3                                            temp         00052A
ttemp5                                            temp         000522
ttemp6                                            temp         000525
ttemp7                                            temp         000529
wtemp0                                            temp         000521
wtemp1                                            temp         000523
wtemp2                                            temp         000525
wtemp3                                            temp         000527
wtemp4                                            temp         000529
wtemp5                                            temp         00052B
wtemp8                                            temp         000522
