Microchip MPLAB XC8 Compiler V3.10

Linker command line:

-W-3 \
  --edf=/root/.mchp_packs/Microchip/PIC18F-Q_DFP/1.30.487/xc8/pic/dat/20260311214434_en.msgs \
  -pivt0x8=08h -cn -h+dist/default/production/bmc_slave.X.production.sym \
  --cmf=dist/default/production/bmc_slave.X.production.cmf -z -Q18F57Q84 \
  -o/tmp/xcXdEejal/driver_tmp_3.o --defsym=__MPLAB_BUILD=1 \
  --fixupoverflow=error \
  -Mdist/default/production/bmc_slave.X.production.map \
  --md=/tmp/xcXdEejal/driver_tmp_0.dat -E1 -ver=XC8 Compiler \
  -ACODE=00h-01FFFFh -ACONST=00h-01FFFFh \
  -ASMALLCONST=04000h-040FFhx192,014000h-0140FFhx192 \
  -AMEDIUMCONST=04000h-0FFFFh,014000h-01FFFFh -ACOMRAM=0501h-055Fh \
  -AABS1=0500h-036FFh -ABIGRAM=0501h-036FFh \
  -ARAM=0560h-05FFh,0600h-06FFhx49 -ABANK5=0560h-05FFh -ABANK6=0600h-06FFh \
  -ABANK7=0700h-07FFh -ABANK8=0800h-08FFh -ABANK9=0900h-09FFh \
  -ABANK10=0A00h-0AFFh -ABANK11=0B00h-0BFFh -ABANK12=0C00h-0CFFh \
  -ABANK13=0D00h-0DFFh -ABANK14=0E00h-0EFFh -ABANK15=0F00h-0FFFh \
  -ABANK16=01000h-010FFh -ABANK17=01100h-011FFh -ABANK18=01200h-012FFh \
  -ABANK19=01300h-013FFh -ABANK20=01400h-014FFh -ABANK21=01500h-015FFh \
  -ABANK22=01600h-016FFh -ABANK23=01700h-017FFh -ABANK24=01800h-018FFh \
  -ABANK25=01900h-019FFh -ABANK26=01A00h-01AFFh -ABANK27=01B00h-01BFFh \
  -ABANK28=01C00h-01CFFh -ABANK29=01D00h-01DFFh -ABANK30=01E00h-01EFFh \
  -ABANK31=01F00h-01FFFh -ABANK32=02000h-020FFh -ABANK33=02100h-021FFh \
  -ABANK34=02200h-022FFh -ABANK35=02300h-023FFh -ABANK36=02400h-024FFh \
  -ABANK37=02500h-025FFh -ABANK38=02600h-026FFh -ABANK39=02700h-027FFh \
  -ABANK40=02800h-028FFh -ABANK41=02900h-029FFh -ABANK42=02A00h-02AFFh \
  -ABANK43=02B00h-02BFFh -ABANK44=02C00h-02CFFh -ABANK45=02D00h-02DFFh \
  -ABANK46=02E00h-02EFFh -ABANK47=02F00h-02FFFh -ABANK48=03000h-030FFh \
  -ABANK49=03100h-031FFh -ABANK50=03200h-032FFh -ABANK51=03300h-033FFh \
  -ABANK52=03400h-034FFh -ABANK53=03500h-035FFh -ABANK54=03600h-036FFh \
  -ASFR=00h-0FFhx4,0400h-045Fh,0460h-04FFh,03700h-037FFhx9 \
  -ABIGSFR=00h-04FFh,03700h-03FFFh -ACONFIG=0300000h-0300023h \
  -AIDLOC=0200000h-020003Fh -AEEDATA=0380000h-03803FFh -peeprom_data=EEDATA \
  -preset_vec=00h -ppowerup=CODE,init -pramtop=04000h \
  -psmallconst=SMALLCONST -pmediumconst=MEDIUMCONST -pconst=CONST \
  -AFARRAM=00h-00h \
  -prdata=COMRAM,nvrram=COMRAM,nvbit=COMRAM,rbss=COMRAM,rbit=COMRAM \
  -pfarbss=FARRAM,fardata=FARRAM,nvFARRAM=FARRAM \
  -pintsave_regs=BIGRAM,bigbss=BIGRAM,bigdata=BIGRAM -pbss=RAM \
  -pidata=CODE,irdata=CODE,ibigdata=CODE,ifardata=CODE -pparam5=BANK5 \
  /tmp/xcXdEejal/driver_tmp_12.o \
  dist/default/production/bmc_slave.X.production.o 

Object code version is 3.11

Machine type is 18F57Q84



                Name                               Link     Load   Length Selector   Space Scale
/tmp/xcXdEejal/driver_tmp_12.o
                config                           300000   300000       23        0       4
                init                                10A      10A        4        4       0
                reset_vec                             0        0        4        0       0
dist/default/production/bmc_slave.X.production.o
                config                           300000   300000       23        0       4
                mediumconst                        D178     D178     2E88     68BC       0
                ivt0x8                                8        8      102        4       0
                text340                           1FC5A    1FC5A        2     7DEB       0
                text339                           1FB8A    1FB8A        8     7DEB       0
                text338                           1F4B6    1F4B6       22     7BB0       0
                text337                           1F6BE    1F6BE       1E     7BB0       0
                text336                           1E730    1E730       3E     79CC       0
                text335                           1F6A0    1F6A0       1E     7BB0       0
                text334                           1FC2C    1FC2C        4     7DEB       0
                text333                           1FBFE    1FBFE        6     7DEB       0
                text332                           1FC28    1FC28        4     7DEB       0
                text331                           1FC58    1FC58        2     7DEB       0
                text330                           1FC24    1FC24        4     7DEB       0
                text329                           1FC56    1FC56        2     7DEB       0
                text328                           1DFC4    1DFC4       50     EEEA       0
                text327                           1CA7C    1CA7C       9C     8000       0
                text326                           1EEC0    1EEC0       36     7BB0       0
                text325                           1F112    1F112       2E     7BB0       0
                text324                           1EE88    1EE88       36     7BA2       0
                text323                           1ECCC    1ECCC       38     7AA7       0
                text322                           1EC94    1EC94       38     7AA7       0
                text321                           1EC5C    1EC5C       38     7AA7       0
                text320                           1EC24    1EC24       38     7AA7       0
                text319                           1EBEC    1EBEC       38     7AA7       0
                text318                           1F318    1F318       2A     7BB0       0
                text317                           1FC54    1FC54        2     7DEB       0
                text316                           1F8B6    1F8B6       10     7DEB       0
                text315                           1FC52    1FC52        2     7DEB       0
                text314                           1F864    1F864       12     7DEB       0
                text313                           1EBB4    1EBB4       38     7AA7       0
                text312                           1FC20    1FC20        4     7DEB       0
                text311                           1FC50    1FC50        2     7DEB       0
                text310                           1F494    1F494       22     7BB0       0
                text309                           1E980    1E980       3A     7A60       0
                text308                           1FB70    1FB70        A     7DEB       0
                text307                           1EF2A    1EF2A       34     7BB0       0
                text306                           1F8A6    1F8A6       10     7DEB       0
                text305                           1F2EE    1F2EE       2A     7BB0       0
                text304                           1E944    1E944       3A     F411       0
                text303                           1FB20    1FB20        E     7DEB       0
                text302                           15A8E    15A8E      796     8000       0
                text301                           1FC4E    1FC4E        2     7DEB       0
                text300                           1EE50    1EE50       36     7B94       0
                text299                           1F852    1F852       12     7DEB       0
                text298                           1FC4C    1FC4C        2     7DEB       0
                text297                           1EE18    1EE18       36     7B86       0
                text296                           1FC4A    1FC4A        2     7DEB       0
                text295                           1EB7C    1EB7C       38     7AA7       0
                text294                           1FC48    1FC48        2     7DEB       0
                text293                           1EB44    1EB44       38     7AA7       0
                text292                           1FC46    1FC46        2     7DEB       0
                text291                           1EB0C    1EB0C       38     7AA7       0
                text290                           1F518    1F518       20     7BB0       0
                text289                           1DF74    1DF74       50     EEEA       0
                text288                           1FC44    1FC44        2     7DEB       0
                text287                           1F472    1F472       22     7BB0       0
                text286                           1F682    1F682       1E     7BB0       0
                text285                           1E6F0    1E6F0       3E     79BC       0
                text284                           1FC1C    1FC1C        4     7DEB       0
                text283                           1EAD4    1EAD4       38     7AA7       0
                text282                           1FBF8    1FBF8        6     7DEB       0
                text281                           1FC42    1FC42        2     7DEB       0
                text280                           1FC40    1FC40        2     7DEB       0
                text279                           1EA9C    1EA9C       38     7AA7       0
                text278                           1FB46    1FB46        C     7DEB       0
                text277                           1E90A    1E90A       3A     F411       0
                text276                           1E8D0    1E8D0       3A     F411       0
                text275                           1B9B8    1B9B8      10E     8000       0
                text274                           1F44E    1F44E       24     7BB0       0
                text273                           1F7AC    1F7AC       18     7DEB       0
                text272                           1F6F8    1F6F8       1C     7BB0       0
                text271                           1FBF2    1FBF2        6     7DEB       0
                text270                           1FC3E    1FC3E        2     7DEB       0
                text269                           1FC3C    1FC3C        2     7DEB       0
                text268                           1C9E0    1C9E0       9C     8000       0
                text267                           1EDE0    1EDE0       36     7B78       0
                text266                           1F2C4    1F2C4       2A     7BB0       0
                text265                           1EDA8    1EDA8       36     7B6A       0
                text264                           1F82C    1F82C       14     7DEB       0
                text263                           1FC3A    1FC3A        2     7DEB       0
                text262                           1F29A    1F29A       2A     7BB0       0
                text261                           1F748    1F748       1A     7BB0       0
                text260                           1FC38    1FC38        2     7DEB       0
                text259                           1FB12    1FB12        E     7DEB       0
                text258                           1FC36    1FC36        2     7DEB       0
                text257                           1E670    1E670       40     7866       0
                text256                           1F664    1F664       1E     7BB0       0
                text255                           1F72E    1F72E       1A     7BB0       0
                text254                           1FC34    1FC34        2     7DEB       0
                text253                           1E198    1E198       4C     7866       0
                text252                           1FB82    1FB82        8     7DEB       0
                text251                           1F646    1F646       1E     7BB0       0
                text250                           1FB04    1FB04        E     7DEB       0
                text249                           1F896    1F896       10     7DEB       0
                text248                           1CC48    1CC48       96     8000       0
                text247                           1FC32    1FC32        2     7DEB       0
                text246                           1CE06    1CE06       94     8000       0
                text245                           1F42A    1F42A       24     7BB0       0
                text244                           1F0B4    1F0B4       30     7BB0       0
                text243                           1F084    1F084       30     7BB0       0
                text242                           1FAF6    1FAF6        E     7DEB       0
                text241                           1FAE8    1FAE8        E     7DEB       0
                text240                           1FADA    1FADA        E     7DEB       0
                text239                           1D162    1D162       8A     8000       0
                text238                           1F270    1F270       2A     7BB0       0
                text237                           1DF24    1DF24       50     EEEA       0
                text236                           1FB3A    1FB3A        C     7DEB       0
                text235                           1FACC    1FACC        E     7DEB       0
                text234                           1FABE    1FABE        E     7DEB       0
                text233                           1D92A    1D92A       6E     EA02       0
                text232                           1FAB0    1FAB0        E     7DEB       0
                text231                           1FAA2    1FAA2        E     7DEB       0
                text230                           1FA94    1FA94        E     7DEB       0
                text229                           1D608    1D608       76     EA02       0
                text228                           1FA86    1FA86        E     7DEB       0
                text227                           1FA78    1FA78        E     7DEB       0
                text226                           1FA6A    1FA6A        E     7DEB       0
                text225                           1D766    1D766       74     EA02       0
                text224                           1DB36    1DB36       66     EA02       0
                text223                           1F792    1F792       18     7BB0       0
                text222                           1FA5C    1FA5C        E     7DEB       0
                text221                           1BF78    1BF78       DE     8000       0
                text220                           1F7DA    1F7DA       16     7DEB       0
                text219                           1F714    1F714       1A     7BB0       0
                text218                           1FA4E    1FA4E        E     7DEB       0
                text217                           1FA40    1FA40        E     7DEB       0
                text216                           1E896    1E896       3A     F411       0
                text215                           1FA32    1FA32        E     7DEB       0
                text214                           1FA24    1FA24        E     7DEB       0
                text213                           1E630    1E630       40     7866       0
                text212                           1FA16    1FA16        E     7DEB       0
                text211                           1E14A    1E14A       4C     EEEA       0
                text210                           1F7C4    1F7C4       16     7DEB       0
                text209                           1FA08    1FA08        E     7DEB       0
                text208                           1E0B0    1E0B0       4E     EEEA       0
                text207                           1F9FA    1F9FA        E     7DEB       0
                text206                           1F1F0    1F1F0       2C     7BB0       0
                text205                           1F9EC    1F9EC        E     7DEB       0
                text204                           1E062    1E062       4E     EEEA       0
                text203                           1F9DE    1F9DE        E     7DEB       0
                text202                           1F1C4    1F1C4       2C     7BB0       0
                text201                           1F9D0    1F9D0        E     7DEB       0
                text200                           1F9C2    1F9C2        E     7DEB       0
                text199                           1F9B4    1F9B4        E     7DEB       0
                text198                           1F9A6    1F9A6        E     7DEB       0
                text197                           1F998    1F998        E     7DEB       0
                text196                           1CD72    1CD72       94     8000       0
                text195                           1F98A    1F98A        E     7DEB       0
                text194                           1F97C    1F97C        E     7DEB       0
                text193                           1F96E    1F96E        E     7DEB       0
                text192                           1DC60    1DC60       60     EA02       0
                text191                           1F960    1F960        E     7DEB       0
                text190                           1F952    1F952        E     7DEB       0
                text189                           1F944    1F944        E     7DEB       0
                text188                           1F936    1F936        E     7DEB       0
                text187                           1F928    1F928        E     7DEB       0
                text186                           1CCDE    1CCDE       94     8000       0
                text185                           1DBFE    1DBFE       62     EA02       0
                text184                           1F246    1F246       2A     7BB0       0
                text183                           1FBEC    1FBEC        6     7DEB       0
                text182                           1FBE6    1FBE6        6     7DEB       0
                text181                           1FBE0    1FBE0        6     7DEB       0
                text180                           1FBDA    1FBDA        6     7DEB       0
                text179                           1FBD4    1FBD4        6     7DEB       0
                text178                           1FC18    1FC18        4     7DEB       0
                text177                           1FBCE    1FBCE        6     7DEB       0
                text176                           1CF2C    1CF2C       92     8000       0
                text175                           1B4EE    1B4EE      144     8000       0
                text174                           1D588    1D588       80     EA02       0
                text173                           1F21C    1F21C       2A     7BB0       0
                text172                           1D998    1D998       6C     EA02       0
                text171                           1986E    1986E      248     8000       0
                text170                           1C2C8    1C2C8       CA     8000       0
                text169                           1C7F6    1C7F6       AA     8000       0
                text168                           1D486    1D486       82     EA02       0
                text167                           1DAD0    1DAD0       66     EA02       0
                text166                           1DE2A    1DE2A       56     EEEA       0
                text165                           16974    16974      6B6     8000       0
                text164                           1D508    1D508       80     EA02       0
                text163                           1F628    1F628       1E     7BB0       0
                text162                           1D8BC    1D8BC       6E     EA02       0
                text161                           18EA6    18EA6      286     8000       0
                text160                           1D04C    1D04C       8C     8000       0
                text159                           1C128    1C128       D2     8000       0
                text158                           1802E    1802E      32A     8000       0
                text157                           1F054    1F054       30     7BB0       0
                text156                           18358    18358      30A     8000       0
                text155                           1E39A    1E39A       48     7866       0
                text154                           1C056    1C056       D2     8000       0
                text153                           1C392    1C392       C8     8000       0
                text152                           1A9BC    1A9BC      1AA     8000       0
                text151                           1DD1E    1DD1E       5E     EA02       0
                text150                           1FC30    1FC30        2     7DEB       0
                text149                           1C940    1C940       A0     8000       0
                text148                           1ED70    1ED70       36     7AA7       0
                text147                           1E352    1E352       48     7866       0
                text146                           1D2FA    1D2FA       86     8000       0
                text145                           1EFC2    1EFC2       32     7BB0       0
                text144                           146B6    146B6      A50     8000       0
                text143                           1CBB2    1CBB2       96     8000       0
                text142                           1B3A8    1B3A8      146     8000       0
                text141                           1B896    1B896      122     8000       0
                text140                           1F392    1F392       28     7BB0       0
                text139                           19ECC    19ECC      1F2     8000       0
                text138                           1E278    1E278       4A     7866       0
                text137                           13B48    13B48      B6E     8000       0
                text136                           1B112    1B112      150     8000       0
                text135                           1C694    1C694       B4     8000       0
                text134                           1B262    1B262      146     8000       0
                text133                           1C1FA    1C1FA       CE     8000       0
                text132                           1C748    1C748       AE     8000       0
                text131                           1AB66    1AB66      182     8000       0
                text130                           1A808    1A808      1B4     8000       0
                text129                           12EAA    12EAA      C9E     8000       0
                text128                           1DDD4    1DDD4       56     EEEA       0
                text127                           1C45A    1C45A       C4     8000       0
                text126                           11BDC    11BDC     12CE     8000       0
                text125                           1DE80    1DE80       54     EEEA       0
                text124                           1AFBC    1AFBC      156     8000       0
                text123                           1F91A    1F91A        E     7DEB       0
                text122                           1F90C    1F90C        E     7DEB       0
                text121                           1FBC8    1FBC8        6     7DEB       0
                text120                           1FBC2    1FBC2        6     7DEB       0
                text119                           1FBBC    1FBBC        6     7DEB       0
                text118                           1E5F0    1E5F0       40     7866       0
                text117                           1F818    1F818       14     7DEB       0
                text116                           1ED3A    1ED3A       36     7AA7       0
                text115                           1F8FE    1F8FE        E     7DEB       0
                text114                           1DB9C    1DB9C       62     EA02       0
                text113                           1E7AA    1E7AA       3C     79CC       0
                text112                           1ED04    1ED04       36     7AA7       0
                text111                           1F886    1F886       10     7DEB       0
                text110                           1F804    1F804       14     7DEB       0
                text109                           1F840    1F840       12     7DEB       0
                text108                           1F7F0    1F7F0       14     7DEB       0
                text107                           1E5B0    1E5B0       40     7866       0
                text106                           1D84C    1D84C       70     EA02       0
                text105                           1D7DA    1D7DA       72     EA02       0
                text104                           1E570    1E570       40     7866       0
                text103                           1F60A    1F60A       1E     7BB0       0
                text102                           1E85C    1E85C       3A     F411       0
                text101                           15106    15106      988     8000       0
                text100                           1F406    1F406       24     7BB0       0
                text99                            19CD0    19CD0      1FC     8000       0
                text98                            18662    18662      2F0     8000       0
                text97                            1A0BE    1A0BE      1EE     8000       0
                text96                            1E014    1E014       4E     EEEA       0
                text95                            1E822    1E822       3A     F411       0
                text94                            1FC14    1FC14        4     7DEB       0
                text93                            1EA62    1EA62       38     7A60       0
                text92                            1F5EC    1F5EC       1E     7BB0       0
                text91                            1F5CE    1F5CE       1E     7BB0       0
                text90                            1FB66    1FB66        A     7DEB       0
                text89                            1F5B0    1F5B0       1E     7BB0       0
                text88                            1FB5C    1FB5C        A     7DEB       0
                text87                            1F592    1F592       1E     7BB0       0
                text86                            1F198    1F198       2C     7BB0       0
                text85                            1EA2A    1EA2A       38     7A60       0
                text84                            1AE64    1AE64      158     8000       0
                text83                            1FBB6    1FBB6        6     7DEB       0
                text82                            1FBB0    1FBB0        6     7DEB       0
                text81                            1FBAA    1FBAA        6     7DEB       0
                text80                            1E530    1E530       40     7866       0
                text79                            1E0FE    1E0FE       4C     EEEA       0
                text78                            1FB52    1FB52        A     7DEB       0
                text77                            1E22E    1E22E       4A     7866       0
                text76                            1E76E    1E76E       3C     79CC       0
                text75                            1F8F0    1F8F0        E     7DEB       0
                text74                            1B76A    1B76A      12C     8000       0
                text73                            1F574    1F574       1E     7BB0       0
                text72                            18C06    18C06      2A0     8000       0
                text71                            1EEF6    1EEF6       34     7BB0       0
                text70                            1702A    1702A      4C4     8000       0
                text69                            1CFBE    1CFBE       8E     8000       0
                text68                            1E9F2    1E9F2       38     7A60       0
                text67                            1A2AC    1A2AC      1D4     8000       0
                text66                            193AE    193AE      264     8000       0
                text65                            1ACE8    1ACE8      17C     8000       0
                text64                            16224    16224      750     8000       0
                text63                            174EE    174EE      416     8000       0
                text62                            1E428    1E428       44     7866       0
                text61                            1D6F2    1D6F2       74     EA02       0
                text60                            1CB18    1CB18       9A     8000       0
                text59                            1E6B0    1E6B0       3E     7866       0
                text58                            1F556    1F556       1E     7BB0       0
                text57                            1D1EC    1D1EC       88     8000       0
                text56                            1D0D8    1D0D8       8A     8000       0
                text55                            1F16C    1F16C       2C     7BB0       0
                text54                            1FB7A    1FB7A        8     7DEB       0
                text53                            1F876    1F876       10     7DEB       0
                text52                            1DED4    1DED4       50     EEEA       0
                text51                            1E4AE    1E4AE       42     7866       0
                text50                            1E46C    1E46C       42     7866       0
                text49                            1BDAA    1BDAA       EA     8000       0
                text48                            1B632    1B632      138     8000       0
                text47                            1EF90    1EF90       32     7BB0       0
                text46                            1E4F0    1E4F0       40     7866       0
                text45                            1BCBE    1BCBE       EC     8000       0
                text44                            1FC10    1FC10        4     7DEB       0
                text43                            1FBA4    1FBA4        6     7DEB       0
                text42                            1F36A    1F36A       28     7BB0       0
                text41                            1F342    1F342       28     7BB0       0
                text40                            19612    19612      25C     8000       0
                text39                            1F024    1F024       30     7BB0       0
                text38                            1912C    1912C      282     8000       0
                text37                            1FB9E    1FB9E        6     7DEB       0
                text36                            1FB98    1FB98        6     7DEB       0
                text35                            1EFF4    1EFF4       30     7BB0       0
                text34                            1BAC6    1BAC6      10C     8000       0
                text33                            1DA6A    1DA6A       66     EA02       0
                text32                            1DCC0    1DCC0       5E     EA02       0
                text31                            1DA04    1DA04       66     EA02       0
                text30                            1A64A    1A64A      1BE     8000       0
                text29                            1F8E2    1F8E2        E     7DEB       0
                text28                            1EF5E    1EF5E       32     7BB0       0
                text27                            1F8D4    1F8D4        E     7DEB       0
                text26                            1E30A    1E30A       48     7866       0
                text25                            1D274    1D274       86     8000       0
                text24                            1BE94    1BE94       E4     8000       0
                text23                            1F8C6    1F8C6        E     7DEB       0
                text22                            1FC0C    1FC0C        4     7DEB       0
                text21                            1F77A    1F77A       18     7BB0       0
                text20                            1F762    1F762       18     7BB0       0
                text19                            1BBD2    1BBD2       EC     8000       0
                text18                            1A480    1A480      1CA     8000       0
                text17                            1F3E0    1F3E0       26     7BB0       0
                text16                            1F4F8    1F4F8       20     7BB0       0
                text15                            1D404    1D404       82     EA02       0
                text14                            1F538    1F538       1E     7BB0       0
                text13                            1C8A0    1C8A0       A0     8000       0
                text12                            1E2C2    1E2C2       48     7866       0
                text11                            1F6DC    1F6DC       1C     7BB0       0
                text10                            1F140    1F140       2C     7BB0       0
                text9                             1F3BA    1F3BA       26     7BB0       0
                text8                             1D67E    1D67E       74     EA02       0
                text7                             19AB6    19AB6      21A     8000       0
                text6                             17C9C    17C9C      392     8000       0
                text5                             1CE9A    1CE9A       92     8000       0
                text4                             1E1E4    1E1E4       4A     7866       0
                text3                             1F4D8    1F4D8       20     7BB0       0
                text2                             1E3E2    1E3E2       46     7866       0
                text1                             1C5E0    1C5E0       B4     8000       0
                text0                             10000    10000     1BDC     8000       0
                cstackCOMRAM                        501      501       37      501       1
                cstackBANK5                         560      560       82      560       1
                cstackBANK6                         600      600      100      600       1
                cstackBANK7                         7E3      7E3       19      700       1
                dataBIGRAM                         26FC     26FC      398     1AFA       1
                bssBIGRAM                          1AFA     1AFA      C02     1AFA       1
                bssBANK26                          1A00     1A00       FA     1A00       1
                bssBANK25                          1900     1900       FA     1900       1
                bssBANK24                          1800     1800       FF     1800       1
                bssBANK23                          1700     1700       F4     1700       1
                bssBANK22                          1600     1600       FF     1600       1
                bssBANK21                          1500     1500       FA     1500       1
                bssBANK20                          1400     1400       FF     1400       1
                bssBANK19                          1300     1300       FF     1300       1
                bssBANK18                          1200     1200       94     1200       1
                bssBANK17                          1100     1100       FA     1100       1
                dataBANK16                         10A9     10A9       2E     1000       1
                bssBANK16                          1000     1000       A9     1000       1
                bssBANK15                           F00      F00       FE      F00       1
                bssBANK14                           E00      E00       FA      E00       1
                dataBANK13                          DB5      DB5       38      D00       1
                bssBANK13                           D00      D00       B5      D00       1
                dataBANK12                          CA0      CA0       57      C00       1
                bssBANK12                           C00      C00       A0      C00       1
                dataBANK11                          BF4      BF4        C      B00       1
                bssBANK11                           B00      B00       F4      B00       1
                dataBANK10                          A00      A00       83      A00       1
                bssBANK10                           A83      A83       79      A00       1
                dataBANK9                           900      900       C2      900       1
                bssBANK9                            9C2      9C2       3D      900       1
                dataBANK8                           8FC      8FC        4      800       1
                bssBANK8                            800      800       FC      800       1
                dataBANK7                           7A8      7A8       3B      700       1
                bssBANK7                            700      700       A8      700       1
                dataBANK5                           5FC      5FC        4      560       1
                bssBANK5                            5E2      5E2       1A      560       1
                dataCOMRAM                          55A      55A        6      501       1
                bssCOMRAM                           538      538       22      501       1
                cinit                             18952    18952      2B4     8000       0
                idataBANK16                       1F0E4    1F0E4       2E     7BB0       0
                idataBANK13                       1E9BA    1E9BA       38     7A60       0
                idataBANK12                       1DD7C    1DD7C       57     EA02       0
                idataBANK11                       1FB2E    1FB2E        C     7DEB       0
                idataBANK10                       1D380    1D380       83     8000       0
                idataBANK9                        1C51E    1C51E       C2     8000       0
                idataBANK8                        1FC08    1FC08        4     7DEB       0
                idataBANK7                        1E7E6    1E7E6       3B     79CC       0
                idataBANK5                        1FC04    1FC04        4     7DEB       0
                idataBIGRAM                       17904    17904      398     8000       0
                idataCOMRAM                       1FB92    1FB92        6     7DEB       0

TOTAL           Name                               Link     Load   Length     Space
        CLASS   CODE           
                init                                10A      10A        4         0
                reset_vec                             0        0        4         0
                ivt0x8                                8        8      102         0
                text340                           1FC5A    1FC5A        2         0
                text339                           1FB8A    1FB8A        8         0
                text338                           1F4B6    1F4B6       22         0
                text337                           1F6BE    1F6BE       1E         0
                text336                           1E730    1E730       3E         0
                text335                           1F6A0    1F6A0       1E         0
                text334                           1FC2C    1FC2C        4         0
                text333                           1FBFE    1FBFE        6         0
                text332                           1FC28    1FC28        4         0
                text331                           1FC58    1FC58        2         0
                text330                           1FC24    1FC24        4         0
                text329                           1FC56    1FC56        2         0
                text328                           1DFC4    1DFC4       50         0
                text327                           1CA7C    1CA7C       9C         0
                text326                           1EEC0    1EEC0       36         0
                text325                           1F112    1F112       2E         0
                text324                           1EE88    1EE88       36         0
                text323                           1ECCC    1ECCC       38         0
                text322                           1EC94    1EC94       38         0
                text321                           1EC5C    1EC5C       38         0
                text320                           1EC24    1EC24       38         0
                text319                           1EBEC    1EBEC       38         0
                text318                           1F318    1F318       2A         0
                text317                           1FC54    1FC54        2         0
                text316                           1F8B6    1F8B6       10         0
                text315                           1FC52    1FC52        2         0
                text314                           1F864    1F864       12         0
                text313                           1EBB4    1EBB4       38         0
                text312                           1FC20    1FC20        4         0
                text311                           1FC50    1FC50        2         0
                text310                           1F494    1F494       22         0
                text309                           1E980    1E980       3A         0
                text308                           1FB70    1FB70        A         0
                text307                           1EF2A    1EF2A       34         0
                text306                           1F8A6    1F8A6       10         0
                text305                           1F2EE    1F2EE       2A         0
                text304                           1E944    1E944       3A         0
                text303                           1FB20    1FB20        E         0
                text302                           15A8E    15A8E      796         0
                text301                           1FC4E    1FC4E        2         0
                text300                           1EE50    1EE50       36         0
                text299                           1F852    1F852       12         0
                text298                           1FC4C    1FC4C        2         0
                text297                           1EE18    1EE18       36         0
                text296                           1FC4A    1FC4A        2         0
                text295                           1EB7C    1EB7C       38         0
                text294                           1FC48    1FC48        2         0
                text293                           1EB44    1EB44       38         0
                text292                           1FC46    1FC46        2         0
                text291                           1EB0C    1EB0C       38         0
                text290                           1F518    1F518       20         0
                text289                           1DF74    1DF74       50         0
                text288                           1FC44    1FC44        2         0
                text287                           1F472    1F472       22         0
                text286                           1F682    1F682       1E         0
                text285                           1E6F0    1E6F0       3E         0
                text284                           1FC1C    1FC1C        4         0
                text283                           1EAD4    1EAD4       38         0
                text282                           1FBF8    1FBF8        6         0
                text281                           1FC42    1FC42        2         0
                text280                           1FC40    1FC40        2         0
                text279                           1EA9C    1EA9C       38         0
                text278                           1FB46    1FB46        C         0
                text277                           1E90A    1E90A       3A         0
                text276                           1E8D0    1E8D0       3A         0
                text275                           1B9B8    1B9B8      10E         0
                text274                           1F44E    1F44E       24         0
                text273                           1F7AC    1F7AC       18         0
                text272                           1F6F8    1F6F8       1C         0
                text271                           1FBF2    1FBF2        6         0
                text270                           1FC3E    1FC3E        2         0
                text269                           1FC3C    1FC3C        2         0
                text268                           1C9E0    1C9E0       9C         0
                text267                           1EDE0    1EDE0       36         0
                text266                           1F2C4    1F2C4       2A         0
                text265                           1EDA8    1EDA8       36         0
                text264                           1F82C    1F82C       14         0
                text263                           1FC3A    1FC3A        2         0
                text262                           1F29A    1F29A       2A         0
                text261                           1F748    1F748       1A         0
                text260                           1FC38    1FC38        2         0
                text259                           1FB12    1FB12        E         0
                text258                           1FC36    1FC36        2         0
                text257                           1E670    1E670       40         0
                text256                           1F664    1F664       1E         0
                text255                           1F72E    1F72E       1A         0
                text254                           1FC34    1FC34        2         0
                text253                           1E198    1E198       4C         0
                text252                           1FB82    1FB82        8         0
                text251                           1F646    1F646       1E         0
                text250                           1FB04    1FB04        E         0
                text249                           1F896    1F896       10         0
                text248                           1CC48    1CC48       96         0
                text247                           1FC32    1FC32        2         0
                text246                           1CE06    1CE06       94         0
                text245                           1F42A    1F42A       24         0
                text244                           1F0B4    1F0B4       30         0
                text243                           1F084    1F084       30         0
                text242                           1FAF6    1FAF6        E         0
                text241                           1FAE8    1FAE8        E         0
                text240                           1FADA    1FADA        E         0
                text239                           1D162    1D162       8A         0
                text238                           1F270    1F270       2A         0
                text237                           1DF24    1DF24       50         0
                text236                           1FB3A    1FB3A        C         0
                text235                           1FACC    1FACC        E         0
                text234                           1FABE    1FABE        E         0
                text233                           1D92A    1D92A       6E         0
                text232                           1FAB0    1FAB0        E         0
                text231                           1FAA2    1FAA2        E         0
                text230                           1FA94    1FA94        E         0
                text229                           1D608    1D608       76         0
                text228                           1FA86    1FA86        E         0
                text227                           1FA78    1FA78        E         0
                text226                           1FA6A    1FA6A        E         0
                text225                           1D766    1D766       74         0
                text224                           1DB36    1DB36       66         0
                text223                           1F792    1F792       18         0
                text222                           1FA5C    1FA5C        E         0
                text221                           1BF78    1BF78       DE         0
                text220                           1F7DA    1F7DA       16         0
                text219                           1F714    1F714       1A         0
                text218                           1FA4E    1FA4E        E         0
                text217                           1FA40    1FA40        E         0
                text216                           1E896    1E896       3A         0
                text215                           1FA32    1FA32        E         0
                text214                           1FA24    1FA24        E         0
                text213                           1E630    1E630       40         0
                text212                           1FA16    1FA16        E         0
                text211                           1E14A    1E14A       4C         0
                text210                           1F7C4    1F7C4       16         0
                text209                           1FA08    1FA08        E         0
                text208                           1E0B0    1E0B0       4E         0
                text207                           1F9FA    1F9FA        E         0
                text206                           1F1F0    1F1F0       2C         0
                text205                           1F9EC    1F9EC        E         0
                text204                           1E062    1E062       4E         0
                text203                           1F9DE    1F9DE        E         0
                text202                           1F1C4    1F1C4       2C         0
                text201                           1F9D0    1F9D0        E         0
                text200                           1F9C2    1F9C2        E         0
                text199                           1F9B4    1F9B4        E         0
                text198                           1F9A6    1F9A6        E         0
                text197                           1F998    1F998        E         0
                text196                           1CD72    1CD72       94         0
                text195                           1F98A    1F98A        E         0
                text194                           1F97C    1F97C        E         0
                text193                           1F96E    1F96E        E         0
                text192                           1DC60    1DC60       60         0
                text191                           1F960    1F960        E         0
                text190                           1F952    1F952        E         0
                text189                           1F944    1F944        E         0
                text188                           1F936    1F936        E         0
                text187                           1F928    1F928        E         0
                text186                           1CCDE    1CCDE       94         0
                text185                           1DBFE    1DBFE       62         0
                text184                           1F246    1F246       2A         0
                text183                           1FBEC    1FBEC        6         0
                text182                           1FBE6    1FBE6        6         0
                text181                           1FBE0    1FBE0        6         0
                text180                           1FBDA    1FBDA        6         0
                text179                           1FBD4    1FBD4        6         0
                text178                           1FC18    1FC18        4         0
                text177                           1FBCE    1FBCE        6         0
                text176                           1CF2C    1CF2C       92         0
                text175                           1B4EE    1B4EE      144         0
                text174                           1D588    1D588       80         0
                text173                           1F21C    1F21C       2A         0
                text172                           1D998    1D998       6C         0
                text171                           1986E    1986E      248         0
                text170                           1C2C8    1C2C8       CA         0
                text169                           1C7F6    1C7F6       AA         0
                text168                           1D486    1D486       82         0
                text167                           1DAD0    1DAD0       66         0
                text166                           1DE2A    1DE2A       56         0
                text165                           16974    16974      6B6         0
                text164                           1D508    1D508       80         0
                text163                           1F628    1F628       1E         0
                text162                           1D8BC    1D8BC       6E         0
                text161                           18EA6    18EA6      286         0
                text160                           1D04C    1D04C       8C         0
                text159                           1C128    1C128       D2         0
                text158                           1802E    1802E      32A         0
                text157                           1F054    1F054       30         0
                text156                           18358    18358      30A         0
                text155                           1E39A    1E39A       48         0
                text154                           1C056    1C056       D2         0
                text153                           1C392    1C392       C8         0
                text152                           1A9BC    1A9BC      1AA         0
                text151                           1DD1E    1DD1E       5E         0
                text150                           1FC30    1FC30        2         0
                text149                           1C940    1C940       A0         0
                text148                           1ED70    1ED70       36         0
                text147                           1E352    1E352       48         0
                text146                           1D2FA    1D2FA       86         0
                text145                           1EFC2    1EFC2       32         0
                text144                           146B6    146B6      A50         0
                text143                           1CBB2    1CBB2       96         0
                text142                           1B3A8    1B3A8      146         0
                text141                           1B896    1B896      122         0
                text140                           1F392    1F392       28         0
                text139                           19ECC    19ECC      1F2         0
                text138                           1E278    1E278       4A         0
                text137                           13B48    13B48      B6E         0
                text136                           1B112    1B112      150         0
                text135                           1C694    1C694       B4         0
                text134                           1B262    1B262      146         0
                text133                           1C1FA    1C1FA       CE         0
                text132                           1C748    1C748       AE         0
                text131                           1AB66    1AB66      182         0
                text130                           1A808    1A808      1B4         0
                text129                           12EAA    12EAA      C9E         0
                text128                           1DDD4    1DDD4       56         0
                text127                           1C45A    1C45A       C4         0
                text126                           11BDC    11BDC     12CE         0
                text125                           1DE80    1DE80       54         0
                text124                           1AFBC    1AFBC      156         0
                text123                           1F91A    1F91A        E         0
                text122                           1F90C    1F90C        E         0
                text121                           1FBC8    1FBC8        6         0
                text120                           1FBC2    1FBC2        6         0
                text119                           1FBBC    1FBBC        6         0
                text118                           1E5F0    1E5F0       40         0
                text117                           1F818    1F818       14         0
                text116                           1ED3A    1ED3A       36         0
                text115                           1F8FE    1F8FE        E         0
                text114                           1DB9C    1DB9C       62         0
                text113                           1E7AA    1E7AA       3C         0
                text112                           1ED04    1ED04       36         0
                text111                           1F886    1F886       10         0
                text110                           1F804    1F804       14         0
                text109                           1F840    1F840       12         0
                text108                           1F7F0    1F7F0       14         0
                text107                           1E5B0    1E5B0       40         0
                text106                           1D84C    1D84C       70         0
                text105                           1D7DA    1D7DA       72         0
                text104                           1E570    1E570       40         0
                text103                           1F60A    1F60A       1E         0
                text102                           1E85C    1E85C       3A         0
                text101                           15106    15106      988         0
                text100                           1F406    1F406       24         0
                text99                            19CD0    19CD0      1FC         0
                text98                            18662    18662      2F0         0
                text97                            1A0BE    1A0BE      1EE         0
                text96                            1E014    1E014       4E         0
                text95                            1E822    1E822       3A         0
                text94                            1FC14    1FC14        4         0
                text93                            1EA62    1EA62       38         0
                text92                            1F5EC    1F5EC       1E         0
                text91                            1F5CE    1F5CE       1E         0
                text90                            1FB66    1FB66        A         0
                text89                            1F5B0    1F5B0       1E         0
                text88                            1FB5C    1FB5C        A         0
                text87                            1F592    1F592       1E         0
                text86                            1F198    1F198       2C         0
                text85                            1EA2A    1EA2A       38         0
                text84                            1AE64    1AE64      158         0
                text83                            1FBB6    1FBB6        6         0
                text82                            1FBB0    1FBB0        6         0
                text81                            1FBAA    1FBAA        6         0
                text80                            1E530    1E530       40         0
                text79                            1E0FE    1E0FE       4C         0
                text78                            1FB52    1FB52        A         0
                text77                            1E22E    1E22E       4A         0
                text76                            1E76E    1E76E       3C         0
                text75                            1F8F0    1F8F0        E         0
                text74                            1B76A    1B76A      12C         0
                text73                            1F574    1F574       1E         0
                text72                            18C06    18C06      2A0         0
                text71                            1EEF6    1EEF6       34         0
                text70                            1702A    1702A      4C4         0
                text69                            1CFBE    1CFBE       8E         0
                text68                            1E9F2    1E9F2       38         0
                text67                            1A2AC    1A2AC      1D4         0
                text66                            193AE    193AE      264         0
                text65                            1ACE8    1ACE8      17C         0
                text64                            16224    16224      750         0
                text63                            174EE    174EE      416         0
                text62                            1E428    1E428       44         0
                text61                            1D6F2    1D6F2       74         0
                text60                            1CB18    1CB18       9A         0
                text59                            1E6B0    1E6B0       3E         0
                text58                            1F556    1F556       1E         0
                text57                            1D1EC    1D1EC       88         0
                text56                            1D0D8    1D0D8       8A         0
                text55                            1F16C    1F16C       2C         0
                text54                            1FB7A    1FB7A        8         0
                text53                            1F876    1F876       10         0
                text52                            1DED4    1DED4       50         0
                text51                            1E4AE    1E4AE       42         0
                text50                            1E46C    1E46C       42         0
                text49                            1BDAA    1BDAA       EA         0
                text48                            1B632    1B632      138         0
                text47                            1EF90    1EF90       32         0
                text46                            1E4F0    1E4F0       40         0
                text45                            1BCBE    1BCBE       EC         0
                text44                            1FC10    1FC10        4         0
                text43                            1FBA4    1FBA4        6         0
                text42                            1F36A    1F36A       28         0
                text41                            1F342    1F342       28         0
                text40                            19612    19612      25C         0
                text39                            1F024    1F024       30         0
                text38                            1912C    1912C      282         0
                text37                            1FB9E    1FB9E        6         0
                text36                            1FB98    1FB98        6         0
                text35                            1EFF4    1EFF4       30         0
                text34                            1BAC6    1BAC6      10C         0
                text33                            1DA6A    1DA6A       66         0
                text32                            1DCC0    1DCC0       5E         0
                text31                            1DA04    1DA04       66         0
                text30                            1A64A    1A64A      1BE         0
                text29                            1F8E2    1F8E2        E         0
                text28                            1EF5E    1EF5E       32         0
                text27                            1F8D4    1F8D4        E         0
                text26                            1E30A    1E30A       48         0
                text25                            1D274    1D274       86         0
                text24                            1BE94    1BE94       E4         0
                text23                            1F8C6    1F8C6        E         0
                text22                            1FC0C    1FC0C        4         0
                text21                            1F77A    1F77A       18         0
                text20                            1F762    1F762       18         0
                text19                            1BBD2    1BBD2       EC         0
                text18                            1A480    1A480      1CA         0
                text17                            1F3E0    1F3E0       26         0
                text16                            1F4F8    1F4F8       20         0
                text15                            1D404    1D404       82         0
                text14                            1F538    1F538       1E         0
                text13                            1C8A0    1C8A0       A0         0
                text12                            1E2C2    1E2C2       48         0
                text11                            1F6DC    1F6DC       1C         0
                text10                            1F140    1F140       2C         0
                text9                             1F3BA    1F3BA       26         0
                text8                             1D67E    1D67E       74         0
                text7                             19AB6    19AB6      21A         0
                text6                             17C9C    17C9C      392         0
                text5                             1CE9A    1CE9A       92         0
                text4                             1E1E4    1E1E4       4A         0
                text3                             1F4D8    1F4D8       20         0
                text2                             1E3E2    1E3E2       46         0
                text1                             1C5E0    1C5E0       B4         0
                text0                             10000    10000     1BDC         0
                cinit                             18952    18952      2B4         0
                idataBANK16                       1F0E4    1F0E4       2E         0
                idataBANK13                       1E9BA    1E9BA       38         0
                idataBANK12                       1DD7C    1DD7C       57         0
                idataBANK11                       1FB2E    1FB2E        C         0
                idataBANK10                       1D380    1D380       83         0
                idataBANK9                        1C51E    1C51E       C2         0
                idataBANK8                        1FC08    1FC08        4         0
                idataBANK7                        1E7E6    1E7E6       3B         0
                idataBANK5                        1FC04    1FC04        4         0
                idataBIGRAM                       17904    17904      398         0
                idataCOMRAM                       1FB92    1FB92        6         0

        CLASS   CONST          

        CLASS   SMALLCONST     

        CLASS   MEDIUMCONST    
                mediumconst                        D178     D178     2E88         0

        CLASS   COMRAM         
                cstackCOMRAM                        501      501       37         1
                dataCOMRAM                          55A      55A        6         1
                bssCOMRAM                           538      538       22         1

        CLASS   ABS1           

        CLASS   BIGRAM         
                dataBIGRAM                         26FC     26FC      398         1
                bssBIGRAM                          1AFA     1AFA      C02         1

        CLASS   RAM            

        CLASS   BANK5          
                cstackBANK5                         560      560       82         1
                dataBANK5                           5FC      5FC        4         1
                bssBANK5                            5E2      5E2       1A         1

        CLASS   BANK6          
                cstackBANK6                         600      600      100         1

        CLASS   BANK7          
                cstackBANK7                         7E3      7E3       19         1
                dataBANK7                           7A8      7A8       3B         1
                bssBANK7                            700      700       A8         1

        CLASS   BANK8          
                dataBANK8                           8FC      8FC        4         1
                bssBANK8                            800      800       FC         1

        CLASS   BANK9          
                dataBANK9                           900      900       C2         1
                bssBANK9                            9C2      9C2       3D         1

        CLASS   BANK10         
                dataBANK10                          A00      A00       83         1
                bssBANK10                           A83      A83       79         1

        CLASS   BANK11         
                dataBANK11                          BF4      BF4        C         1
                bssBANK11                           B00      B00       F4         1

        CLASS   BANK12         
                dataBANK12                          CA0      CA0       57         1
                bssBANK12                           C00      C00       A0         1

        CLASS   BANK13         
                dataBANK13                          DB5      DB5       38         1
                bssBANK13                           D00      D00       B5         1

        CLASS   BANK14         
                bssBANK14                           E00      E00       FA         1

        CLASS   BANK15         
                bssBANK15                           F00      F00       FE         1

        CLASS   BANK16         
                dataBANK16                         10A9     10A9       2E         1
                bssBANK16                          1000     1000       A9         1

        CLASS   BANK17         
                bssBANK17                          1100     1100       FA         1

        CLASS   BANK18         
                bssBANK18                          1200     1200       94         1

        CLASS   BANK19         
                bssBANK19                          1300     1300       FF         1

        CLASS   BANK20         
                bssBANK20                          1400     1400       FF         1

        CLASS   BANK21         
                bssBANK21                          1500     1500       FA         1

        CLASS   BANK22         
                bssBANK22                          1600     1600       FF         1

        CLASS   BANK23         
                bssBANK23                          1700     1700       F4         1

        CLASS   BANK24         
                bssBANK24                          1800     1800       FF         1

        CLASS   BANK25         
                bssBANK25                          1900     1900       FA         1

        CLASS   BANK26         
                bssBANK26                          1A00     1A00       FA         1

        CLASS   BANK27         

        CLASS   BANK28         

        CLASS   BANK29         

        CLASS   BANK30         

        CLASS   BANK31         

        CLASS   BANK32         

        CLASS   BANK33         

        CLASS   BANK34         

        CLASS   BANK35         

        CLASS   BANK36         

        CLASS   BANK37         

        CLASS   BANK38         

        CLASS   BANK39         

        CLASS   BANK40         

        CLASS   BANK41         

        CLASS   BANK42         

        CLASS   BANK43         

        CLASS   BANK44         

        CLASS   BANK45         

        CLASS   BANK46         

        CLASS   BANK47         

        CLASS   BANK48         

        CLASS   BANK49         

        CLASS   BANK50         

        CLASS   BANK51         

        CLASS   BANK52         

        CLASS   BANK53         

        CLASS   BANK54         

        CLASS   SFR            

        CLASS   BIGSFR         

        CLASS   CONFIG         
                config                           300000   300000       23         4

        CLASS   IDLOC          

        CLASS   EEDATA         

        CLASS   FARRAM         

        CLASS   HEAP           

        CLASS   STACK          



SEGMENTS        Name                           Load    Length   Top    Selector   Space  Class

                bssBIGRAM                      001AFA  000F9A  002A94      1AFA       1  BIGRAM  
                text0                          010000  00D403  01D403      8000       0  CODE    
                text128                        01DDD4  0003C2  01E196      EEEA       0  CODE    
                text15                         01D404  0009CF  01DDD3      EA02       0  CODE    
                text253                        01E198  000556  01E6EE      7866       0  CODE    
                text285                        01E6F0  00003E  01E72E      79BC       0  CODE    
                text336                        01E730  0000F1  01E821      79CC       0  CODE    
                reset_vec                      000000  000004  000004         0       0  CODE    
                text324                        01EE88  000036  01EEBE      7BA2       0  CODE    
                text273                        01F7AC  0004B0  01FC5C      7DEB       0  CODE    
                text326                        01EEC0  0008EA  01F7AA      7BB0       0  CODE    
                text265                        01EDA8  000036  01EDDE      7B6A       0  CODE    
                text267                        01EDE0  000036  01EE16      7B78       0  CODE    
                text279                        01EA9C  00030A  01EDA6      7AA7       0  CODE    
                text95                         01E822  00015C  01E97E      F411       0  CODE    
                text309                        01E980  00011A  01EA9A      7A60       0  CODE    
                text297                        01EE18  000036  01EE4E      7B86       0  CODE    
                text300                        01EE50  000036  01EE86      7B94       0  CODE    
                bssBANK21                      001500  0000FA  0015FA      1500       1  BANK21  
                bssBANK17                      001100  0000FA  0011FA      1100       1  BANK17  
                bssBANK26                      001A00  0000FA  001AFA      1A00       1  BANK26  
                bssBANK25                      001900  0000FA  0019FA      1900       1  BANK25  
                bssBANK14                      000E00  0000FA  000EFA       E00       1  BANK14  
                bssBANK24                      001800  0000FF  0018FF      1800       1  BANK24  
                bssBANK8                       000800  000100  000900       800       1  BANK8   
                bssBANK15                      000F00  0000FE  000FFE       F00       1  BANK15  
                cstackCOMRAM                   000501  00005F  000560       501       1  COMRAM  
                cstackBANK5                    000560  0000A0  000600       560       1  BANK5   
                mediumconst                    00D178  002E88  010000      68BC       0  MEDIUMCO
                cstackBANK6                    000600  000100  000700       600       1  BANK6   
                ivt0x8                         000008  000106  00010E         4       0  CODE    
                bssBANK22                      001600  0000FF  0016FF      1600       1  BANK22  
                bssBANK19                      001300  0000FF  0013FF      1300       1  BANK19  
                bssBANK20                      001400  0000FF  0014FF      1400       1  BANK20  
                bssBANK11                      000B00  000100  000C00       B00       1  BANK11  
                bssBANK23                      001700  0000F4  0017F4      1700       1  BANK23  
                dataBANK9                      000900  0000FF  0009FF       900       1  BANK9   
                bssBANK12                      000C00  0000F7  000CF7       C00       1  BANK12  
                bssBANK18                      001200  000094  001294      1200       1  BANK18  
                dataBANK10                     000A00  0000FC  000AFC       A00       1  BANK10  
                bssBANK13                      000D00  0000ED  000DED       D00       1  BANK13  
                bssBANK16                      001000  0000D7  0010D7      1000       1  BANK16  
                bssBANK7                       000700  0000FC  0007FC       700       1  BANK7   


UNUSED ADDRESS RANGES

        Name                Unused          Largest block    Delta
        BANK10           000AFC-000AFF                4
        BANK12           000CF7-000CFF                9
        BANK13           000DED-000DFF               13
        BANK14           000EFA-000EFF                6
        BANK15           000FFE-000FFF                2
        BANK16           0010D7-0010FF               29
        BANK17           0011FA-0011FF                6
        BANK18           001294-0012FF               6C
        BANK19           0013FF-0013FF                1
        BANK20           0014FF-0014FF                1
        BANK21           0015FA-0015FF                6
        BANK22           0016FF-0016FF                1
        BANK23           0017F4-0017FF                C
        BANK24           0018FF-0018FF                1
        BANK25           0019FA-0019FF                6
        BANK42           002A94-002AFF               6C
        BANK43           002B00-002BFF              100
        BANK44           002C00-002CFF              100
[...]
		_ADC_GET_BYTES@slaveo$F7455		MEDIUMCONST    	0000	0000	0
		_CMD_ZERO@slaveo$F9479		MEDIUMCONST    	0000	0000	0
		_table_crc_hi@modbus_master$F8979		MEDIUMCONST    	0000	0000	0
		_spin          		MEDIUMCONST    	F62F	0000	120
		_CMD_DEAD      		MEDIUMCONST    	0000	0000	0
		_state_name    		MEDIUMCONST    	F6A7	0000	72
		_ADCDELAY      		MEDIUMCONST    	0000	0000	0
		_DAC_GO_BYTES@slaveo$F8051		MEDIUMCONST    	0000	0000	0
		_CMD_DUMMY@slaveo$F8034		MEDIUMCONST    	0000	0000	0
		_QDELAY@modbus_master$F11411		MEDIUMCONST    	0000	0000	0
		_QDELAY@modbus_master$F10340		MEDIUMCONST    	0000	0000	0
		_QDELAY@modbus_master$F10850		MEDIUMCONST    	0000	0000	0
		_BOFF@modbus_master$F8376		MEDIUMCONST    	0000	0000	0
		_QDELAY        		MEDIUMCONST    	0000	0000	0
		_CMD_DAC_GO    		MEDIUMCONST    	0000	0000	0
		_setup21       		MEDIUMCONST    	F88E	0000	4
		_TODELAY@modbus_master$F11412		MEDIUMCONST    	0000	0000	0
		_TODELAY@modbus_master$F10341		MEDIUMCONST    	0000	0000	0
		_TODELAY@modbus_master$F10851		MEDIUMCONST    	0000	0000	0
		_AI_CHAN_FIX@slaveo$F9493		MEDIUMCONST    	0000	0000	0
		_SWITCH_VTERM@vconfig$F10866		MEDIUMCONST    	0000	0000	0
		_LO_NIBBLE@slaveo$F9285		MEDIUMCONST    	0000	0000	0
		_HV_SCALAR5@calibr$F9227		MEDIUMCONST    	0000	0000	0
		_RDELAY@modbus_master$F11409		MEDIUMCONST    	0000	0000	0
		_RDELAY@modbus_master$F10338		MEDIUMCONST    	0000	0000	0
		_RDELAY@modbus_master$F10848		MEDIUMCONST    	0000	0000	0
		_WLDELAY@vconfig$F9882		MEDIUMCONST    	0000	0000	0
		_RDELAY        		MEDIUMCONST    	0000	0000	0
		_SDELAY@vconfig$F10862		MEDIUMCONST    	0000	0000	0
		_BOFF@modbus_master$F10346		MEDIUMCONST    	0000	0000	0
		_DUPL_DELAY@modbus_master$F11414		MEDIUMCONST    	0000	0000	0
		_DUPL_DELAY@modbus_master$F10343		MEDIUMCONST    	0000	0000	0
		_ADC_HV1@slaveo$F9289		MEDIUMCONST    	0000	0000	0
		_CMD_DAC_GO@slaveo$F7431		MEDIUMCONST    	0000	0000	0
		_FM80_ID@mxcmd$F9940		MEDIUMCONST    	0000	0000	0
		_SDELAY        		MEDIUMCONST    	0000	0000	0
		i2_UART1_Read  		CODE           	1E944	0000	58
		_DUPL_DELAY@modbus_master$F10853		MEDIUMCONST    	0000	0000	0
		_DDELAY@vconfig$F10863		MEDIUMCONST    	0000	0000	0
		_ADC_HV0@slaveo$F9029		MEDIUMCONST    	0000	0000	0
		_HI_NIBBLE@slaveo$F9921		MEDIUMCONST    	0000	0000	0
		_LO_NIBBLE@slaveo$F9721		MEDIUMCONST    	0000	0000	0
		_TDELAY        		MEDIUMCONST    	0000	0000	0
		_setup32       		MEDIUMCONST    	F892	0000	4
		_WLDELAY@vconfig$F10861		MEDIUMCONST    	0000	0000	0
		_wim_get_id    		MEDIUMCONST    	0000	0000	0
		_BOFF@modbus_master$F11417		MEDIUMCONST    	0000	0000	0
		_F27Q84        		MEDIUMCONST    	0000	0000	0
		_CMD_PORT_GET@slaveo$F9712		MEDIUMCONST    	0000	0000	0
		_UART_DUMMY_MASK		MEDIUMCONST    	0000	0000	0
		_DFLIP@vconfig$F8989		MEDIUMCONST    	0000	0000	0
		_SEQDELAY@vconfig$F9680		MEDIUMCONST    	0000	0000	0
		_SPINNER_SPEED@mxcmd$F7462		MEDIUMCONST    	0000	0000	0
		_setup1c       		MEDIUMCONST    	F88A	0000	4
		_modbus_em_version		MEDIUMCONST    	F81E	0000	6
		_LDELAY@vconfig$F7405		MEDIUMCONST    	0000	0000	0
		_ADCDELAY@vconfig$F9461		MEDIUMCONST    	0000	0000	0
		_setup24       		MEDIUMCONST    	EFB2	0000	4
		_GET_MUI@slaveo$F7451		MEDIUMCONST    	0000	0000	0
		_BAT_NIGHT_COUNT		MEDIUMCONST    	0000	0000	0
		_HV_SCALAR5@calibr$F7387		MEDIUMCONST    	0000	0000	0
		_A200_0_SCALAR@calibr$F7645		MEDIUMCONST    	0000	0000	0
		_A200_0_SCALAR@calibr$F7983		MEDIUMCONST    	0000	0000	0
		_A200_0_SCALAR@calibr$F7389		MEDIUMCONST    	0000	0000	0
		_CMD_CHAR_GO@slaveo$F9013		MEDIUMCONST    	0000	0000	0
		_NUM_AI_CHAN@slaveo$F9022		MEDIUMCONST    	0000	0000	0
		_SEQDELAY@vconfig$F9455		MEDIUMCONST    	0000	0000	0
		_CMD_CHAR_GET@slaveo$F9914		MEDIUMCONST    	0000	0000	0
		_ADC_SCALE@calibr$F8350		MEDIUMCONST    	0000	0000	0
		_F47Q84        		MEDIUMCONST    	0000	0000	0
		_CMD_DUMMY_CFG@slaveo$F8032		MEDIUMCONST    	0000	0000	0
		_msg_gemhelp   		MEDIUMCONST    	EE4A	0000	40
		_WLDELAY@vconfig$F9246		MEDIUMCONST    	0000	0000	0
		_modbus_em_data1		MEDIUMCONST    	F818	0000	6
		_modbus_im_data1		MEDIUMCONST    	F7F4	0000	6
		_BON@modbus_master$F7402		MEDIUMCONST    	0000	0000	0
		_modbus_em_data2		MEDIUMCONST    	F812	0000	6
		_GET_MUI       		MEDIUMCONST    	0000	0000	0
		_A200_0_ZERO@calibr$F8968		MEDIUMCONST    	0000	0000	0
		_F57Q84        		MEDIUMCONST    	0000	0000	0
		_IQDELAY@iammeter_rtu$F11424		MEDIUMCONST    	0000	0000	0
		_em_id         		MEDIUMCONST    	0000	0000	0
		_ICDELAY       		MEDIUMCONST    	0000	0000	0
		_CMD_DAC_GO@slaveo$F9706		MEDIUMCONST    	0000	0000	0
		_QDELAY@modbus_master$F7660		MEDIUMCONST    	0000	0000	0
		_QDELAY@modbus_master$F7395		MEDIUMCONST    	0000	0000	0
		_SPI_RESET_COUNTS		MEDIUMCONST    	0000	0000	0
		_QDELAY@modbus_master$F7989		MEDIUMCONST    	0000	0000	0
		_DUPL_DELAY    		MEDIUMCONST    	0000	0000	0
		_A200_0_ZERO@calibr$F9228		MEDIUMCONST    	0000	0000	0
		_TDELAY@vconfig$F9243		MEDIUMCONST    	0000	0000	0
		_LDELAY@vconfig$F9681		MEDIUMCONST    	0000	0000	0
		_PORT_GET_BYTES		MEDIUMCONST    	0000	0000	0
		_SWITCH_VTERM@vconfig$F7411		MEDIUMCONST    	0000	0000	0
		_SWITCH_VTERM@vconfig$F7676		MEDIUMCONST    	0000	0000	0
		_SWITCH_DURATION@vconfig$F7412		MEDIUMCONST    	0000	0000	0
		_SEQDELAY@vconfig$F10859		MEDIUMCONST    	0000	0000	0
		_RDELAY@modbus_master$F7393		MEDIUMCONST    	0000	0000	0
		_RDELAY@modbus_master$F7658		MEDIUMCONST    	0000	0000	0
		_SWITCH_DURATION@vconfig$F9252		MEDIUMCONST    	0000	0000	0
		_RDELAY@modbus_master$F7987		MEDIUMCONST    	0000	0000	0
		_ONLINE_TIMEOUT@mxcmd$F9939		MEDIUMCONST    	0000	0000	0
		_SWITCH_DURATION@vconfig$F8006		MEDIUMCONST    	0000	0000	0
		_ADC_SCALE@calibr$F7640		MEDIUMCONST    	0000	0000	0
		_SWITCH_DURATION@vconfig$F9463		MEDIUMCONST    	0000	0000	0
		_SWITCH_DURATION@vconfig$F8992		MEDIUMCONST    	0000	0000	0
		_BON           		MEDIUMCONST    	0000	0000	0
		_GET_MUI@slaveo$F9290		MEDIUMCONST    	0000	0000	0
		_SWITCH_DURATION@vconfig$F8387		MEDIUMCONST    	0000	0000	0
		_SWITCH_DURATION@vconfig$F7677		MEDIUMCONST    	0000	0000	0
		_CMD_DEAD@slaveo$F9490		MEDIUMCONST    	0000	0000	0
		_SWITCH_DURATION@vconfig$F9688		MEDIUMCONST    	0000	0000	0
		_SWITCH_DURATION@vconfig$F9888		MEDIUMCONST    	0000	0000	0
		_IRDELAY@iammeter_rtu$F11422		MEDIUMCONST    	0000	0000	0
		_DDELAY@vconfig$F8383		MEDIUMCONST    	0000	0000	0
		_ADC_HV1@slaveo$F7450		MEDIUMCONST    	0000	0000	0
		_CMD_DAC_GO@slaveo$F8024		MEDIUMCONST    	0000	0000	0
		_BOFF@modbus_master$F9452		MEDIUMCONST    	0000	0000	0
		_CMD_PORT_GO@slaveo$F9707		MEDIUMCONST    	0000	0000	0
		_HOST_UART@vconfig$F9464		MEDIUMCONST    	0000	0000	0
		_BUFFER_SPACING@mxcmd$F7461		MEDIUMCONST    	0000	0000	0
		_DDELAY@vconfig$F7673		MEDIUMCONST    	0000	0000	0
		_CMD_DAC_GO@slaveo$F9907		MEDIUMCONST    	0000	0000	0
		_PORT_GO_BYTES@slaveo$F8049		MEDIUMCONST    	0000	0000	0
		_LO_NIBBLE@slaveo$F9026		MEDIUMCONST    	0000	0000	0
		_NUM_AO_CHAN@slaveo$F9024		MEDIUMCONST    	0000	0000	0
		_SEQDELAY@vconfig$F7998		MEDIUMCONST    	0000	0000	0
		_msg99         		MEDIUMCONST    	EDF1	0000	46
		_ticstat02     		MEDIUMCONST    	F86E	0000	4
		_ADC_SCALE@calibr$F8964		MEDIUMCONST    	0000	0000	0
		_DAC_GO_BYTES@slaveo$F9733		MEDIUMCONST    	0000	0000	0
		_BON@modbus_master$F9678		MEDIUMCONST    	0000	0000	0
		_CMD_ZERO@slaveo$F8022		MEDIUMCONST    	0000	0000	0
		_ADC_SWAP_MASK@slaveo$F7447		MEDIUMCONST    	0000	0000	0
		_LDELAY@vconfig$F9881		MEDIUMCONST    	0000	0000	0
		_ONLINE_TIMEOUT		MEDIUMCONST    	0000	0000	0
		_cmd_fwreva    		MEDIUMCONST    	F737	0000	16
		_cmd_fwrevb    		MEDIUMCONST    	F727	0000	16
		_cmd_fwrevc    		MEDIUMCONST    	F717	0000	16
		_FM80_ID@mxcmd$F7464		MEDIUMCONST    	0000	0000	0
		_BOFF@modbus_master$F7666		MEDIUMCONST    	0000	0000	0
		_wim_three_forward		MEDIUMCONST    	F7D4	0000	13
		_HI_NIBBLE     		MEDIUMCONST    	0000	0000	0
		_PV_VOLTS_HIGH 		MEDIUMCONST    	0000	0000	0
		_ITDELAY@iammeter_rtu$F11419		MEDIUMCONST    	0000	0000	0
		_CHK_DAY_TIME@vconfig$F10869		MEDIUMCONST    	0000	0000	0
		_HI_NIBBLE@slaveo$F9495		MEDIUMCONST    	0000	0000	0
		_ADC_HV0@slaveo$F7449		MEDIUMCONST    	0000	0000	0
		_SPINNER_SPEED@mxcmd$F9938		MEDIUMCONST    	0000	0000	0
		_IDUPL_DELAY@iammeter_rtu$F11427		MEDIUMCONST    	0000	0000	0
		_A200_0_ZERO@calibr$F10884		MEDIUMCONST    	0000	0000	0
		_NUM_AI_CHAN   		MEDIUMCONST    	0000	0000	0
		_CMD_CHAR_DATA@slaveo$F8029		MEDIUMCONST    	0000	0000	0
		_SWITCH_VTERM  		MEDIUMCONST    	0000	0000	0
		_CMD_ADC_DATA@slaveo$F8027		MEDIUMCONST    	0000	0000	0
		_BOFF@modbus_master$F9677		MEDIUMCONST    	0000	0000	0
		_SWITCH_DURATION@vconfig$F10867		MEDIUMCONST    	0000	0000	0
		_GET_MUI@slaveo$F8044		MEDIUMCONST    	0000	0000	0
		_AMP_WHOLE_ZERO@mxcmd$F7465		MEDIUMCONST    	0000	0000	0
		_SDELAY@vconfig$F8382		MEDIUMCONST    	0000	0000	0
		_LDELAY@vconfig$F9245		MEDIUMCONST    	0000	0000	0
		_wim_three_reverse		MEDIUMCONST    	F7C7	0000	13
		_CMD_PORT_GO   		MEDIUMCONST    	0000	0000	0
		_CMD_ZERO@slaveo$F9009		MEDIUMCONST    	0000	0000	0
		_em_light      		MEDIUMCONST    	0000	0000	0
		_spi1_configuration		MEDIUMCONST    	0000	0000	0
		_AI_CHAN_FIX@slaveo$F7443		MEDIUMCONST    	0000	0000	0
		_AI_CHAN_FIX@slaveo$F9919		MEDIUMCONST    	0000	0000	0
		_SDELAY@vconfig$F7672		MEDIUMCONST    	0000	0000	0
		_CMD_PORT_DATA@slaveo$F9710		MEDIUMCONST    	0000	0000	0
		_CMD_PORT_DATA@slaveo$F9911		MEDIUMCONST    	0000	0000	0
		_CMD_PORT_DATA@slaveo$F9015		MEDIUMCONST    	0000	0000	0
		_CMD_PORT_DATA@slaveo$F9274		MEDIUMCONST    	0000	0000	0
		_CMD_PORT_DATA@slaveo$F9485		MEDIUMCONST    	0000	0000	0
		_CFG_GET_BYTES@slaveo$F7454		MEDIUMCONST    	0000	0000	0
		_SEQDELAY@vconfig$F9880		MEDIUMCONST    	0000	0000	0
		_DDELAY@vconfig$F7408		MEDIUMCONST    	0000	0000	0
		_CMD_PORT_GET@slaveo$F9017		MEDIUMCONST    	0000	0000	0
		_FM80_name     		MEDIUMCONST    	F6EF	0000	24
		_HI_NIBBLE@slaveo$F7445		MEDIUMCONST    	0000	0000	0
		_cmd_misc      		MEDIUMCONST    	F747	0000	16
		_CMD_PORT_GO@slaveo$F9271		MEDIUMCONST    	0000	0000	0
		_CMD_PORT_GET  		MEDIUMCONST    	0000	0000	0
		_ISPACING@iammeter_rtu$F11426		MEDIUMCONST    	0000	0000	0
		_spi1_configuration@eadog$F7490		MEDIUMCONST    	0000	0000	0
		_NUM_AO_CHAN@slaveo$F9920		MEDIUMCONST    	0000	0000	0
		_ADC_HV0@slaveo$F9288		MEDIUMCONST    	0000	0000	0
		_A200_0_ZERO@calibr$F9664		MEDIUMCONST    	0000	0000	0
		_A200_0_ZERO@calibr$F7388		MEDIUMCONST    	0000	0000	0
		_NUM_AO_CHAN   		MEDIUMCONST    	0000	0000	0
		_ADC_HV1       		MEDIUMCONST    	0000	0000	0
		_DFLIP@vconfig$F10864		MEDIUMCONST    	0000	0000	0
		_setup1a_trigger		MEDIUMCONST    	F882	0000	4
		_HOST_UART@vconfig$F8993		MEDIUMCONST    	0000	0000	0
		_CHAR_GO_BYTES@slaveo$F7457		MEDIUMCONST    	0000	0000	0
		_SPACING@modbus_master$F8372		MEDIUMCONST    	0000	0000	0
		_SPACING@modbus_master$F7662		MEDIUMCONST    	0000	0000	0
		_SPACING@modbus_master$F7991		MEDIUMCONST    	0000	0000	0
		_SPACING@modbus_master$F9673		MEDIUMCONST    	0000	0000	0
		_SPACING@modbus_master$F9873		MEDIUMCONST    	0000	0000	0
		_SPACING@modbus_master$F9237		MEDIUMCONST    	0000	0000	0
		_BOFF@modbus_master$F7995		MEDIUMCONST    	0000	0000	0
		_ISPACING      		MEDIUMCONST    	0000	0000	0
		_SPACING@modbus_master$F9448		MEDIUMCONST    	0000	0000	0
		_SPACING@modbus_master$F7397		MEDIUMCONST    	0000	0000	0
		_SPACING@modbus_master$F8977		MEDIUMCONST    	0000	0000	0
		_CMD_CHAR_GET@slaveo$F9277		MEDIUMCONST    	0000	0000	0
		_CMD_CHAR_GO@slaveo$F9483		MEDIUMCONST    	0000	0000	0
		_NUM_AI_CHAN@slaveo$F9492		MEDIUMCONST    	0000	0000	0
		_TEDELAY       		MEDIUMCONST    	0000	0000	0
		_ADC_HV1@slaveo$F8043		MEDIUMCONST    	0000	0000	0
		_CMD_PORT_DATA 		MEDIUMCONST    	0000	0000	0
		_SPACING@modbus_master$F11413		MEDIUMCONST    	0000	0000	0
		_SPACING@modbus_master$F10342		MEDIUMCONST    	0000	0000	0
		_SPACING@modbus_master$F10852		MEDIUMCONST    	0000	0000	0
		_modbus_em_light		MEDIUMCONST    	F7FA	0000	6
		_HV_SCALAR4@calibr$F7980		MEDIUMCONST    	0000	0000	0
		_cmd_restart_gti		MEDIUMCONST    	EED9	0000	16
		_CMD_ADC_DATA@slaveo$F9484		MEDIUMCONST    	0000	0000	0
		_TDELAY@vconfig$F9454		MEDIUMCONST    	0000	0000	0
		_DDELAY@vconfig$F9684		MEDIUMCONST    	0000	0000	0
		_CMD_PORT_GET@slaveo$F7437		MEDIUMCONST    	0000	0000	0
		_CHK_DAY_TIME@vconfig$F7414		MEDIUMCONST    	0000	0000	0
		_CHK_DAY_TIME@vconfig$F7679		MEDIUMCONST    	0000	0000	0
		_ADCDELAY@vconfig$F9686		MEDIUMCONST    	0000	0000	0
		_spi2_configuration		MEDIUMCONST    	0000	0000	0

shared estimated size: 3165

/ldrv/microchip/xc8/v3.10/pic/sources/c99/common/fltol.c
		___fltol       		CODE           	1C056	0000	210

/ldrv/microchip/xc8/v3.10/pic/sources/c99/common/fltol.c estimated size: 210

./mxcmd.h
		_state_misc_cb 		CODE           	1EFF4	0000	48
		_state_watts_cb		CODE           	1EF90	0000	50
		_DeviceID_Read 		CODE           	1CC48	0000	150
		_send_mx_cmd   		CODE           	1E30A	0000	72
		_state_mx_status_cb		CODE           	19612	0000	604
		_rec_mx_cmd    		CODE           	1BAC6	0000	268
		_main          		CODE           	10000	0000	7132
		_state_init_cb 		CODE           	1E4F0	0000	64
		_state_fwrev_cb		CODE           	1F024	0000	48
		_SetBMCPriority		CODE           	1F246	0000	42
		_state_restart_cb		CODE           	1FC10	0000	4
		_state_mx_log_cb		CODE           	1912C	0000	642
		_bmc_logger    		CODE           	11BDC	0000	4814
		_state_batterya_cb		CODE           	1F342	0000	40
		_state_batteryv_cb		CODE           	1F36A	0000	40
		_state_panelv_cb		CODE           	1FBA4	0000	6
		_test_slave    		CODE           	1FC20	0000	4
		_state_status_cb		CODE           	1BCBE	0000	236
		_onesec_io     		CODE           	1DF74	0000	80
		_volt_f        		CODE           	1E46C	0000	66
		_spinners      		CODE           	1C8A0	0000	160
		_state_date_cb 		CODE           	1FB98	0000	6
		_state_time_cb 		CODE           	1FB9E	0000	6

./mxcmd.h estimated size: 14582

/ldrv/microchip/xc8/v3.10/pic/sources/c99/common/lbmod.c
		___lbmod       		CODE           	1F21C	0000	42

/ldrv/microchip/xc8/v3.10/pic/sources/c99/common/lbmod.c estimated size: 42

/ldrv/microchip/xc8/v3.10/pic/sources/c99/common/nf_fputc.c
		_fputc         		CODE           	1C940	0000	160

/ldrv/microchip/xc8/v3.10/pic/sources/c99/common/nf_fputc.c estimated size: 160

mcc_generated_files/mcc.c
		_SystemArbiter_Initialize		CODE           	1FA32	0000	14
		_PMD_Initialize		CODE           	1F7DA	0000	22
		_OSCILLATOR_Initialize		CODE           	1F792	0000	24
		_SYSTEM_Initialize		CODE           	1DBFE	0000	98

mcc_generated_files/mcc.c estimated size: 158

mcc_generated_files/tmr3.c
		_TMR3_ISR      		CODE           	1E198	0000	76
		_TMR3_Initialize		CODE           	1E0B0	0000	78
		_TMR3_SetInterruptHandler		CODE           	1FA08	0000	14
		_TMR3_DefaultInterruptHandler		CODE           	1FC34	0000	2
		_TMR3_WriteTimer		CODE           	1F664	0000	30
		_TMR3_StartTimer		CODE           	1FBB6	0000	6

mcc_generated_files/tmr3.c estimated size: 206

/ldrv/microchip/xc8/v3.10/pic/sources/c99/common/aldiv.c
		___aldiv       		CODE           	1C2C8	0000	202

/ldrv/microchip/xc8/v3.10/pic/sources/c99/common/aldiv.c estimated size: 202

/ldrv/microchip/xc8/v3.10/pic/sources/c99/common/abs.c
		_abs           		CODE           	1F392	0000	40

/ldrv/microchip/xc8/v3.10/pic/sources/c99/common/abs.c estimated size: 40

tic12400.c
		_tic_int_handler		CODE           	1F82C	0000	20
		_tic12400_wr   		CODE           	19AB6	0000	538
		_tic12400_init 		CODE           	17C9C	0000	914
		_tic12400_read_sw		CODE           	1CE9A	0000	146
		_tic12400_reset		CODE           	1E1E4	0000	74

tic12400.c estimated size: 1692

/ldrv/microchip/xc8/v3.10/pic/sources/c99/common/nf_sprintf.c
		_sprintf       		CODE           	1E2C2	0000	72

/ldrv/microchip/xc8/v3.10/pic/sources/c99/common/nf_sprintf.c estimated size: 72

/ldrv/microchip/xc8/v3.10/pic/sources/c99/common/floorf.c
		_floorf        		CODE           	1A9BC	0000	426

/ldrv/microchip/xc8/v3.10/pic/sources/c99/common/floorf.c estimated size: 426

mcc_generated_files/tmr1.c
		_TMR1_Initialize		CODE           	1E14A	0000	76
		_TMR1_SetInterruptHandler		CODE           	1FA16	0000	14
		_TMR1_DefaultInterruptHandler		CODE           	1FC5A	0000	2
		_TMR1_CallBack 		CODE           	1F4B6	0000	34
		_TMR1_WriteTimer		CODE           	1F6BE	0000	30
		_TMR1_StartTimer		CODE           	1FBE6	0000	6
		_TMR1_ISR      		CODE           	1E730	0000	62

mcc_generated_files/tmr1.c estimated size: 224

mconfig.c
		_refresh_lcd   		CODE           	1F8E2	0000	14
		_mconfig_init  		CODE           	1F556	0000	30
		_set_display_info		CODE           	1F4F8	0000	32
		_set_vterm     		CODE           	1F538	0000	30
		_get_vterm_ptr 		CODE           	1DE80	0000	84
		_update_lcd    		CODE           	1A64A	0000	446
		_set_time      		CODE           	1F574	0000	30
		_logging_cmds  		CODE           	18C06	0000	672
		_check_help    		CODE           	1AFBC	0000	342

mconfig.c estimated size: 1680

/ldrv/microchip/xc8/v3.10/pic/sources/c99/common/Umul32.c
		___lmul        		CODE           	1DE2A	0000	86

/ldrv/microchip/xc8/v3.10/pic/sources/c99/common/Umul32.c estimated size: 86

mcc_generated_files/memory.c
		_DATAEE_WriteByte		CODE           	1E3E2	0000	70
		_MEMORY_ISR    		CODE           	1FC1C	0000	4
		_DATAEE_ReadByte		CODE           	1F762	0000	24

mcc_generated_files/memory.c estimated size: 98

mcc_generated_files/dac1.c
		_DAC1_Initialize		CODE           	1FB3A	0000	12

mcc_generated_files/dac1.c estimated size: 12

mcc_generated_files/spi2.c
		_SPI2_RxIsr    		CODE           	1EE50	0000	54
		_SPI2_DefaultRxHandler		CODE           	1FC4E	0000	2
		_SPI2_DefaultHandler		CODE           	1FC4C	0000	2
		_SPI2_Isr      		CODE           	1EE18	0000	54
		_SPI2_Initialize		CODE           	1E896	0000	58
		_SPI2_SetRxInterruptHandler		CODE           	1FA40	0000	14
		_SPI2_SetInterruptHandler		CODE           	1FA4E	0000	14

mcc_generated_files/spi2.c estimated size: 198

/ldrv/microchip/xc8/v3.10/pic/sources/c99/common/xxtofl.c
		___xxtofl      		CODE           	1B4EE	0000	324

/ldrv/microchip/xc8/v3.10/pic/sources/c99/common/xxtofl.c estimated size: 324

/ldrv/microchip/xc8/v3.10/pic/sources/c99/common/rand.c
		_srand         		CODE           	1F6DC	0000	28

/ldrv/microchip/xc8/v3.10/pic/sources/c99/common/rand.c estimated size: 28

/ldrv/microchip/xc8/v3.10/pic/sources/c99/common/strlen.c
		_strlen        		CODE           	1E352	0000	72

/ldrv/microchip/xc8/v3.10/pic/sources/c99/common/strlen.c estimated size: 72

mcc_generated_files/dma2.c
		_DMA2_DMADCNTI_ISR		CODE           	1EBEC	0000	56
		_DMA2_DMASCNTI_ISR		CODE           	1EBB4	0000	56
		_DMA2_SetORIInterruptHandler		CODE           	1FAA2	0000	14
		_DMA2_Initialize		CODE           	1D608	0000	118
		_DMA2_SetDCNTIInterruptHandler		CODE           	1FAB0	0000	14
		_DMA2_SetSCNTIInterruptHandler		CODE           	1FA94	0000	14
		_DMA2_StopTransfer		CODE           	1FB5C	0000	10
		_DMA2_DMAORI_ISR		CODE           	1EC24	0000	56
		_DMA2_DefaultInterruptHandler		CODE           	1FC54	0000	2
		_DMA2_SetDMAPriority		CODE           	1F5B0	0000	30

mcc_generated_files/dma2.c estimated size: 370

/ldrv/microchip/xc8/v3.10/pic/sources/c99/common/fleq.c
		___fleq        		CODE           	1D04C	0000	140

/ldrv/microchip/xc8/v3.10/pic/sources/c99/common/fleq.c estimated size: 140

/ldrv/microchip/xc8/v3.10/pic/sources/c99/common/strcpy.c
		_strcpy        		CODE           	1EFC2	0000	50

/ldrv/microchip/xc8/v3.10/pic/sources/c99/common/strcpy.c estimated size: 50

/ldrv/microchip/xc8/v3.10/pic/sources/c99/common/flneg.c
		___flneg       		CODE           	1F054	0000	48

/ldrv/microchip/xc8/v3.10/pic/sources/c99/common/flneg.c estimated size: 48

/ldrv/microchip/xc8/v3.10/pic/sources/c99/common/asctime.c
		_put2d         		CODE           	1D998	0000	108
		_asctime       		CODE           	1986E	0000	584

/ldrv/microchip/xc8/v3.10/pic/sources/c99/common/asctime.c estimated size: 692

mcc_generated_files/clc1.c
		_CLC1_Initialize		CODE           	1F270	0000	42

mcc_generated_files/clc1.c estimated size: 42

