Microchip MPLAB XC8 Compiler V3.00

Linker command line:

-W-3 \
  --edf=/root/.mchp_packs/Microchip/PIC18F-Q_DFP/1.28.451/xc8/pic/dat/20250324195656_en.msgs \
  -pivt0x8=08h -cn -h+dist/default/production/bmc_slave.X.production.sym \
  --cmf=dist/default/production/bmc_slave.X.production.cmf -z -Q18F47Q84 \
  -o/tmp/xcXjecDNg/driver_tmp_3.o --defsym=__MPLAB_BUILD=1 \
  --fixupoverflow=error \
  -Mdist/default/production/bmc_slave.X.production.map \
  --md=/tmp/xcXjecDNg/driver_tmp_0.dat -E1 -ver=XC8 Compiler \
  -ASTACK=0198Bh-036FFh -pstack=STACK -ACODE=00h-01FFFFh \
  -ACONST=00h-01FFFFh -ASMALLCONST=04000h-040FFhx192,014000h-0140FFhx192 \
  -AMEDIUMCONST=04000h-0FFFFh,014000h-01FFFFh -ACOMRAM=0501h-055Fh \
  -AABS1=0500h-036FFh -ABIGRAM=0501h-036FFh \
  -ARAM=0560h-05FFh,0600h-06FFhx49 -ABANK5=0560h-05FFh -ABANK6=0600h-06FFh \
  -ABANK7=0700h-07FFh -ABANK8=0800h-08FFh -ABANK9=0900h-09FFh \
  -ABANK10=0A00h-0AFFh -ABANK11=0B00h-0BFFh -ABANK12=0C00h-0CFFh \
  -ABANK13=0D00h-0DFFh -ABANK14=0E00h-0EFFh -ABANK15=0F00h-0FFFh \
  -ABANK16=01000h-010FFh -ABANK17=01100h-011FFh -ABANK18=01200h-012FFh \
  -ABANK19=01300h-013FFh -ABANK20=01400h-014FFh -ABANK21=01500h-015FFh \
  -ABANK22=01600h-016FFh -ABANK23=01700h-017FFh -ABANK24=01800h-018FFh \
  -ABANK25=01900h-019FFh -ABANK26=01A00h-01AFFh -ABANK27=01B00h-01BFFh \
  -ABANK28=01C00h-01CFFh -ABANK29=01D00h-01DFFh -ABANK30=01E00h-01EFFh \
  -ABANK31=01F00h-01FFFh -ABANK32=02000h-020FFh -ABANK33=02100h-021FFh \
  -ABANK34=02200h-022FFh -ABANK35=02300h-023FFh -ABANK36=02400h-024FFh \
  -ABANK37=02500h-025FFh -ABANK38=02600h-026FFh -ABANK39=02700h-027FFh \
  -ABANK40=02800h-028FFh -ABANK41=02900h-029FFh -ABANK42=02A00h-02AFFh \
  -ABANK43=02B00h-02BFFh -ABANK44=02C00h-02CFFh -ABANK45=02D00h-02DFFh \
  -ABANK46=02E00h-02EFFh -ABANK47=02F00h-02FFFh -ABANK48=03000h-030FFh \
  -ABANK49=03100h-031FFh -ABANK50=03200h-032FFh -ABANK51=03300h-033FFh \
  -ABANK52=03400h-034FFh -ABANK53=03500h-035FFh -ABANK54=03600h-036FFh \
  -ASFR=00h-0FFhx4,0400h-045Fh,0460h-04FFh,03700h-037FFhx9 \
  -ABIGSFR=00h-04FFh,03700h-03FFFh -ACONFIG=0300000h-0300023h \
  -AIDLOC=0200000h-020003Fh -AEEDATA=0380000h-03803FFh -peeprom_data=EEDATA \
  -preset_vec=00h -ppowerup=CODE,init -pramtop=04000h \
  -psmallconst=SMALLCONST -pmediumconst=MEDIUMCONST -pconst=CONST \
  -AFARRAM=00h-00h \
  -prdata=COMRAM,nvrram=COMRAM,nvbit=COMRAM,rbss=COMRAM,rbit=COMRAM \
  -pfarbss=FARRAM,fardata=FARRAM,nvFARRAM=FARRAM \
  -pintsave_regs=BIGRAM,bigbss=BIGRAM,bigdata=BIGRAM -pbss=RAM \
  -pidata=CODE,irdata=CODE,ibigdata=CODE,ifardata=CODE -pparam5=BANK5 \
  /tmp/xcXjecDNg/driver_tmp_12.o \
  dist/default/production/bmc_slave.X.production.o 

Object code version is 3.11

Machine type is 18F47Q84



                Name                               Link     Load   Length Selector   Space Scale
/tmp/xcXjecDNg/driver_tmp_12.o
                stack                              198B     198B     1D75     198B       2
                idloc                            200000   200000       40        0       5
                config                           300000   300000       23        0       4
                init                                10A      10A        8        4       0
                reset_vec                             0        0        4        0       0
dist/default/production/bmc_slave.X.production.o
                idloc                            200000   200000       40        0       5
                config                           300000   300000       23        0       4
                temp                                501      501       20      501       1
                mediumconst                        F862     F862      79E     7C31       0
                ivt0x8                                8        8      102        4       0
                text199                           14758    14758       44     5181       0
                text198                           14714    14714       44     5181       0
                text197                           14944    14944       3C     5181       0
                text196                           146D0    146D0       44     5181       0
                text195                           1468C    1468C       44     5181       0
                text194                           14EC6    14EC6       2A     52C8       0
                text193                           15504    15504        2     AA6F       0
                text192                           14E9C    14E9C       2A     52C8       0
                text191                           15502    15502        2     AA6F       0
                text190                           14DF2    14DF2       2C     52C8       0
                text189                           14908    14908       3C     5181       0
                text188                           15442    15442        C     52C8       0
                text187                           15500    15500        2     AA6F       0
                text186                           14648    14648       44     5181       0
                text185                           15476    15476        A     52C8       0
                text184                           14C02    14C02       38     52C8       0
                text183                           14CA6    14CA6       34     52C8       0
                text182                           15434    15434        E     52C8       0
                text181                           15426    15426        E     52C8       0
                text180                           11CFC    11CFC      386     8000       0
                text179                           154FE    154FE        2     AA6F       0
                text178                           14B20    14B20       3A     52C8       0
                text177                           15234    15234       14     52C8       0
                text176                           154FC    154FC        2     AA6F       0
                text175                           14AE4    14AE4       3A     52B9       0
                text174                           154FA    154FA        2     AA6F       0
                text173                           148CC    148CC       3C     5181       0
                text172                           154F8    154F8        2     AA6F       0
                text171                           14890    14890       3C     5181       0
                text170                           154F6    154F6        2     AA6F       0
                text169                           14854    14854       3C     5181       0
                text168                           15488    15488        8     52C8       0
                text167                           14604    14604       44     5181       0
                text166                           154D2    154D2        6     52C8       0
                text165                           154F4    154F4        2     AA6F       0
                text164                           15160    15160       1C     52C8       0
                text163                           14818    14818       3C     5181       0
                text162                           1510A    1510A       1E     52C8       0
                text161                           154CC    154CC        6     52C8       0
                text160                           154F2    154F2        2     AA6F       0
                text159                           154F0    154F0        2     AA6F       0
                text158                           13A10    13A10       A0     8000       0
                text157                           14AA8    14AA8       3A     52AA       0
                text156                           14D6C    14D6C       2E     52C8       0
                text155                           14A6C    14A6C       3A     529B       0
                text154                           15144    15144       1C     52C8       0
                text153                           154C6    154C6        6     52C8       0
                text152                           154EE    154EE        2     AA6F       0
                text151                           154EC    154EC        2     AA6F       0
                text150                           13970    13970       A0     8000       0
                text149                           14A30    14A30       3A     528C       0
                text148                           14E72    14E72       2A     52C8       0
                text147                           149F4    149F4       3A     5181       0
                text146                           154C0    154C0        6     52C8       0
                text145                           14C70    14C70       36     52C8       0
                text144                           154EA    154EA        2     AA6F       0
                text143                           14FF6    14FF6       22     52C8       0
                text142                           150EC    150EC       1E     52C8       0
                text141                           14454    14454       4C     8000       0
                text140                           149BA    149BA       3A     5181       0
                text139                           14FB0    14FB0       24     52C8       0
                text138                           14F8C    14F8C       24     52C8       0
                text137                           150CE    150CE       1E     52C8       0
                text136                           154E8    154E8        2     AA6F       0
                text135                           14E48    14E48       2A     52C8       0
                text134                           136E8    136E8       A6     8000       0
                text133                           15480    15480        8     52C8       0
                text132                           150B0    150B0       1E     52C8       0
                text131                           15248    15248       10     52C8       0
                text130                           151DE    151DE       18     52C8       0
                text129                           14578    14578       46     8000       0
                text128                           132BC    132BC       BC     8000       0
                text127                           14F68    14F68       24     52C8       0
                text126                           14D3C    14D3C       30     52C8       0
                text125                           14D0C    14D0C       30     52C8       0
                text124                           15418    15418        E     52C8       0
                text123                           1540A    1540A        E     52C8       0
                text122                           153FC    153FC        E     52C8       0
                text121                           13D96    13D96       8A     8000       0
                text120                           1546C    1546C        A     52C8       0
                text119                           153EE    153EE        E     52C8       0
                text118                           153E0    153E0        E     52C8       0
                text117                           14018    14018       74     8000       0
                text116                           153D2    153D2        E     52C8       0
                text115                           153C4    153C4        E     52C8       0
                text114                           153B6    153B6        E     52C8       0
                text113                           13F9E    13F9E       7A     8000       0
                text112                           153A8    153A8        E     52C8       0
                text111                           1539A    1539A        E     52C8       0
                text110                           1538C    1538C        E     52C8       0
                text109                           13F24    13F24       7A     8000       0
                text108                           142E8    142E8       60     8000       0
                text107                           151C6    151C6       18     52C8       0
                text106                           1537E    1537E        E     52C8       0
                text105                           13430    13430       B8     8000       0
                text104                           151F6    151F6       16     52C8       0
                text103                           1517C    1517C       1A     52C8       0
                text102                           15370    15370        E     52C8       0
                text101                           15362    15362        E     52C8       0
                text100                           14BCA    14BCA       38     52C8       0
                text99                            15354    15354        E     52C8       0
                text98                            15346    15346        E     52C8       0
                text97                            1479C    1479C       40     5181       0
                text96                            151AE    151AE       18     52C8       0
                text95                            15338    15338        E     52C8       0
                text94                            14532    14532       46     8000       0
                text93                            1532A    1532A        E     52C8       0
                text92                            14DC6    14DC6       2C     52C8       0
                text91                            1531C    1531C        E     52C8       0
                text90                            1530E    1530E        E     52C8       0
                text89                            15300    15300        E     52C8       0
                text88                            152F2    152F2        E     52C8       0
                text87                            152E4    152E4        E     52C8       0
                text86                            13B46    13B46       96     8000       0
                text85                            152D6    152D6        E     52C8       0
                text84                            152C8    152C8        E     52C8       0
                text83                            152BA    152BA        E     52C8       0
                text82                            152AC    152AC        E     52C8       0
                text81                            1529E    1529E        E     52C8       0
                text80                            13AB0    13AB0       96     8000       0
                text79                            144A0    144A0       4A     8000       0
                text78                            14E1E    14E1E       2A     52C8       0
                text77                            154BA    154BA        6     52C8       0
                text76                            154B4    154B4        6     52C8       0
                text75                            154AE    154AE        6     52C8       0
                text74                            154DE    154DE        4     AA6F       0
                text73                            154A8    154A8        6     52C8       0
                text72                            13C70    13C70       94     8000       0
                text71                            13BDC    13BDC       94     8000       0
                text70                            14400    14400       54     8000       0
                text69                            154E6    154E6        2     AA6F       0
                text68                            138D0    138D0       A0     8000       0
                text67                            134E8    134E8       AE     8000       0
                text66                            131F2    131F2       CA     8000       0
                text65                            13596    13596       AA     8000       0
                text64                            14F40    14F40       28     52C8       0
                text63                            14980    14980       3A     5181       0
                text62                            144EA    144EA       48     8000       0
                text61                            13D04    13D04       92     8000       0
                text60                            12804    12804      15E     8000       0
                text59                            13378    13378       B8     8000       0
                text58                            12962    12962      15C     8000       0
                text57                            13EA2    13EA2       82     8000       0
                text56                            1415E    1415E       66     8000       0
                text55                            12E4E    12E4E       FC     8000       0
                text54                            12C14    12C14      124     8000       0
                text53                            10FB2    10FB2      516     8000       0
                text52                            14226    14226       62     8000       0
                text51                            13126    13126       CC     8000       0
                text50                            126A4    126A4      160     8000       0
                text49                            15290    15290        E     52C8       0
                text48                            15282    15282        E     52C8       0
                text47                            154A2    154A2        6     52C8       0
                text46                            1549C    1549C        6     52C8       0
                text45                            15496    15496        6     52C8       0
                text44                            145BE    145BE       44     8000       0
                text43                            15220    15220       14     52C8       0
                text42                            15274    15274        E     52C8       0
                text41                            15092    15092       1E     52C8       0
                text40                            15462    15462        A     52C8       0
                text39                            15074    15074       1E     52C8       0
                text38                            15458    15458        A     52C8       0
                text37                            15056    15056       1E     52C8       0
                text36                            14D9A    14D9A       2C     52C8       0
                text35                            14C3A    14C3A       36     52C8       0
                text34                            12544    12544      160     8000       0
                text33                            1544E    1544E        A     52C8       0
                text32                            15490    15490        6     52C8       0
                text31                            143A6    143A6       5A     8000       0
                text30                            154E4    154E4        2     AA6F       0
                text29                            15196    15196       18     52C8       0
                text28                            13038    13038       EE     8000       0
                text27                            13640    13640       A8     8000       0
                text26                            14288    14288       60     8000       0
                text25                            14F18    14F18       28     52C8       0
                text24                            15018    15018       20     52C8       0
                text23                            1408C    1408C       6A     8000       0
                text22                            141C4    141C4       62     8000       0
                text21                            140F6    140F6       68     8000       0
                text20                            12082    12082      1BE     8000       0
                text19                            15266    15266        E     52C8       0
                text18                            14EF0    14EF0       28     52C8       0
                text17                            14FD4    14FD4       22     52C8       0
                text16                            15038    15038       1E     52C8       0
                text15                            13830    13830       A0     8000       0
                text14                            15128    15128       1C     52C8       0
                text13                            15258    15258        E     52C8       0
                text12                            1520C    1520C       14     52C8       0
                text11                            14B92    14B92       38     52C8       0
                text10                            14CDA    14CDA       32     52C8       0
                text9                             12F4A    12F4A       EE     8000       0
                text8                             12240    12240      196     8000       0
                text7                             147DC    147DC       3C     5181       0
                text6                             114C8    114C8      4AA     8000       0
                text5                             12D38    12D38      116     8000       0
                text4                             1378E    1378E       A2     8000       0
                text3                             13E20    13E20       82     8000       0
                text2                             14348    14348       5E     8000       0
                text1                             123D6    123D6      16E     8000       0
                text0                             10000    10000      FB2     8000       0
                cstackCOMRAM                        538      538       14      501       1
                cstackBANK5                         560      560       38      560       1
                cstackBANK6                         6BA      6BA       36      600       1
                cstackBANK7                         7F8      7F8        7      700       1
                cstackBANK10                        A69      A69       52      A00       1
                dataBIGRAM                         1601     1601      38A      DFF       1
                bssBIGRAM                           DFF      DFF      802      DFF       1
                bssBANK13                           D00      D00       FF      D00       1
                bssBANK12                           C00      C00       FF      C00       1
                bssBANK11                           B00      B00       FF      B00       1
                bssBANK10                           A00      A00       69      A00       1
                bssBANK9                            900      900       FF      900       1
                bssBANK8                            800      800      100      800       1
                dataBANK7                           7B4      7B4       38      700       1
                bssBANK7                            700      700       B4      700       1
                dataBANK6                           6F0      6F0        5      600       1
                bssBANK6                            600      600       BA      600       1
                dataBANK5                           5C6      5C6        2      560       1
                bssBANK5                            598      598       2E      560       1
                dataCOMRAM                          54C      54C        1      501       1
                bssCOMRAM                           521      521       17      501       1
                cinit                             12ABE    12ABE      156     8000       0
                nvBANK7                             7EC      7EC        C      700       1
                idataBANK7                        14B5A    14B5A       38     52C8       0
                idataBANK6                        154D8    154D8        5     52C8       0
                idataBANK5                        154E2    154E2        2     AA6F       0
                idataBIGRAM                       11972    11972      38A     8000       0
                idataCOMRAM                       15506    15506        1     AA6F       0

TOTAL           Name                               Link     Load   Length     Space
        CLASS   STACK          
                stack                              198B     198B     1D75         2

        CLASS   CODE           
                init                                10A      10A        8         0
                reset_vec                             0        0        4         0
                ivt0x8                                8        8      102         0
                text199                           14758    14758       44         0
                text198                           14714    14714       44         0
                text197                           14944    14944       3C         0
                text196                           146D0    146D0       44         0
                text195                           1468C    1468C       44         0
                text194                           14EC6    14EC6       2A         0
                text193                           15504    15504        2         0
                text192                           14E9C    14E9C       2A         0
                text191                           15502    15502        2         0
                text190                           14DF2    14DF2       2C         0
                text189                           14908    14908       3C         0
                text188                           15442    15442        C         0
                text187                           15500    15500        2         0
                text186                           14648    14648       44         0
                text185                           15476    15476        A         0
                text184                           14C02    14C02       38         0
                text183                           14CA6    14CA6       34         0
                text182                           15434    15434        E         0
                text181                           15426    15426        E         0
                text180                           11CFC    11CFC      386         0
                text179                           154FE    154FE        2         0
                text178                           14B20    14B20       3A         0
                text177                           15234    15234       14         0
                text176                           154FC    154FC        2         0
                text175                           14AE4    14AE4       3A         0
                text174                           154FA    154FA        2         0
                text173                           148CC    148CC       3C         0
                text172                           154F8    154F8        2         0
                text171                           14890    14890       3C         0
                text170                           154F6    154F6        2         0
                text169                           14854    14854       3C         0
                text168                           15488    15488        8         0
                text167                           14604    14604       44         0
                text166                           154D2    154D2        6         0
                text165                           154F4    154F4        2         0
                text164                           15160    15160       1C         0
                text163                           14818    14818       3C         0
                text162                           1510A    1510A       1E         0
                text161                           154CC    154CC        6         0
                text160                           154F2    154F2        2         0
                text159                           154F0    154F0        2         0
                text158                           13A10    13A10       A0         0
                text157                           14AA8    14AA8       3A         0
                text156                           14D6C    14D6C       2E         0
                text155                           14A6C    14A6C       3A         0
                text154                           15144    15144       1C         0
                text153                           154C6    154C6        6         0
                text152                           154EE    154EE        2         0
                text151                           154EC    154EC        2         0
                text150                           13970    13970       A0         0
                text149                           14A30    14A30       3A         0
                text148                           14E72    14E72       2A         0
                text147                           149F4    149F4       3A         0
                text146                           154C0    154C0        6         0
                text145                           14C70    14C70       36         0
                text144                           154EA    154EA        2         0
                text143                           14FF6    14FF6       22         0
                text142                           150EC    150EC       1E         0
                text141                           14454    14454       4C         0
                text140                           149BA    149BA       3A         0
                text139                           14FB0    14FB0       24         0
                text138                           14F8C    14F8C       24         0
                text137                           150CE    150CE       1E         0
                text136                           154E8    154E8        2         0
                text135                           14E48    14E48       2A         0
                text134                           136E8    136E8       A6         0
                text133                           15480    15480        8         0
                text132                           150B0    150B0       1E         0
                text131                           15248    15248       10         0
                text130                           151DE    151DE       18         0
                text129                           14578    14578       46         0
                text128                           132BC    132BC       BC         0
                text127                           14F68    14F68       24         0
                text126                           14D3C    14D3C       30         0
                text125                           14D0C    14D0C       30         0
                text124                           15418    15418        E         0
                text123                           1540A    1540A        E         0
                text122                           153FC    153FC        E         0
                text121                           13D96    13D96       8A         0
                text120                           1546C    1546C        A         0
                text119                           153EE    153EE        E         0
                text118                           153E0    153E0        E         0
                text117                           14018    14018       74         0
                text116                           153D2    153D2        E         0
                text115                           153C4    153C4        E         0
                text114                           153B6    153B6        E         0
                text113                           13F9E    13F9E       7A         0
                text112                           153A8    153A8        E         0
                text111                           1539A    1539A        E         0
                text110                           1538C    1538C        E         0
                text109                           13F24    13F24       7A         0
                text108                           142E8    142E8       60         0
                text107                           151C6    151C6       18         0
                text106                           1537E    1537E        E         0
                text105                           13430    13430       B8         0
                text104                           151F6    151F6       16         0
                text103                           1517C    1517C       1A         0
                text102                           15370    15370        E         0
                text101                           15362    15362        E         0
                text100                           14BCA    14BCA       38         0
                text99                            15354    15354        E         0
                text98                            15346    15346        E         0
                text97                            1479C    1479C       40         0
                text96                            151AE    151AE       18         0
                text95                            15338    15338        E         0
                text94                            14532    14532       46         0
                text93                            1532A    1532A        E         0
                text92                            14DC6    14DC6       2C         0
                text91                            1531C    1531C        E         0
                text90                            1530E    1530E        E         0
                text89                            15300    15300        E         0
                text88                            152F2    152F2        E         0
                text87                            152E4    152E4        E         0
                text86                            13B46    13B46       96         0
                text85                            152D6    152D6        E         0
                text84                            152C8    152C8        E         0
                text83                            152BA    152BA        E         0
                text82                            152AC    152AC        E         0
                text81                            1529E    1529E        E         0
                text80                            13AB0    13AB0       96         0
                text79                            144A0    144A0       4A         0
                text78                            14E1E    14E1E       2A         0
                text77                            154BA    154BA        6         0
                text76                            154B4    154B4        6         0
                text75                            154AE    154AE        6         0
                text74                            154DE    154DE        4         0
                text73                            154A8    154A8        6         0
                text72                            13C70    13C70       94         0
                text71                            13BDC    13BDC       94         0
                text70                            14400    14400       54         0
                text69                            154E6    154E6        2         0
                text68                            138D0    138D0       A0         0
                text67                            134E8    134E8       AE         0
                text66                            131F2    131F2       CA         0
                text65                            13596    13596       AA         0
                text64                            14F40    14F40       28         0
                text63                            14980    14980       3A         0
                text62                            144EA    144EA       48         0
                text61                            13D04    13D04       92         0
                text60                            12804    12804      15E         0
                text59                            13378    13378       B8         0
                text58                            12962    12962      15C         0
                text57                            13EA2    13EA2       82         0
                text56                            1415E    1415E       66         0
                text55                            12E4E    12E4E       FC         0
                text54                            12C14    12C14      124         0
                text53                            10FB2    10FB2      516         0
                text52                            14226    14226       62         0
                text51                            13126    13126       CC         0
                text50                            126A4    126A4      160         0
                text49                            15290    15290        E         0
                text48                            15282    15282        E         0
                text47                            154A2    154A2        6         0
                text46                            1549C    1549C        6         0
                text45                            15496    15496        6         0
                text44                            145BE    145BE       44         0
                text43                            15220    15220       14         0
                text42                            15274    15274        E         0
                text41                            15092    15092       1E         0
                text40                            15462    15462        A         0
                text39                            15074    15074       1E         0
                text38                            15458    15458        A         0
                text37                            15056    15056       1E         0
                text36                            14D9A    14D9A       2C         0
                text35                            14C3A    14C3A       36         0
                text34                            12544    12544      160         0
                text33                            1544E    1544E        A         0
                text32                            15490    15490        6         0
                text31                            143A6    143A6       5A         0
                text30                            154E4    154E4        2         0
                text29                            15196    15196       18         0
                text28                            13038    13038       EE         0
                text27                            13640    13640       A8         0
                text26                            14288    14288       60         0
                text25                            14F18    14F18       28         0
                text24                            15018    15018       20         0
                text23                            1408C    1408C       6A         0
                text22                            141C4    141C4       62         0
                text21                            140F6    140F6       68         0
                text20                            12082    12082      1BE         0
                text19                            15266    15266        E         0
                text18                            14EF0    14EF0       28         0
                text17                            14FD4    14FD4       22         0
                text16                            15038    15038       1E         0
                text15                            13830    13830       A0         0
                text14                            15128    15128       1C         0
                text13                            15258    15258        E         0
                text12                            1520C    1520C       14         0
                text11                            14B92    14B92       38         0
                text10                            14CDA    14CDA       32         0
                text9                             12F4A    12F4A       EE         0
                text8                             12240    12240      196         0
                text7                             147DC    147DC       3C         0
                text6                             114C8    114C8      4AA         0
                text5                             12D38    12D38      116         0
                text4                             1378E    1378E       A2         0
                text3                             13E20    13E20       82         0
                text2                             14348    14348       5E         0
                text1                             123D6    123D6      16E         0
                text0                             10000    10000      FB2         0
                cinit                             12ABE    12ABE      156         0
                idataBANK7                        14B5A    14B5A       38         0
                idataBANK6                        154D8    154D8        5         0
                idataBANK5                        154E2    154E2        2         0
                idataBIGRAM                       11972    11972      38A         0
                idataCOMRAM                       15506    15506        1         0

        CLASS   CONST          

        CLASS   SMALLCONST     

        CLASS   MEDIUMCONST    
                mediumconst                        F862     F862      79E         0

        CLASS   COMRAM         
                temp                                501      501       20         1
                cstackCOMRAM                        538      538       14         1
                dataCOMRAM                          54C      54C        1         1
                bssCOMRAM                           521      521       17         1

        CLASS   ABS1           

        CLASS   BIGRAM         
                dataBIGRAM                         1601     1601      38A         1
                bssBIGRAM                           DFF      DFF      802         1

        CLASS   RAM            

        CLASS   BANK5          
                cstackBANK5                         560      560       38         1
                dataBANK5                           5C6      5C6        2         1
                bssBANK5                            598      598       2E         1

        CLASS   BANK6          
                cstackBANK6                         6BA      6BA       36         1
                dataBANK6                           6F0      6F0        5         1
                bssBANK6                            600      600       BA         1

        CLASS   BANK7          
                cstackBANK7                         7F8      7F8        7         1
                dataBANK7                           7B4      7B4       38         1
                bssBANK7                            700      700       B4         1
                nvBANK7                             7EC      7EC        C         1

        CLASS   BANK8          
                bssBANK8                            800      800      100         1

        CLASS   BANK9          
                bssBANK9                            900      900       FF         1

        CLASS   BANK10         
                cstackBANK10                        A69      A69       52         1
                bssBANK10                           A00      A00       69         1

        CLASS   BANK11         
                bssBANK11                           B00      B00       FF         1

        CLASS   BANK12         
                bssBANK12                           C00      C00       FF         1

        CLASS   BANK13         
                bssBANK13                           D00      D00       FF         1

        CLASS   BANK14         

        CLASS   BANK15         

        CLASS   BANK16         

        CLASS   BANK17         

        CLASS   BANK18         

        CLASS   BANK19         

        CLASS   BANK20         

        CLASS   BANK21         

        CLASS   BANK22         

        CLASS   BANK23         

        CLASS   BANK24         

        CLASS   BANK25         

        CLASS   BANK26         

        CLASS   BANK27         

        CLASS   BANK28         

        CLASS   BANK29         

        CLASS   BANK30         

        CLASS   BANK31         

        CLASS   BANK32         

        CLASS   BANK33         

        CLASS   BANK34         

        CLASS   BANK35         

        CLASS   BANK36         

        CLASS   BANK37         

        CLASS   BANK38         

        CLASS   BANK39         

        CLASS   BANK40         

        CLASS   BANK41         

        CLASS   BANK42         

        CLASS   BANK43         

        CLASS   BANK44         

        CLASS   BANK45         

        CLASS   BANK46         

        CLASS   BANK47         

        CLASS   BANK48         

        CLASS   BANK49         

        CLASS   BANK50         

        CLASS   BANK51         

        CLASS   BANK52         

        CLASS   BANK53         

        CLASS   BANK54         

        CLASS   SFR            

        CLASS   BIGSFR         

        CLASS   CONFIG         
                config                           300000   300000       23         4

        CLASS   IDLOC          
                idloc                            200000   200000       40         5

        CLASS   EEDATA         

        CLASS   FARRAM         

        CLASS   HEAP           



SEGMENTS        Name                           Load    Length   Top    Selector   Space  Class

                bssBIGRAM                      000DFF  000B8C  00198B       DFF       1  BIGRAM  
                text0                          010000  004602  014602      8000       0  CODE    
                reset_vec                      000000  000004  000004         0       0  CODE    
                text157                        014AA8  00003A  014AE2      52AA       0  CODE    
                text175                        014AE4  00003A  014B1E      52B9       0  CODE    
                text74                         0154DE  000029  015507      AA6F       0  CODE    
                text178                        014B20  0009BD  0154DD      52C8       0  CODE    
                text167                        014604  00042A  014A2E      5181       0  CODE    
                text149                        014A30  00003A  014A6A      528C       0  CODE    
                text155                        014A6C  00003A  014AA6      529B       0  CODE    
                cstackBANK5                    000560  000068  0005C8       560       1  BANK5   
                bssBANK11                      000B00  0000FF  000BFF       B00       1  BANK11  
                bssBANK9                       000900  0000FF  0009FF       900       1  BANK9   
                bssBANK8                       000800  000100  000900       800       1  BANK8   
                stack                          00198B  001D75  003700      198B       2  STACK   
                mediumconst                    00F862  00079E  010000      7C31       0  MEDIUMCO
                ivt0x8                         000008  00010A  000112         4       0  CODE    
                temp                           000501  00004C  00054D       501       1  COMRAM  
                bssBANK6                       000600  0000F5  0006F5       600       1  BANK6   
                bssBANK7                       000700  0000FF  0007FF       700       1  BANK7   
                bssBANK10                      000A00  0000BB  000ABB       A00       1  BANK10  
                bssBANK13                      000D00  0000FF  000DFF       D00       1  BANK13  
                bssBANK12                      000C00  0000FF  000CFF       C00       1  BANK12  


UNUSED ADDRESS RANGES

        Name                Unused          Largest block    Delta
        BANK10           000ABB-000AFF               45
        BANK11           000BFF-000BFF                1
        BANK12           000CFF-000CFF                1
        BANK25           00198B-0019FF               75
        BANK26           001A00-001AFF              100
        BANK27           001B00-001BFF              100
        BANK28           001C00-001CFF              100
        BANK29           001D00-001DFF              100
        BANK30           001E00-001EFF              100
        BANK31           001F00-001FFF              100
        BANK32           002000-0020FF              100
        BANK33           002100-0021FF              100
        BANK34           002200-0022FF              100
        BANK35           002300-0023FF              100
        BANK36           002400-0024FF              100
        BANK37           002500-0025FF              100
        BANK38           002600-0026FF              100
        BANK39           002700-0027FF              100
        BANK40           002800-0028FF              100
        BANK41           002900-0029FF              100
        BANK42           002A00-002AFF              100
        BANK43           002B00-002BFF              100
        BANK44           002C00-002CFF              100
        BANK45           002D00-002DFF              100
        BANK46           002E00-002EFF              100
        BANK47           002F00-002FFF              100
        BANK48           003000-0030FF              100
        BANK49           003100-0031FF              100
        BANK5            0005C8-0005FF               38
        BANK50           003200-0032FF              100
        BANK51           003300-0033FF              100
        BANK52           003400-0034FF              100
        BANK53           003500-0035FF              100
        BANK54           003600-0036FF              100
        BANK6            0006F5-0006FF                B
        BANK7            0007FF-0007FF                1
        BANK9            0009FF-0009FF                1
        BIGRAM           00054D-00055F               13
                         0005C8-0005FF               38
                         0006F5-0006FF                B
                         0007FF-0007FF                1
                         0009FF-0009FF                1
                         000ABB-000AFF               45
                         000BFF-000BFF                1
                         000CFF-000CFF                1
                         00198B-0036FF             1D75
        BIGSFR           000000-0004FF              500
                         003700-003FFF              900
        CODE             000004-000007                4
                         000112-00F861             F750
                         014602-014603                2
                         014A2E-014A2F                2
                         014A6A-014A6B                2
                         014AA6-014AA7                2
                         014AE2-014AE3                2
                         014B1E-014B1F                2
                         0154DD-0154DD                1
                         015507-01FFFF             AAF9
        COMRAM           00054D-00055F               13
        CONFIG           300023-300023                1
        CONST            000004-000007                4
                         000112-00F861             F750
                         014602-014603                2
                         014A2E-014A2F                2
                         014A6A-014A6B                2
                         014AA6-014AA7                2
                         014AE2-014AE3                2
                         014B1E-014B1F                2
                         0154DD-0154DD                1
                         015507-01FFFF             AAF9
        EEDATA           380000-3803FF              400
        MEDIUMCONST      004000-00F861             B862
                         014602-014603                2
                         014A2E-014A2F                2
                         014A6A-014A6B                2
                         014AA6-014AA7                2
                         014AE2-014AE3                2
                         014B1E-014B1F                2
                         0154DD-0154DD                1
                         015507-01FFFF             AAF9
        RAM              0005C8-0005FF               38
                         0006F5-0006FF                B
                         0007FF-0007FF                1
                         0009FF-0009FF                1
                         000ABB-000AFF               45
                         000BFF-000BFF                1
                         000CFF-000CFF                1
                         00198B-0036FF              100
        SFR              000000-0004FF              100
                         003700-003FFF              100
        SMALLCONST       004000-00F861              100
                         014602-014603                2
                         014A2E-014A2F                2
                         014A6A-014A6B                2
                         014AA6-014AA7                2
                         014AE2-014AE3                2
                         014B1E-014B1F                2
                         0154DD-0154DD                1
                         015507-01FFFF              100

                                  Symbol Table

?_ADC_GetConversionResult                                 cstackBANK6  0006C5
?___aldiv                                                 cstackBANK6  0006C5
?___almod                                                 cstackBANK6  0006C5
?___awdiv                                                 cstackBANK6  0006C5
?___lldiv                                                 cstackBANK6  0006C5
?___llmod                                                 cstackBANK6  0006C5
?_abs                                                     cstackBANK6  0006CF
?_ctoa                                                    cstackBANK6  0006CE
?_dtoa                                                    cstackBANK6  0006DE
?_get_vterm_ptr                                           cstackBANK6  0006C5
?_pad                                                     cstackBANK6  0006D5
?_read_prec_or_width                                      cstackBANK6  0006C5
?_snprintf                                                cstackBANK10 000A85
?_stoa                                                    cstackBANK6  0006CE
?_strlen                                                  cstackBANK6  0006C5
?_utoa                                                    cstackBANK6  0006DE
?_vfpfcnvrt                                               cstackBANK7  0007F8
?_vfprintf                                                cstackBANK10 000A7F
?_xtoa                                                    cstackBANK6  0006DE
ADC_SelectContext@context                                 cstackBANK6  0006C5
ADC_SetADIInterruptHandler@InterruptHandler               cstackBANK6  0006C5
ADC_SetActiveClockTuningInterruptHandler@InterruptHandler cstackBANK6  0006C5
ADC_SetContext1ThresholdInterruptHandler@InterruptHandler cstackBANK6  0006C5
ADC_StartConversion@channel                               cstackBANK6  0006C5
DATAEE_ReadByte@bAdd                                      cstackBANK6  0006C5
DATAEE_WriteByte@GIEBitValue                              cstackBANK6  0006C8
DATAEE_WriteByte@bAdd                                     cstackBANK6  0006C5
DATAEE_WriteByte@bData                                    cstackBANK6  0006C7
DMA1_SetDMAPriority@priority                              cstackBANK6  0006C5
DMA1_SetDestinationSize@size                              cstackBANK6  0006C5
DMA1_SetORIInterruptHandler@InterruptHandler              cstackBANK6  0006C5
DMA1_SetSCNTIInterruptHandler@InterruptHandler            cstackBANK6  0006C5
DMA1_SetSourceSize@size                                   cstackBANK6  0006C5
DMA2_SetDCNTIInterruptHandler@InterruptHandler            cstackBANK6  0006C5
DMA2_SetDMAPriority@priority                              cstackBANK6  0006C5
DMA2_SetORIInterruptHandler@InterruptHandler              cstackBANK6  0006C5
DMA2_SetSCNTIInterruptHandler@InterruptHandler            cstackBANK6  0006C5
DMA3_SetDCNTIInterruptHandler@InterruptHandler            cstackBANK6  0006C5
DMA3_SetDMAPriority@priority                              cstackBANK6  0006C5
DMA3_SetORIInterruptHandler@InterruptHandler              cstackBANK6  0006C5
DMA3_SetSCNTIInterruptHandler@InterruptHandler            cstackBANK6  0006C5
INTERRUPT_Initialize@state                                cstackBANK6  0006C5
IOCBF6_SetInterruptHandler@InterruptHandler               cstackBANK6  0006C5
IVTBASEH                                                  (abs)        00045E
IVTBASEL                                                  (abs)        00045D
IVTBASEU                                                  (abs)        00045F
SPI2_SetInterruptHandler@handler                          cstackBANK6  0006C5
SPI2_SetRxInterruptHandler@handler                        cstackBANK6  0006C5
TMR0_SetInterruptHandler@InterruptHandler                 cstackBANK6  0006C5
TMR5_ISR@CountCallBack                                    bssBANK6     0006A7
TMR5_SetInterruptHandler@InterruptHandler                 cstackBANK6  0006C5
TMR5_WriteTimer@timerVal                                  cstackBANK6  0006C0
TMR6_DefaultInterruptHandler@i                            cstackBANK6  0006BC
TMR6_SetInterruptHandler@InterruptHandler                 cstackBANK6  0006C5
UART1_Read@readValue                                      cstackCOMRAM 00054B
UART1_SetErrorHandler@interruptHandler                    cstackBANK6  0006C5
UART1_SetFramingErrorHandler@interruptHandler             cstackBANK6  0006C5
UART1_SetOverrunErrorHandler@interruptHandler             cstackBANK6  0006C5
UART1_SetRxInterruptHandler@InterruptHandler              cstackBANK6  0006C5
UART1_SetTxInterruptHandler@InterruptHandler              cstackBANK6  0006C5
UART1_Write@txData                                        cstackCOMRAM 00054B
UART2_SetErrorHandler@interruptHandler                    cstackBANK6  0006C5
UART2_SetFramingErrorHandler@interruptHandler             cstackBANK6  0006C5
UART2_SetOverrunErrorHandler@interruptHandler             cstackBANK6  0006C5
UART2_SetRxInterruptHandler@InterruptHandler              cstackBANK6  0006C5
UART2_SetTxInterruptHandler@InterruptHandler              cstackBANK6  0006C5
_ADACCH                                                   (abs)        0003E4
_ADACCL                                                   (abs)        0003E3
_ADACCU                                                   (abs)        0003E5
_ADACQH                                                   (abs)        0003EF
_ADACQL                                                   (abs)        0003EE
_ADACT                                                    (abs)        0003F9
_ADCAP                                                    (abs)        0003F0
_ADCLK                                                    (abs)        0003FA
_ADCNT                                                    (abs)        0003E6
_ADCON0                                                   (abs)        0003F3
_ADCON0bits                                               (abs)        0003F3
_ADCON1                                                   (abs)        0003F4
_ADCON2                                                   (abs)        0003F5
_ADCON3                                                   (abs)        0003F6
_ADCP                                                     (abs)        0003D8
_ADCSEL1                                                  (abs)        0003FC
_ADCTX                                                    (abs)        0003FB
_ADC_ACTI_ISR                                             text171      014890
_ADC_ADCH1_ISR                                            text173      0148CC
_ADC_ADI_ISR                                              text169      014854
_ADC_ActiveClockTuning_ISR                                nvBANK7      0007EC
_ADC_Context1Thereshld_ISR                                nvBANK7      0007EF
_ADC_ConversionComplete_ISR                               nvBANK7      0007F2
_ADC_DefaultADI_ISR                                       text170      0154F6
_ADC_DefaultActiveClockTuning_ISR                         text172      0154F8
_ADC_DefaultContext1Threshold_ISR                         text174      0154FA
_ADC_DischargeSampleCapacitor                             text133      015480
_ADC_GetConversionResult                                  text132      0150B0
_ADC_Initialize                                           text121      013D96
_ADC_IsConversionDone                                     text13       015258
_ADC_SelectContext                                        text33       01544E
_ADC_SetADIInterruptHandler                               text124      015418
_ADC_SetActiveClockTuningInterruptHandler                 text123      01540A
_ADC_SetContext1ThresholdInterruptHandler                 text122      0153FC
_ADC_StartConversion                                      text131      015248
_ADLTHH                                                   (abs)        0003DA
_ADLTHL                                                   (abs)        0003D9
_ADPCH                                                    (abs)        0003EC
_ADPREH                                                   (abs)        0003F2
_ADPREL                                                   (abs)        0003F1
_ADREF                                                    (abs)        0003F8
_ADRESH                                                   (abs)        0003EB
_ADRESL                                                   (abs)        0003EA
_ADRPT                                                    (abs)        0003E7
_ADSTAT                                                   (abs)        0003F7
_ADSTPTH                                                  (abs)        0003E0
_ADSTPTL                                                  (abs)        0003DF
_ADUTHH                                                   (abs)        0003DC
_ADUTHL                                                   (abs)        0003DB
_ANSELA                                                   (abs)        000400
_ANSELB                                                   (abs)        000408
_ANSELC                                                   (abs)        000410
_ANSELD                                                   (abs)        000418
_ANSELE                                                   (abs)        000420
_B                                                        dataBANK7    0007DC
_BMC_TEXT                                                 dataBANK7    0007D0
_D                                                        bssBIGRAM    000DFF
_DAC1CON                                                  (abs)        00007F
_DAC1DATL                                                 (abs)        00007D
_DAC1_Initialize                                          text120      01546C
_DATAEE_ReadByte                                          text130      0151DE
_DATAEE_WriteByte                                         text129      014578
_DMA1PR                                                   (abs)        0000B6
_DMA1_DMAORI_ISR                                          text167      014604
_DMA1_DMASCNTI_ISR                                        text163      014818
_DMA1_DefaultInterruptHandler                             text165      0154F4
_DMA1_Initialize                                          text117      014018
_DMA1_ORI_InterruptHandler                                bssBANK6     000672
_DMA1_SCNTI_InterruptHandler                              bssBANK6     000675
_DMA1_SetDMAPriority                                      text41       015092
_DMA1_SetDestinationSize                                  text49       015290
_DMA1_SetORIInterruptHandler                              text119      0153EE
_DMA1_SetSCNTIInterruptHandler                            text118      0153E0
_DMA1_SetSourceSize                                       text48       015282
_DMA1_StartTransferWithTrigger                            text47       0154A2
_DMA1_StopTransfer                                        text40       015462
_DMA2PR                                                   (abs)        0000B7
_DMA2_DCNTI_InterruptHandler                              bssBANK6     000666
_DMA2_DMADCNTI_ISR                                        text195      01468C
_DMA2_DMAORI_ISR                                          text196      0146D0
_DMA2_DMASCNTI_ISR                                        text189      014908
_DMA2_DefaultInterruptHandler                             text193      015504
_DMA2_Initialize                                          text113      013F9E
_DMA2_ORI_InterruptHandler                                bssBANK6     000663
_DMA2_SCNTI_InterruptHandler                              bssBANK6     000669
_DMA2_SetDCNTIInterruptHandler                            text116      0153D2
_DMA2_SetDMAPriority                                      text39       015074
_DMA2_SetORIInterruptHandler                              text115      0153C4
_DMA2_SetSCNTIInterruptHandler                            text114      0153B6
_DMA2_StopTransfer                                        text38       015458
_DMA3PR                                                   (abs)        0000B8
_DMA3_DCNTI_InterruptHandler                              bssBANK6     00065D
_DMA3_DMADCNTI_ISR                                        text198      014714
_DMA3_DMAORI_ISR                                          text199      014758
_DMA3_DMASCNTI_ISR                                        text197      014944
_DMA3_DefaultInterruptHandler                             text191      015502
_DMA3_Initialize                                          text109      013F24
_DMA3_ORI_InterruptHandler                                bssBANK6     00065A
_DMA3_SCNTI_InterruptHandler                              bssBANK6     000660
_DMA3_SetDCNTIInterruptHandler                            text112      0153A8
_DMA3_SetDMAPriority                                      text37       015056
_DMA3_SetORIInterruptHandler                              text111      01539A
_DMA3_SetSCNTIInterruptHandler                            text110      01538C
_DMASELECT                                                (abs)        0000E8
_DMAnAIRQ                                                 (abs)        0000FE
_DMAnCON0                                                 (abs)        0000FC
_DMAnCON0bits                                             (abs)        0000FC
_DMAnCON1                                                 (abs)        0000FD
_DMAnCON1bits                                             (abs)        0000FD
_DMAnDSA                                                  (abs)        0000F0
_DMAnDSZ                                                  (abs)        0000EE
_DMAnSIRQ                                                 (abs)        0000FF
_DMAnSSA                                                  (abs)        0000F9
_DMAnSSZ                                                  (abs)        0000F7
_Default_ISR                                              text146      0154C0
_GIE                                                      (abs)        0026B7
_INLVLA                                                   (abs)        000404
_INLVLB                                                   (abs)        00040C
_INLVLC                                                   (abs)        000414
_INLVLD                                                   (abs)        00041C
_INLVLE                                                   (abs)        000424
_INTCON0bits                                              (abs)        0004D6
_INTERRUPT_Initialize                                     text108      0142E8
_IOCBF6_DefaultInterruptHandler                           text136      0154E8
_IOCBF6_ISR                                               text135      014E48
_IOCBF6_InterruptHandler                                  nvBANK7      0007F5
_IOCBF6_SetInterruptHandler                               text106      01537E
_IOCBFbits                                                (abs)        00040F
_IOCBNbits                                                (abs)        00040E
_IOCBPbits                                                (abs)        00040D
_IPR0bits                                                 (abs)        000362
_IPR10bits                                                (abs)        00036C
_IPR15bits                                                (abs)        000371
_IPR2bits                                                 (abs)        000364
_IPR3bits                                                 (abs)        000365
_IPR4bits                                                 (abs)        000366
_IPR5bits                                                 (abs)        000367
_IPR6bits                                                 (abs)        000368
_IPR8bits                                                 (abs)        00036A
_ISRPR                                                    (abs)        0000BF
_IVTBASEH                                                 (abs)        00045E
_IVTBASEL                                                 (abs)        00045D
_IVTBASEU                                                 (abs)        00045F
_IVTLOCK                                                  (abs)        000459
_IVTLOCKbits                                              (abs)        000459
_LATA                                                     (abs)        0004BE
_LATB                                                     (abs)        0004BF
_LATBbits                                                 (abs)        0004BF
_LATC                                                     (abs)        0004C0
_LATD                                                     (abs)        0004C1
_LATDbits                                                 (abs)        0004C1
_LATE                                                     (abs)        0004C2
_LATEbits                                                 (abs)        0004C2
_MAINPR                                                   (abs)        0000BE
_MEMORY_ISR                                               text168      015488
_NVMADRH                                                  (abs)        000044
_NVMADRL                                                  (abs)        000043
_NVMADRU                                                  (abs)        000045
_NVMCON0bits                                              (abs)        000040
_NVMCON1bits                                              (abs)        000041
_NVMDATL                                                  (abs)        000046
_NVMLOCK                                                  (abs)        000042
_ODCONA                                                   (abs)        000402
_ODCONB                                                   (abs)        00040A
_ODCONC                                                   (abs)        000412
_ODCOND                                                   (abs)        00041A
_ODCONE                                                   (abs)        000422
_OSCCON1                                                  (abs)        0000AD
_OSCCON3                                                  (abs)        0000AF
_OSCEN                                                    (abs)        0000B3
_OSCFRQ                                                   (abs)        0000B1
_OSCILLATOR_Initialize                                    text107      0151C6
_OSCTUNE                                                  (abs)        0000B0
_PIE0bits                                                 (abs)        00049E
_PIE10bits                                                (abs)        0004A8
_PIE15bits                                                (abs)        0004AD
_PIE1bits                                                 (abs)        00049F
_PIE2bits                                                 (abs)        0004A0
_PIE3bits                                                 (abs)        0004A1
_PIE4bits                                                 (abs)        0004A2
_PIE5bits                                                 (abs)        0004A3
_PIE6bits                                                 (abs)        0004A4
_PIE8bits                                                 (abs)        0004A6
_PIN_MANAGER_IOC                                          text134      0136E8
_PIN_MANAGER_Initialize                                   text105      013430
_PIR10bits                                                (abs)        0004B8
_PIR15bits                                                (abs)        0004BD
_PIR1bits                                                 (abs)        0004AF
_PIR2bits                                                 (abs)        0004B0
_PIR3bits                                                 (abs)        0004B1
_PIR6bits                                                 (abs)        0004B4
_PIR8bits                                                 (abs)        0004B6
_PLLR                                                     (abs)        000590
_PMD0                                                     (abs)        000060
_PMD1                                                     (abs)        000061
_PMD2                                                     (abs)        000062
_PMD3                                                     (abs)        000063
_PMD4                                                     (abs)        000064
_PMD5                                                     (abs)        000065
_PMD6                                                     (abs)        000066
_PMD7                                                     (abs)        000067
_PMD8                                                     (abs)        000068
_PMD_Initialize                                           text104      0151F6
_PRLOCK                                                   (abs)        0000B4
_PRLOCKbits                                               (abs)        0000B4
_RB4PPS                                                   (abs)        00020D
_RC1PPS                                                   (abs)        000212
_RC3PPS                                                   (abs)        000214
_RC5PPS                                                   (abs)        000216
_RD6PPS                                                   (abs)        00021F
_SLRCONA                                                  (abs)        000403
_SLRCONB                                                  (abs)        00040B
_SLRCONC                                                  (abs)        000413
_SLRCOND                                                  (abs)        00041B
_SLRCONE                                                  (abs)        000423
_SPI1BAUD                                                 (abs)        000089
_SPI1CLK                                                  (abs)        00008C
_SPI1CON0                                                 (abs)        000084
_SPI1CON0bits                                             (abs)        000084
_SPI1CON1                                                 (abs)        000085
_SPI1CON1bits                                             (abs)        000085
_SPI1CON2                                                 (abs)        000086
_SPI1INTFbits                                             (abs)        00008A
_SPI1RXB                                                  (abs)        000080
_SPI1SCKPPS                                               (abs)        00026A
_SPI1SDIPPS                                               (abs)        00026B
_SPI1STATUSbits                                           (abs)        000087
_SPI1TCNTL                                                (abs)        000082
_SPI1TXB                                                  (abs)        000081
_SPI1_ExchangeByte                                        text29       015196
_SPI1_Initialize                                          text103      01517C
_SPI2BAUD                                                 (abs)        000096
_SPI2CLK                                                  (abs)        000099
_SPI2CON0                                                 (abs)        000091
_SPI2CON0bits                                             (abs)        000091
_SPI2CON1                                                 (abs)        000092
_SPI2CON2                                                 (abs)        000093
_SPI2CON2bits                                             (abs)        000093
_SPI2INTF                                                 (abs)        000097
_SPI2INTFbits                                             (abs)        000097
_SPI2RXB                                                  (abs)        00008D
_SPI2SCKPPS                                               (abs)        00026D
_SPI2SDIPPS                                               (abs)        00026E
_SPI2SSPPS                                                (abs)        00026F
_SPI2STATUSbits                                           (abs)        000094
_SPI2TXB                                                  (abs)        00008E
_SPI2_DefaultHandler                                      text176      0154FC
_SPI2_DefaultRxHandler                                    text179      0154FE
_SPI2_Initialize                                          text100      014BCA
_SPI2_InterruptHandler                                    bssBANK6     000690
_SPI2_Isr                                                 text175      014AE4
_SPI2_RxInterruptHandler                                  bssBANK6     00068D
_SPI2_RxIsr                                               text178      014B20
_SPI2_SetInterruptHandler                                 text102      015370
_SPI2_SetRxInterruptHandler                               text101      015362
_SPI_EADOG                                                text127      014F68
_SPI_MC33996                                              text126      014D3C
_SPI_TIC12400                                             text125      014D0C
[...]
stoa@p                                                    cstackBANK6  0006D4
stoa@s                                                    cstackBANK6  0006D0
stoa@w                                                    cstackBANK6  0006D6
strlen@a                                                  cstackBANK6  0006C7
strlen@s                                                  cstackBANK6  0006C5
ttemp0                                                    temp         000501
ttemp1                                                    temp         000504
ttemp2                                                    temp         000507
ttemp3                                                    temp         00050A
ttemp5                                                    temp         000502
ttemp6                                                    temp         000505
ttemp7                                                    temp         000509
update_lcd@vterm                                          cstackBANK6  0006D6
utoa@d                                                    cstackBANK6  0006E0
utoa@fp                                                   cstackBANK6  0006DE
utoa@i                                                    cstackBANK6  0006E8
utoa@p                                                    cstackBANK6  0006E6
utoa@w                                                    cstackBANK6  0006E4
vfpfcnvrt@ap                                              cstackBANK7  0007FC
vfpfcnvrt@c                                               cstackBANK10 000A7C
vfpfcnvrt@convarg                                         cstackBANK10 000A78
vfpfcnvrt@cp                                              cstackBANK10 000A7D
vfpfcnvrt@done                                            cstackBANK10 000A77
vfpfcnvrt@fmt                                             cstackBANK7  0007FA
vfpfcnvrt@fp                                              cstackBANK7  0007F8
vfprintf@ap                                               cstackBANK10 000A83
vfprintf@cfmt                                             cstackBANK6  0006ED
vfprintf@fmt                                              cstackBANK10 000A81
vfprintf@fp                                               cstackBANK10 000A7F
wdtdelay@dcount                                           cstackBANK6  0006C9
wdtdelay@delay                                            cstackBANK6  0006C5
wtemp0                                                    temp         000501
wtemp1                                                    temp         000503
wtemp2                                                    temp         000505
wtemp3                                                    temp         000507
wtemp4                                                    temp         000509
wtemp5                                                    temp         00050B
wtemp8                                                    temp         000502
xtoa@a                                                    cstackBANK10 000A69
xtoa@c                                                    cstackBANK10 000A70
xtoa@d                                                    cstackBANK6  0006E0
xtoa@fp                                                   cstackBANK6  0006DE
xtoa@i                                                    cstackBANK10 000A71
xtoa@p                                                    cstackBANK10 000A6E
xtoa@w                                                    cstackBANK10 000A6A
xtoa@x                                                    cstackBANK6  0006E4


MODULE INFORMATION

Module		Function		Class		Link	Load	Size
rs232.c
		_line_status   		CODE           	14348	0000	94
		_update_rs232_line_status		CODE           	123D6	0000	366

rs232.c estimated size: 460

mcc_generated_files/uart2.c
		_UART2_DefaultErrorHandler		CODE           	154CC	0000	6
		_UART2_RxDataHandler		CODE           	1510A	0000	30
		_UART2_DefaultOverrunErrorHandler		CODE           	154F0	0000	2
		_UART2_rx_vect_isr		CODE           	14AA8	0000	58
		_UART2_SetFramingErrorHandler		CODE           	152C8	0000	14
		_UART2_SetOverrunErrorHandler		CODE           	152BA	0000	14
		_UART2_tx_vect_isr		CODE           	14A6C	0000	58
		_UART2_Receive_ISR		CODE           	13A10	0000	160
		_UART2_SetRxInterruptHandler		CODE           	152AC	0000	14
		_UART2_SetTxInterruptHandler		CODE           	1529E	0000	14
		_UART2_Initialize115200		CODE           	13BDC	0000	148
		_UART2_Initialize		CODE           	13AB0	0000	150
		_UART2_SetErrorHandler		CODE           	152D6	0000	14
		_UART2_Transmit_ISR		CODE           	14D6C	0000	46
		_UART2_DefaultFramingErrorHandler		CODE           	154F2	0000	2

mcc_generated_files/uart2.c estimated size: 730

/opt/microchip/xc8/v3.00/pic/sources/c99/common/awdiv.c
		___awdiv       		CODE           	13E20	0000	130

/opt/microchip/xc8/v3.00/pic/sources/c99/common/awdiv.c estimated size: 130

timers.c
		_WaitMs        		CODE           	14CDA	0000	50
		_StartTimer    		CODE           	14B92	0000	56
		_TimerDone     		CODE           	14EF0	0000	40

timers.c estimated size: 146

/opt/microchip/xc8/v3.00/pic/sources/c99/common/nf_fputs.c
		_fputs         		CODE           	14980	0000	58

/opt/microchip/xc8/v3.00/pic/sources/c99/common/nf_fputs.c estimated size: 58

mcc_generated_files/tmr6.c
		_TMR6_CallBack 		CODE           	14FB0	0000	36
		_TMR6_StartTimer		CODE           	154A8	0000	6
		_TMR6_ISR      		CODE           	14F8C	0000	36
		_TMR6_Initialize		CODE           	14DC6	0000	44
		_TMR6_Start    		CODE           	154DE	0000	4
		_TMR6_SetInterruptHandler		CODE           	1532A	0000	14
		_TMR6_DefaultInterruptHandler		CODE           	149BA	0000	58

mcc_generated_files/tmr6.c estimated size: 198

/opt/microchip/xc8/v3.00/pic/sources/c99/common/aldiv.c
		___aldiv       		CODE           	131F2	0000	202

/opt/microchip/xc8/v3.00/pic/sources/c99/common/aldiv.c estimated size: 202

/opt/microchip/xc8/v3.00/pic/sources/c99/common/rand.c
		_srand         		CODE           	15128	0000	28

/opt/microchip/xc8/v3.00/pic/sources/c99/common/rand.c estimated size: 28

mcc_generated_files/tmr2.c
		_TMR2_Initialize		CODE           	151AE	0000	24
		_TMR2_Start    		CODE           	154BA	0000	6
		_TMR2_StartTimer		CODE           	154B4	0000	6

mcc_generated_files/tmr2.c estimated size: 36

mcc_generated_files/interrupt_manager.c
		_INTERRUPT_Initialize		CODE           	142E8	0000	96
		_Default_ISR   		CODE           	154C0	0000	6

mcc_generated_files/interrupt_manager.c estimated size: 102

mcc_generated_files/tmr0.c
		_TMR0_SetInterruptHandler		CODE           	15346	0000	14
		_TMR0_Reload   		CODE           	15476	0000	10
		_TMR0_DefaultInterruptHandler		CODE           	15500	0000	2
		_TMR0_StartTimer		CODE           	15490	0000	6
		_TMR0_ISR      		CODE           	14648	0000	68
		_TMR0_Initialize		CODE           	1479C	0000	64

mcc_generated_files/tmr0.c estimated size: 164

/opt/microchip/xc8/v3.00/pic/sources/c99/common/strlen.c
		_strlen        		CODE           	144EA	0000	72

/opt/microchip/xc8/v3.00/pic/sources/c99/common/strlen.c estimated size: 72

eadog.c
		_clear_lcd_done		CODE           	154D2	0000	6
		_spi_or_byte   		CODE           	14E9C	0000	42
		_init_display  		CODE           	12544	0000	352
		_eaDogM_WriteCommand		CODE           	15274	0000	14
		_wdtdelay      		CODE           	14C3A	0000	54
		_send_spi1_mc33996_dma		CODE           	13640	0000	168
		_send_lcd_cmd_dma		CODE           	15220	0000	20
		_send_lcd_pos_dma		CODE           	141C4	0000	98
		_spi_des_byte  		CODE           	14DF2	0000	44
		_send_lcd_data_dma		CODE           	145BE	0000	68
		_spi_src_byte  		CODE           	14EC6	0000	42
		_wait_lcd_set  		CODE           	15496	0000	6
		_eaDogM_WriteStringAtPos		CODE           	140F6	0000	104
		_wait_lcd_done 		CODE           	132BC	0000	188
		_start_lcd     		CODE           	1549C	0000	6
		_send_spi1_tic12400_dma		CODE           	12F4A	0000	238
		_eaDogM_WriteString		CODE           	1408C	0000	106
		_spi_lcd_byte  		CODE           	15160	0000	28

eadog.c estimated size: 1584

mcc_generated_files/pin_manager.c
		_IOCBF6_DefaultInterruptHandler		CODE           	154E8	0000	2
		_PIN_MANAGER_Initialize		CODE           	13430	0000	184
		_IOCBF6_ISR    		CODE           	14E48	0000	42
		_IOCBF6_SetInterruptHandler		CODE           	1537E	0000	14
		_PIN_MANAGER_IOC		CODE           	136E8	0000	166

mcc_generated_files/pin_manager.c estimated size: 408

/opt/microchip/xc8/v3.00/pic/sources/c99/common/memset.c
		_memset        		CODE           	14D9A	0000	44

/opt/microchip/xc8/v3.00/pic/sources/c99/common/memset.c estimated size: 44

mcc_generated_files/spi1.c
		_SPI1_Initialize		CODE           	1517C	0000	26
		_SPI1_ExchangeByte		CODE           	15196	0000	24

mcc_generated_files/spi1.c estimated size: 50

mcc_generated_files/dma3.c
		_DMA3_SetDMAPriority		CODE           	15056	0000	30
		_DMA3_DMADCNTI_ISR		CODE           	14714	0000	68
		_DMA3_DMASCNTI_ISR		CODE           	14944	0000	60
		_DMA3_SetORIInterruptHandler		CODE           	1539A	0000	14
		_DMA3_Initialize		CODE           	13F24	0000	122
		_DMA3_SetDCNTIInterruptHandler		CODE           	153A8	0000	14
		_DMA3_SetSCNTIInterruptHandler		CODE           	1538C	0000	14
		_DMA3_DMAORI_ISR		CODE           	14758	0000	68
		_DMA3_DefaultInterruptHandler		CODE           	15502	0000	2

mcc_generated_files/dma3.c estimated size: 392

mcc_generated_files/adc.c
		_ADC_ADCH1_ISR 		CODE           	148CC	0000	60
		_ADC_SelectContext		CODE           	1544E	0000	10
		_ADC_ADI_ISR   		CODE           	14854	0000	60
		_ADC_Initialize		CODE           	13D96	0000	138
		_ADC_IsConversionDone		CODE           	15258	0000	14
		_ADC_DefaultActiveClockTuning_ISR		CODE           	154F8	0000	2
		_ADC_ACTI_ISR  		CODE           	14890	0000	60
		_ADC_DefaultADI_ISR		CODE           	154F6	0000	2
		_ADC_SetActiveClockTuningInterruptHandler		CODE           	1540A	0000	14
		_ADC_GetConversionResult		CODE           	150B0	0000	30
		_ADC_SetADIInterruptHandler		CODE           	15418	0000	14
		_ADC_DefaultContext1Threshold_ISR		CODE           	154FA	0000	2
		_ADC_StartConversion		CODE           	15248	0000	16
		_ADC_SetContext1ThresholdInterruptHandler		CODE           	153FC	0000	14
		_ADC_DischargeSampleCapacitor		CODE           	15480	0000	8

mcc_generated_files/adc.c estimated size: 444

bmcdio.c
		_SPI_MC33996   		CODE           	14D3C	0000	48
		_SPI_TIC12400  		CODE           	14D0C	0000	48
		_SPI_EADOG     		CODE           	14F68	0000	36

bmcdio.c estimated size: 132

/opt/microchip/xc8/v3.00/pic/sources/c99/common/doprnt.c
		_read_prec_or_width		CODE           	13378	0000	184
		_vfpfcnvrt     		CODE           	10FB2	0000	1302
		_pad           		CODE           	13D04	0000	146
		_ctoa          		CODE           	134E8	0000	174
		_dtoa          		CODE           	12804	0000	350
		_vfprintf      		CODE           	14226	0000	98
		_stoa          		CODE           	12962	0000	348
		_utoa          		CODE           	12E4E	0000	252
		_xtoa          		CODE           	12C14	0000	292

/opt/microchip/xc8/v3.00/pic/sources/c99/common/doprnt.c estimated size: 3146

mcc_generated_files/dma1.c
		_DMA1_Initialize		CODE           	14018	0000	116
		_DMA1_StartTransferWithTrigger		CODE           	154A2	0000	6
		_DMA1_SetSCNTIInterruptHandler		CODE           	153E0	0000	14
		_DMA1_SetSourceSize		CODE           	15282	0000	14
		_DMA1_StopTransfer		CODE           	15462	0000	10
		_DMA1_DMAORI_ISR		CODE           	14604	0000	68
		_DMA1_DefaultInterruptHandler		CODE           	154F4	0000	2
		_DMA1_SetDMAPriority		CODE           	15092	0000	30
		_DMA1_SetDestinationSize		CODE           	15290	0000	14
		_DMA1_DMASCNTI_ISR		CODE           	14818	0000	60
		_DMA1_SetORIInterruptHandler		CODE           	153EE	0000	14

mcc_generated_files/dma1.c estimated size: 348

/opt/microchip/xc8/v3.00/pic/sources/c99/common/nf_fputc.c
		_fputc         		CODE           	138D0	0000	160

/opt/microchip/xc8/v3.00/pic/sources/c99/common/nf_fputc.c estimated size: 160

slaveo.c
		_slaveo_rx_isr 		CODE           	11CFC	0000	902
		_slaveo_spi_isr		CODE           	15234	0000	20
		_init_slaveo   		CODE           	143A6	0000	90
		_slaveo_time_isr		CODE           	15442	0000	12

slaveo.c estimated size: 1024

mcc_generated_files/uart1.c
		_UART1_rx_vect_isr		CODE           	14A30	0000	58
		_UART1_Write   		CODE           	14CA6	0000	52
		_UART1_SetFramingErrorHandler		CODE           	1530E	0000	14
		_UART1_SetOverrunErrorHandler		CODE           	15300	0000	14
		_UART1_tx_vect_isr		CODE           	149F4	0000	58
		_UART1_Receive_ISR		CODE           	13970	0000	160
		_UART1_SetRxInterruptHandler		CODE           	152F2	0000	14
		_UART1_SetTxInterruptHandler		CODE           	152E4	0000	14
		_UART1_Initialize115200		CODE           	13C70	0000	148
		_UART1_Initialize		CODE           	13B46	0000	150
		_UART1_SetErrorHandler		CODE           	1531C	0000	14
		_UART1_Transmit_ISR		CODE           	14E72	0000	42
		_UART1_Read    		CODE           	14C02	0000	56
		_UART1_DefaultFramingErrorHandler		CODE           	154EE	0000	2
		_UART1_is_rx_ready		CODE           	15434	0000	14
		_UART1_is_tx_ready		CODE           	15426	0000	14
		_UART1_DefaultErrorHandler		CODE           	154C6	0000	6
		_UART1_RxDataHandler		CODE           	15144	0000	28
		_UART1_DefaultOverrunErrorHandler		CODE           	154EC	0000	2

mcc_generated_files/uart1.c estimated size: 860

mc33996.c
		_mc33996_init  		CODE           	14288	0000	96
		_mc33996_update		CODE           	14F18	0000	40

mc33996.c estimated size: 136

mcc_generated_files/tmr5.c
		_TMR5_ISR      		CODE           	14454	0000	76
		_TMR5_Initialize		CODE           	14532	0000	70
		_TMR5_SetInterruptHandler		CODE           	15338	0000	14
		_TMR5_DefaultInterruptHandler		CODE           	154EA	0000	2
		_TMR5_CallBack 		CODE           	14FF6	0000	34
		_TMR5_WriteTimer		CODE           	150EC	0000	30
		_TMR5_StartTimer		CODE           	154AE	0000	6

mcc_generated_files/tmr5.c estimated size: 232

shared
		_mc_pwm        		MEDIUMCONST    	FAA1	0000	3
		_ticreset1a    		MEDIUMCONST    	FA5C	0000	4
		_setup1b       		MEDIUMCONST    	FA88	0000	4
		_setup23       		MEDIUMCONST    	FA78	0000	4
		_mc_olce       		MEDIUMCONST    	FA98	0000	3
		_ticread05     		MEDIUMCONST    	FA68	0000	4
		_mc_sfpd       		MEDIUMCONST    	FA9B	0000	3
		_msg0          		MEDIUMCONST    	F8C1	0000	47
		_line_zero_limit		MEDIUMCONST    	0000	0000	0
		_pos_scale     		MEDIUMCONST    	0000	0000	0
		_msg1          		MEDIUMCONST    	F892	0000	47
		_setup1a       		MEDIUMCONST    	FA84	0000	4
		_setup22       		MEDIUMCONST    	FA7C	0000	4
		_mc_gsrc       		MEDIUMCONST    	FA9E	0000	3
		_msg2          		MEDIUMCONST    	F863	0000	47
		_setup1d       		MEDIUMCONST    	FA6C	0000	4
		_setup25       		MEDIUMCONST    	FA70	0000	4
		__initialization		CODE           	12ABE	0000	336
		_adc_scale_zero		MEDIUMCONST    	FAA4	0000	2
		_msg_free      		MEDIUMCONST    	F91E	0000	43
		_neg_scale     		MEDIUMCONST    	0000	0000	0
		_msg_freecmds  		MEDIUMCONST    	F992	0000	32
		_ticdevid01    		MEDIUMCONST    	FA64	0000	4
		_mc_reset      		MEDIUMCONST    	F9DB	0000	3
		_spin          		MEDIUMCONST    	F9E4	0000	120
		_setup21       		MEDIUMCONST    	FA90	0000	4
		_setup32       		MEDIUMCONST    	FA94	0000	4
		_setup1c       		MEDIUMCONST    	FA8C	0000	4
		_setup24       		MEDIUMCONST    	FA74	0000	4
		_msg_gemhelp   		MEDIUMCONST    	F949	0000	40
		_msg_gemcmds   		MEDIUMCONST    	F971	0000	33
		_msg99         		MEDIUMCONST    	F8F0	0000	46
		_ticstat02     		MEDIUMCONST    	FA60	0000	4
		_msg_gemremote 		MEDIUMCONST    	F9B2	0000	26
		_spi1_configuration		MEDIUMCONST    	0000	0000	0
		_spi1_configuration@eadog$F4962		MEDIUMCONST    	0000	0000	0
		_setup1a_trigger		MEDIUMCONST    	FA80	0000	4
		_spi2_configuration		MEDIUMCONST    	0000	0000	0

shared estimated size: 894

mcc_generated_files/mcc.c
		_SystemArbiter_Initialize		CODE           	15354	0000	14
		_PMD_Initialize		CODE           	151F6	0000	22
		_OSCILLATOR_Initialize		CODE           	151C6	0000	24
		_SYSTEM_Initialize		CODE           	144A0	0000	74

mcc_generated_files/mcc.c estimated size: 134

tic12400.c
		_tic12400_parity		CODE           	12D38	0000	278
		_tic_int_handler		CODE           	150CE	0000	30
		_tic12400_wr   		CODE           	12240	0000	406
		_tic12400_init 		CODE           	114C8	0000	1194
		_tic12400_read_sw		CODE           	1378E	0000	162
		_tic12400_reset		CODE           	147DC	0000	60

tic12400.c estimated size: 2130

/opt/microchip/xc8/v3.00/pic/sources/c99/common/putch.c
		_putch         		CODE           	154E6	0000	2

/opt/microchip/xc8/v3.00/pic/sources/c99/common/putch.c estimated size: 2

/opt/microchip/xc8/v3.00/pic/sources/c99/common/memcpy.c
		_memcpy        		CODE           	13038	0000	238

/opt/microchip/xc8/v3.00/pic/sources/c99/common/memcpy.c estimated size: 238

mconfig.c
		_refresh_lcd   		CODE           	15266	0000	14
		_mconfig_init  		CODE           	15018	0000	32
		_set_display_info		CODE           	14FD4	0000	34
		_set_vterm     		CODE           	15038	0000	30
		_get_vterm_ptr 		CODE           	14400	0000	84
		_update_lcd    		CODE           	12082	0000	446
		_logging_cmds  		CODE           	154E4	0000	2
		_check_help    		CODE           	126A4	0000	352

mconfig.c estimated size: 994

/opt/microchip/xc8/v3.00/pic/sources/c99/common/llmod.c
		___llmod       		CODE           	1415E	0000	102

/opt/microchip/xc8/v3.00/pic/sources/c99/common/llmod.c estimated size: 102

/opt/microchip/xc8/v3.00/pic/sources/c99/common/almod.c
		___almod       		CODE           	13596	0000	170

/opt/microchip/xc8/v3.00/pic/sources/c99/common/almod.c estimated size: 170

mcc_generated_files/memory.c
		_DATAEE_WriteByte		CODE           	14578	0000	70
		_MEMORY_ISR    		CODE           	15488	0000	8
		_DATAEE_ReadByte		CODE           	151DE	0000	24

mcc_generated_files/memory.c estimated size: 102

mcc_generated_files/dac1.c
		_DAC1_Initialize		CODE           	1546C	0000	10

mcc_generated_files/dac1.c estimated size: 10

/opt/microchip/xc8/v3.00/pic/sources/c99/common/__lldiv.c
		___lldiv       		CODE           	13EA2	0000	130

/opt/microchip/xc8/v3.00/pic/sources/c99/common/__lldiv.c estimated size: 130

mcc_generated_files/spi2.c
		_SPI2_RxIsr    		CODE           	14B20	0000	58
		_SPI2_DefaultRxHandler		CODE           	154FE	0000	2
		_SPI2_DefaultHandler		CODE           	154FC	0000	2
		_SPI2_Isr      		CODE           	14AE4	0000	58
		_SPI2_Initialize		CODE           	14BCA	0000	56
		_SPI2_SetRxInterruptHandler		CODE           	15362	0000	14
		_SPI2_SetInterruptHandler		CODE           	15370	0000	14

mcc_generated_files/spi2.c estimated size: 204

/opt/microchip/xc8/v3.00/pic/sources/c99/common/nf_snprintf.c
		_snprintf      		CODE           	13126	0000	204

/opt/microchip/xc8/v3.00/pic/sources/c99/common/nf_snprintf.c estimated size: 204

main.c
		_main          		CODE           	10000	0000	4018
		_SetBMCPriority		CODE           	14E1E	0000	42
		_test_slave    		CODE           	1520C	0000	20
		_onesec_io     		CODE           	14C70	0000	54
		_spinners      		CODE           	13830	0000	160

main.c estimated size: 4294

/opt/microchip/xc8/v3.00/pic/sources/c99/common/abs.c
		_abs           		CODE           	14F40	0000	40

/opt/microchip/xc8/v3.00/pic/sources/c99/common/abs.c estimated size: 40

mcc_generated_files/dma2.c
		_DMA2_DMADCNTI_ISR		CODE           	1468C	0000	68
		_DMA2_DMASCNTI_ISR		CODE           	14908	0000	60
		_DMA2_SetORIInterruptHandler		CODE           	153C4	0000	14
		_DMA2_Initialize		CODE           	13F9E	0000	122
		_DMA2_SetDCNTIInterruptHandler		CODE           	153D2	0000	14
		_DMA2_SetSCNTIInterruptHandler		CODE           	153B6	0000	14
		_DMA2_StopTransfer		CODE           	15458	0000	10
		_DMA2_DMAORI_ISR		CODE           	146D0	0000	68
		_DMA2_DefaultInterruptHandler		CODE           	15504	0000	2
		_DMA2_SetDMAPriority		CODE           	15074	0000	30

mcc_generated_files/dma2.c estimated size: 402

